--------- beginning of system
02-02 15:30:54.495 15994 20077 D ActivityThread: Too many transaction errors, throttling freezer binder callback.
02-02 15:30:54.496 15994 20077 D ActivityThread: Too many transaction errors, throttling freezer binder callback.
02-02 15:30:54.503 15994 20077 D ActivityThread: Too many transaction errors, throttling freezer binder callback.
02-02 15:30:54.504 15994 20077 D ActivityThread: Too many transaction errors, throttling freezer binder callback.
02-02 15:30:54.504 15994 20077 D ActivityThread: Too many transaction errors, throttling freezer binder callback.
02-02 15:30:54.504 15994 20077 D ActivityThread: Too many transaction errors, throttling freezer binder callback.
02-02 15:30:54.504 15994 20077 D ActivityThread: Too many transaction errors, throttling freezer binder callback.
02-02 15:30:54.504 15994 20077 D ActivityThread: Too many transaction errors, throttling freezer binder callback.
02-02 15:30:54.504 15994 20077 D ActivityThread: Too many transaction errors, throttling freezer binder callback.
02-02 15:30:54.504 15994 20077 D ActivityThread: Too many transaction errors, throttling freezer binder callback.
02-02 15:30:54.504 15994 20077 D ActivityThread: Too many transaction errors, throttling freezer binder callback.
02-02 15:30:54.504 15994 20077 D ActivityThread: Too many transaction errors, throttling freezer binder callback.
02-02 15:30:54.505 15994 20077 D ActivityThread: Too many transaction errors, throttling freezer binder callback.
02-02 15:30:54.505 15994 20077 D ActivityThread: Too many transaction errors, throttling freezer binder callback.
02-02 15:30:54.505 15994 20077 D ActivityThread: Too many transaction errors, throttling freezer binder callback.
02-02 15:30:54.505 15994 20077 D ActivityThread: Too many transaction errors, throttling freezer binder callback.
02-02 15:30:54.505 15994 20077 D ActivityThread: Too many transaction errors, throttling freezer binder callback.
02-02 15:30:54.505 15994 20077 D ActivityThread: Too many transaction errors, throttling freezer binder callback.
02-02 15:30:54.505 15994 20077 D ActivityThread: Too many transaction errors, throttling freezer binder callback.
02-02 15:30:54.696  2911  7494 D CompatChangeReporter: Compat change id reported: 297989574; UID 1000; state: ENABLED
02-02 15:30:57.154  2911  2958 D addPss  : tracker=ProcessState{efcb5f9 com.google.android.apps.photos/10317 pkg=com.google.android.apps.photos}
02-02 15:30:57.155  2911  2958 D addPss  : tracker=ProcessState{8754fc2 com.google.android.apps.restore/10208 pkg=com.google.android.apps.restore}
02-02 15:30:57.155  2911  2958 D addPss  : tracker=ProcessState{a834962 com.android.vending:quick_launch/10261 pkg=com.android.vending}
02-02 15:30:57.293  2911  3573 D CompatChangeReporter: Compat change id reported: 311208629; UID 10088; state: ENABLED
02-02 15:30:58.147  2911  3498 D ActivityManager: freezing 24595 com.google.android.permissioncontroller, reason = oom_cached
02-02 15:30:58.852  2911  7333 W ContextImpl: Calling a method in the system process without a qualified user: android.app.ContextImpl.sendBroadcastMultiplePermissions:1308 android.content.Context.sendBroadcastMultiplePermissions:2522 com.android.server.TelephonyRegistry.broadcastServiceStateChanged:3764 com.android.server.TelephonyRegistry.notifyServiceStateForPhoneId:1765 com.android.internal.telephony.ITelephonyRegistry$Stub.onTransact:562 
02-02 15:30:58.855  2911  7333 W ContextImpl: Calling a method in the system process without a qualified user: android.app.ContextImpl.sendBroadcastMultiplePermissions:1341 com.android.server.TelephonyRegistry.broadcastServiceStateChanged:3769 com.android.server.TelephonyRegistry.notifyServiceStateForPhoneId:1765 com.android.internal.telephony.ITelephonyRegistry$Stub.onTransact:562 android.os.Binder.execTransactInternal:1515 
02-02 15:30:58.856  2911  7333 W ContextImpl: Calling a method in the system process without a qualified user: android.app.ContextImpl.sendBroadcastMultiplePermissions:1341 com.android.server.TelephonyRegistry.broadcastServiceStateChanged:3778 com.android.server.TelephonyRegistry.notifyServiceStateForPhoneId:1765 com.android.internal.telephony.ITelephonyRegistry$Stub.onTransact:562 android.os.Binder.execTransactInternal:1515 
02-02 15:30:58.856  2911  7333 W ContextImpl: Calling a method in the system process without a qualified user: android.app.ContextImpl.sendBroadcastMultiplePermissions:1341 com.android.server.TelephonyRegistry.broadcastServiceStateChanged:3784 com.android.server.TelephonyRegistry.notifyServiceStateForPhoneId:1765 com.android.internal.telephony.ITelephonyRegistry$Stub.onTransact:562 android.os.Binder.execTransactInternal:1515 
02-02 15:30:58.886  2911  2961 I ActivityManager: Start proc 25380:com.google.android.cellbroadcastreceiver/u0a396 for broadcast {com.google.android.cellbroadcastreceiver/com.android.cellbroadcastreceiver.CellBroadcastReceiver}
02-02 15:30:58.928  2911  2911 V PowerManager: userActivity when=13683711 event=0 flags=0 displayId=0 by (android) callers=android.os.PowerManager.userActivity:1487 com.android.server.accessibility.AccessibilityInputFilter.handleMotionEvent:536 com.android.server.accessibility.AccessibilityInputFilter.processMotionEvent:506 
02-02 15:30:58.928  2911  2911 W BoostOptController: not supported hint: 118
02-02 15:30:59.004  2911  2911 V PowerManager: userActivity when=13683788 event=0 flags=0 displayId=0 by (android) callers=android.os.PowerManager.userActivity:1487 com.android.server.accessibility.AccessibilityInputFilter.handleMotionEvent:536 com.android.server.accessibility.AccessibilityInputFilter.processMotionEvent:506 
02-02 15:30:59.005  2911  2911 W BoostOptController: not supported hint: 118
02-02 15:30:59.009  2911  3573 D RichTapVibratorService: aac richtap doVibratorStop
02-02 15:30:59.009  2911  3573 D RichTapVibratorService: richtap service stop!!
02-02 15:30:59.010  2911  3453 D RichTapVibratorService: none richtap effect, do nothing!!
02-02 15:30:59.010  2911  3453 D RichTapVibrationHelper: Not do stop!!
02-02 15:30:59.011  2911  3502 D RichTapVibratorService: aac richtap doVibratorOn
02-02 15:30:59.012  2911  3502 D RichTapVibratorService: aac richtap doVibratorSetAmplitude
02-02 15:30:59.020  2911  3573 V PowerManager: userActivity when=13683805 event=3 flags=0 displayId=0 by (android) callers=com.android.server.accessibility.AbstractAccessibilityServiceConnection.performAccessibilityActionInternal:2306 com.android.server.accessibility.AbstractAccessibilityServiceConnection.performAccessibilityAction:1100 android.accessibilityservice.IAccessibilityServiceConnection$Stub.onTransact:652 
02-02 15:30:59.021  2911  3573 W BoostOptController: not supported hint: 118
02-02 15:30:59.026  2911  7333 V PowerManager: userActivity when=13683811 event=3 flags=0 displayId=0 by (android) callers=com.android.server.accessibility.AbstractAccessibilityServiceConnection.performAccessibilityActionInternal:2306 com.android.server.accessibility.AbstractAccessibilityServiceConnection.performAccessibilityAction:1100 android.accessibilityservice.IAccessibilityServiceConnection$Stub.onTransact:652 
02-02 15:30:59.026  2911  7333 W BoostOptController: not supported hint: 118
02-02 15:30:59.074  2911  7505 W ContextImpl: Calling a method in the system process without a qualified user: android.app.ContextImpl.sendBroadcastMultiplePermissions:1308 android.content.Context.sendBroadcastMultiplePermissions:2522 com.android.server.TelephonyRegistry.broadcastServiceStateChanged:3764 com.android.server.TelephonyRegistry.notifyServiceStateForPhoneId:1765 com.android.internal.telephony.ITelephonyRegistry$Stub.onTransact:562 
02-02 15:30:59.076  2911  7505 W ContextImpl: Calling a method in the system process without a qualified user: android.app.ContextImpl.sendBroadcastMultiplePermissions:1341 com.android.server.TelephonyRegistry.broadcastServiceStateChanged:3769 com.android.server.TelephonyRegistry.notifyServiceStateForPhoneId:1765 com.android.internal.telephony.ITelephonyRegistry$Stub.onTransact:562 android.os.Binder.execTransactInternal:1515 
02-02 15:30:59.078  2911  7505 W ContextImpl: Calling a method in the system process without a qualified user: android.app.ContextImpl.sendBroadcastMultiplePermissions:1341 com.android.server.TelephonyRegistry.broadcastServiceStateChanged:3778 com.android.server.TelephonyRegistry.notifyServiceStateForPhoneId:1765 com.android.internal.telephony.ITelephonyRegistry$Stub.onTransact:562 android.os.Binder.execTransactInternal:1515 
02-02 15:30:59.079  2911  7505 W ContextImpl: Calling a method in the system process without a qualified user: android.app.ContextImpl.sendBroadcastMultiplePermissions:1341 com.android.server.TelephonyRegistry.broadcastServiceStateChanged:3784 com.android.server.TelephonyRegistry.notifyServiceStateForPhoneId:1765 com.android.internal.telephony.ITelephonyRegistry$Stub.onTransact:562 android.os.Binder.execTransactInternal:1515 
02-02 15:30:59.198  2911  2911 V PowerManager: userActivity when=13683981 event=0 flags=0 displayId=0 by (android) callers=android.os.PowerManager.userActivity:1487 com.android.server.accessibility.AccessibilityInputFilter.handleMotionEvent:536 com.android.server.accessibility.AccessibilityInputFilter.processMotionEvent:506 
02-02 15:30:59.198  2911  2911 W BoostOptController: not supported hint: 118
02-02 15:30:59.213  2911  7494 I ActivityManager: Flag disabled. Ignoring finishAttachApplication from uid: 10396. pid: 25380
02-02 15:30:59.271  2911  2911 V PowerManager: userActivity when=13684055 event=0 flags=0 displayId=0 by (android) callers=android.os.PowerManager.userActivity:1487 com.android.server.accessibility.AccessibilityInputFilter.handleMotionEvent:536 com.android.server.accessibility.AccessibilityInputFilter.processMotionEvent:506 
02-02 15:30:59.271  2911  2911 W BoostOptController: not supported hint: 118
02-02 15:30:59.275  2911  7494 D RichTapVibratorService: aac richtap doVibratorStop
02-02 15:30:59.275  2911  7494 D RichTapVibratorService: richtap service stop!!
02-02 15:30:59.276  2911  3453 D RichTapVibratorService: none richtap effect, do nothing!!
02-02 15:30:59.276  2911  3453 D RichTapVibrationHelper: Not do stop!!
02-02 15:30:59.277  2911  7494 V PowerManager: userActivity when=13684061 event=3 flags=0 displayId=0 by (android) callers=com.android.server.accessibility.AbstractAccessibilityServiceConnection.performAccessibilityActionInternal:2306 com.android.server.accessibility.AbstractAccessibilityServiceConnection.performAccessibilityAction:1100 android.accessibilityservice.IAccessibilityServiceConnection$Stub.onTransact:652 
02-02 15:30:59.277  2911  7494 W BoostOptController: not supported hint: 118
02-02 15:30:59.277  2911  3502 D RichTapVibratorService: aac richtap doVibratorOn
02-02 15:30:59.277  2911  3502 D RichTapVibratorService: aac richtap doVibratorSetAmplitude
02-02 15:30:59.282  2911  3453 V PowerManager: userActivity when=13684066 event=3 flags=0 displayId=0 by (android) callers=com.android.server.accessibility.AbstractAccessibilityServiceConnection.performAccessibilityActionInternal:2306 com.android.server.accessibility.AbstractAccessibilityServiceConnection.performAccessibilityAction:1100 android.accessibilityservice.IAccessibilityServiceConnection$Stub.onTransact:652 
02-02 15:30:59.282  2911  3453 W BoostOptController: not supported hint: 118
02-02 15:30:59.285  2911  7494 V PowerManager: userActivity when=13684070 event=3 flags=0 displayId=0 by (android) callers=com.android.server.accessibility.AbstractAccessibilityServiceConnection.performAccessibilityActionInternal:2306 com.android.server.accessibility.AbstractAccessibilityServiceConnection.performAccessibilityAction:1100 android.accessibilityservice.IAccessibilityServiceConnection$Stub.onTransact:652 
02-02 15:30:59.285  2911  7494 W BoostOptController: not supported hint: 118
02-02 15:30:59.320  2911  7494 W ForegroundServiceTypeLoggerModule: API event end called before start!
02-02 15:30:59.762  2911  3453 W BoostOptController: not supported hint: 118
02-02 15:30:59.762  2911  3573 W ForegroundServiceTypeLoggerModule: API event end called before start!
02-02 15:30:59.936  2911  2911 V PowerManager: userActivity when=13684720 event=0 flags=0 displayId=0 by (android) callers=android.os.PowerManager.userActivity:1487 com.android.server.accessibility.AccessibilityInputFilter.handleMotionEvent:536 com.android.server.accessibility.AccessibilityInputFilter.processMotionEvent:506 
02-02 15:30:59.937  2911  2911 W BoostOptController: not supported hint: 118
02-02 15:30:59.988  2911  2911 V PowerManager: userActivity when=13684772 event=0 flags=0 displayId=0 by (android) callers=android.os.PowerManager.userActivity:1487 com.android.server.accessibility.AccessibilityInputFilter.handleMotionEvent:536 com.android.server.accessibility.AccessibilityInputFilter.processMotionEvent:506 
02-02 15:30:59.989  2911  2911 W BoostOptController: not supported hint: 118
02-02 15:31:00.024  3841  3841 V KeyguardStatusViewController: onTimeChanged
02-02 15:31:00.043  2911  2911 V PowerManager: userActivity when=13684827 event=0 flags=0 displayId=0 by (android) callers=android.os.PowerManager.userActivity:1487 com.android.server.accessibility.AccessibilityInputFilter.handleMotionEvent:536 com.android.server.accessibility.AccessibilityInputFilter.processMotionEvent:506 
02-02 15:31:00.044  2911  2911 W BoostOptController: not supported hint: 118
02-02 15:31:00.104  2911  2911 V PowerManager: userActivity when=13684888 event=0 flags=0 displayId=0 by (android) callers=android.os.PowerManager.userActivity:1487 com.android.server.accessibility.AccessibilityInputFilter.handleMotionEvent:536 com.android.server.accessibility.AccessibilityInputFilter.processMotionEvent:506 
02-02 15:31:00.105  2911  2911 W BoostOptController: not supported hint: 118
02-02 15:31:00.109  2911  2911 V PowerManager: userActivity when=13684893 event=3 flags=0 displayId=0 by (android) callers=com.android.server.accessibility.AbstractAccessibilityServiceConnection.performAccessibilityActionInternal:2306 com.android.server.accessibility.AbstractAccessibilityServiceConnection.performAccessibilityAction:1100 android.view.accessibility.AccessibilityInteractionClient.performAccessibilityAction:1111 
02-02 15:31:00.109  2911  2911 W BoostOptController: not supported hint: 118
02-02 15:31:00.148  2911  3535 W ActivityManager: pid 2911 system sent binder code 1 with flags 1 to frozen apps and got error -32
02-02 15:31:00.149  2911  3535 D ActivityManager: Too many transaction errors, throttling freezer binder callback.
02-02 15:31:00.171  2911  7483 D RichTapVibratorService: aac richtap doVibratorStop
02-02 15:31:00.172  2911  7483 D RichTapVibratorService: richtap service stop!!
02-02 15:31:00.172  2911  3453 D RichTapVibratorService: none richtap effect, do nothing!!
02-02 15:31:00.173  2911  3453 D RichTapVibrationHelper: Not do stop!!
02-02 15:31:00.174  2911  3502 D RichTapVibratorService: aac richtap doVibratorOn
02-02 15:31:00.175  2911  3502 D RichTapVibratorService: aac richtap doVibratorSetAmplitude
02-02 15:31:00.190  2911  3453 D TextToSpeechManagerPerUserService: Trying to start connection to TTS engine: com.nirenr.talkman
02-02 15:31:00.226  2911  3453 D ImeInsetsSourceProvider: showImePostLayout cancelled, isScheduledAndReadyToShowIme: false, mImeRequester: Window{54f3130 u0 ro.startaxi.android.client/ro.startaxi.ui.search.SearchActivity}, serverVisible: true, frozen: false, mWindowContainer is: non-null, windowState: Window{f9b2616 u0 InputMethod}, isDrawn: false, mGivenInsetsPending: false, dcTarget: Window{54f3130 u0 ro.startaxi.android.client/ro.startaxi.ui.search.SearchActivity}, controlTarget: Window{54f3130 u0 ro.startaxi.android.client/ro.startaxi.ui.search.SearchActivity}
02-02 15:31:00.226  2911  3453 D ImeInsetsSourceProvider: controlTarget == DisplayContent.controlTarget: true, hasPendingControls: true, leash is: non-null, isImeLayeringTarget: true, isAboveImeLayeringTarget: false, isImeFallbackTarget: false, isImeInputTarget: true, sameAsImeControlTarget: true
02-02 15:31:00.254  2911  4869 W ForegroundServiceTypeLoggerModule: API event end called before start!
02-02 15:31:00.261  3841  3875 D WindowManagerShell: onKeepClearAreasChanged: restricted={}, unrestricted={Rect(0, 108 - 1080, 2640)}
02-02 15:31:00.306  2911  2911 D TextToSpeechManagerPerUserService: Connected successfully to TTS engine: com.nirenr.talkman
02-02 15:31:00.320  2911  2950 W AccessibilityWindowsPopulator: The displayInfo of this displayId (1) called back from the surface fligner is null
02-02 15:31:00.347  2911  3453 W MagnificationConnectionManager: requestConnection duplicated request: connect=false, mConnectionState=DISCONNECTED
02-02 15:31:00.352  2911  4869 I AS.FadeOutManager: unfadeOutUid() uid:10592
02-02 15:31:00.355  2911  3453 W ForegroundServiceTypeLoggerModule: API event end called before start!
02-02 15:31:00.355  2911  3453 V PowerManager: userActivity when=13685140 event=3 flags=0 displayId=0 by (android) callers=com.android.server.accessibility.AbstractAccessibilityServiceConnection.performAccessibilityActionInternal:2306 com.android.server.accessibility.AbstractAccessibilityServiceConnection.performAccessibilityAction:1100 android.accessibilityservice.IAccessibilityServiceConnection$Stub.onTransact:652 
02-02 15:31:00.356  2911  3453 W BoostOptController: not supported hint: 118
02-02 15:31:00.357  2911  7483 W BoostOptController: not supported hint: 118
02-02 15:31:01.314  2911  2911 V PowerManager: userActivity when=13686097 event=0 flags=0 displayId=0 by (android) callers=android.os.PowerManager.userActivity:1487 com.android.server.accessibility.AccessibilityInputFilter.handleMotionEvent:536 com.android.server.accessibility.AccessibilityInputFilter.processMotionEvent:506 
02-02 15:31:01.314  2911  2911 W BoostOptController: not supported hint: 118
02-02 15:31:01.395  2911  2911 V PowerManager: userActivity when=13686170 event=0 flags=0 displayId=0 by (android) callers=android.os.PowerManager.userActivity:1487 com.android.server.accessibility.AccessibilityInputFilter.handleMotionEvent:536 com.android.server.accessibility.AccessibilityInputFilter.processMotionEvent:506 
02-02 15:31:01.395  2911  2911 W BoostOptController: not supported hint: 118
02-02 15:31:01.563  2911  2911 V PowerManager: userActivity when=13686346 event=0 flags=0 displayId=0 by (android) callers=android.os.PowerManager.userActivity:1487 com.android.server.accessibility.AccessibilityInputFilter.handleMotionEvent:536 com.android.server.accessibility.AccessibilityInputFilter.processMotionEvent:506 
02-02 15:31:01.563  2911  2911 W BoostOptController: not supported hint: 118
02-02 15:31:01.621  2911  2948 W BoostOptController: not supported hint: 118
02-02 15:31:01.621  2911  2948 D CLI/Rotation: Set volume keyswap sysprop for rotation 2 lidState OPEN
02-02 15:31:01.658  2911  2958 D addPss  : tracker=ProcessState{bec2a63 com.whatsapp/10427 pkg=com.whatsapp}
02-02 15:31:01.670  2911  3517 W BoostOptController: not supported hint: 118
02-02 15:31:01.688  2911  2911 V PowerManager: userActivity when=13686461 event=0 flags=0 displayId=0 by (android) callers=android.os.PowerManager.userActivity:1487 com.android.server.accessibility.AccessibilityInputFilter.handleMotionEvent:536 com.android.server.accessibility.AccessibilityInputFilter.processMotionEvent:506 
02-02 15:31:01.688  2911  2911 W BoostOptController: not supported hint: 118
02-02 15:31:01.737  2911  2911 V PowerManager: userActivity when=13686521 event=0 flags=0 displayId=0 by (android) callers=android.os.PowerManager.userActivity:1487 com.android.server.accessibility.AccessibilityInputFilter.handleMotionEvent:536 com.android.server.accessibility.AccessibilityInputFilter.processMotionEvent:506 
02-02 15:31:01.738  2911  2911 W BoostOptController: not supported hint: 118
02-02 15:31:01.821  2911  3517 W BoostOptController: not supported hint: 118
02-02 15:31:01.967  2911  3517 W BoostOptController: not supported hint: 118
02-02 15:31:02.048  2911  2911 V PowerManager: userActivity when=13686826 event=0 flags=0 displayId=0 by (android) callers=android.os.PowerManager.userActivity:1487 com.android.server.accessibility.AccessibilityInputFilter.handleMotionEvent:536 com.android.server.accessibility.AccessibilityInputFilter.processMotionEvent:506 
02-02 15:31:02.048  2911  2911 W BoostOptController: not supported hint: 118
02-02 15:31:02.395  2911  2911 V PowerManager: userActivity when=13687178 event=0 flags=0 displayId=0 by (android) callers=android.os.PowerManager.userActivity:1487 com.android.server.accessibility.AccessibilityInputFilter.handleMotionEvent:536 com.android.server.accessibility.AccessibilityInputFilter.processMotionEvent:506 
02-02 15:31:02.396  2911  2911 W BoostOptController: not supported hint: 118
02-02 15:31:02.505  2911  3517 W BoostOptController: not supported hint: 118
02-02 15:31:02.514  2911  2911 V PowerManager: userActivity when=13687298 event=0 flags=0 displayId=0 by (android) callers=android.os.PowerManager.userActivity:1487 com.android.server.accessibility.AccessibilityInputFilter.handleMotionEvent:536 com.android.server.accessibility.AccessibilityInputFilter.processMotionEvent:506 
02-02 15:31:02.514  2911  2911 W BoostOptController: not supported hint: 118
02-02 15:31:02.561  2911  2911 V PowerManager: userActivity when=13687345 event=0 flags=0 displayId=0 by (android) callers=android.os.PowerManager.userActivity:1487 com.android.server.accessibility.AccessibilityInputFilter.handleMotionEvent:536 com.android.server.accessibility.AccessibilityInputFilter.processMotionEvent:506 
02-02 15:31:02.561  2911  2911 W BoostOptController: not supported hint: 118
02-02 15:31:02.636  2911  3517 W BoostOptController: not supported hint: 118
02-02 15:31:02.681  2911  2911 V PowerManager: userActivity when=13687461 event=0 flags=0 displayId=0 by (android) callers=android.os.PowerManager.userActivity:1487 com.android.server.accessibility.AccessibilityInputFilter.handleMotionEvent:536 com.android.server.accessibility.AccessibilityInputFilter.processMotionEvent:506 
02-02 15:31:02.681  2911  2911 W BoostOptController: not supported hint: 118
02-02 15:31:02.766  2911  2911 V PowerManager: userActivity when=13687549 event=0 flags=0 displayId=0 by (android) callers=android.os.PowerManager.userActivity:1487 com.android.server.accessibility.AccessibilityInputFilter.handleMotionEvent:536 com.android.server.accessibility.AccessibilityInputFilter.processMotionEvent:506 
02-02 15:31:02.766  2911  2911 W BoostOptController: not supported hint: 118
02-02 15:31:02.849  2911  2911 V PowerManager: userActivity when=13687618 event=0 flags=0 displayId=0 by (android) callers=android.os.PowerManager.userActivity:1487 com.android.server.accessibility.AccessibilityInputFilter.handleMotionEvent:536 com.android.server.accessibility.AccessibilityInputFilter.processMotionEvent:506 
02-02 15:31:02.849  2911  2911 W BoostOptController: not supported hint: 118
02-02 15:31:02.956  2911  2911 V PowerManager: userActivity when=13687740 event=0 flags=0 displayId=0 by (android) callers=android.os.PowerManager.userActivity:1487 com.android.server.accessibility.AccessibilityInputFilter.handleMotionEvent:536 com.android.server.accessibility.AccessibilityInputFilter.processMotionEvent:506 
02-02 15:31:02.956  2911  2911 W BoostOptController: not supported hint: 118
02-02 15:31:03.025  2911  2911 V PowerManager: userActivity when=13687809 event=0 flags=0 displayId=0 by (android) callers=android.os.PowerManager.userActivity:1487 com.android.server.accessibility.AccessibilityInputFilter.handleMotionEvent:536 com.android.server.accessibility.AccessibilityInputFilter.processMotionEvent:506 
02-02 15:31:03.025  2911  2911 W BoostOptController: not supported hint: 118
02-02 15:31:03.028  2911  2948 W BoostOptController: not supported hint: 118
02-02 15:31:03.441  2911  2911 V PowerManager: userActivity when=13688225 event=0 flags=0 displayId=0 by (android) callers=android.os.PowerManager.userActivity:1487 com.android.server.accessibility.AccessibilityInputFilter.handleMotionEvent:536 com.android.server.accessibility.AccessibilityInputFilter.processMotionEvent:506 
02-02 15:31:03.441  2911  2911 W BoostOptController: not supported hint: 118
02-02 15:31:03.547  2911  3498 D ActivityManager: freezing 24171 com.google.android.gm, reason = oom_cached
02-02 15:31:03.560  2911  3517 W BoostOptController: not supported hint: 118
02-02 15:31:03.565  2911  2911 V PowerManager: userActivity when=13688344 event=0 flags=0 displayId=0 by (android) callers=android.os.PowerManager.userActivity:1487 com.android.server.accessibility.AccessibilityInputFilter.handleMotionEvent:536 com.android.server.accessibility.AccessibilityInputFilter.processMotionEvent:506 
02-02 15:31:03.565  2911  2911 W BoostOptController: not supported hint: 118
02-02 15:31:03.704  2911  2911 V PowerManager: userActivity when=13688487 event=0 flags=0 displayId=0 by (android) callers=android.os.PowerManager.userActivity:1487 com.android.server.accessibility.AccessibilityInputFilter.handleMotionEvent:536 com.android.server.accessibility.AccessibilityInputFilter.processMotionEvent:506 
02-02 15:31:03.704  2911  2911 W BoostOptController: not supported hint: 118
02-02 15:31:03.815  2911  3517 W BoostOptController: not supported hint: 118
02-02 15:31:03.816  2911  2911 V PowerManager: userActivity when=13688599 event=0 flags=0 displayId=0 by (android) callers=android.os.PowerManager.userActivity:1487 com.android.server.accessibility.AccessibilityInputFilter.handleMotionEvent:536 com.android.server.accessibility.AccessibilityInputFilter.processMotionEvent:506 
02-02 15:31:03.816  2911  2911 W BoostOptController: not supported hint: 118
02-02 15:31:03.872  2911  2911 V PowerManager: userActivity when=13688653 event=0 flags=0 displayId=0 by (android) callers=android.os.PowerManager.userActivity:1487 com.android.server.accessibility.AccessibilityInputFilter.handleMotionEvent:536 com.android.server.accessibility.AccessibilityInputFilter.processMotionEvent:506 
02-02 15:31:03.872  2911  2911 W BoostOptController: not supported hint: 118
02-02 15:31:03.885  2911  3498 D ActivityManager: freezing 24552 com.android.vending:instant_app_installer, reason = oom_cached
02-02 15:31:03.944  2911  3517 W BoostOptController: not supported hint: 118
02-02 15:31:03.981  2911  2911 V PowerManager: userActivity when=13688762 event=0 flags=0 displayId=0 by (android) callers=android.os.PowerManager.userActivity:1487 com.android.server.accessibility.AccessibilityInputFilter.handleMotionEvent:536 com.android.server.accessibility.AccessibilityInputFilter.processMotionEvent:506 
02-02 15:31:03.981  2911  2911 W BoostOptController: not supported hint: 118
02-02 15:31:04.021  2911  2911 V PowerManager: userActivity when=13688804 event=0 flags=0 displayId=0 by (android) callers=android.os.PowerManager.userActivity:1487 com.android.server.accessibility.AccessibilityInputFilter.handleMotionEvent:536 com.android.server.accessibility.AccessibilityInputFilter.processMotionEvent:506 
02-02 15:31:04.021  2911  2911 W BoostOptController: not supported hint: 118
02-02 15:31:04.060  2911  3517 W BoostOptController: not supported hint: 118
02-02 15:31:04.153  2911  2911 V PowerManager: userActivity when=13688907 event=0 flags=0 displayId=0 by (android) callers=android.os.PowerManager.userActivity:1487 com.android.server.accessibility.AccessibilityInputFilter.handleMotionEvent:536 com.android.server.accessibility.AccessibilityInputFilter.processMotionEvent:506 
02-02 15:31:04.153  2911  2911 W BoostOptController: not supported hint: 118
02-02 15:31:04.258  2911  2911 V PowerManager: userActivity when=13689041 event=0 flags=0 displayId=0 by (android) callers=android.os.PowerManager.userActivity:1487 com.android.server.accessibility.AccessibilityInputFilter.handleMotionEvent:536 com.android.server.accessibility.AccessibilityInputFilter.processMotionEvent:506 
02-02 15:31:04.258  2911  2911 W BoostOptController: not supported hint: 118
02-02 15:31:04.330  2911  2911 V PowerManager: userActivity when=13689114 event=0 flags=0 displayId=0 by (android) callers=android.os.PowerManager.userActivity:1487 com.android.server.accessibility.AccessibilityInputFilter.handleMotionEvent:536 com.android.server.accessibility.AccessibilityInputFilter.processMotionEvent:506 
02-02 15:31:04.330  2911  2911 W BoostOptController: not supported hint: 118
02-02 15:31:04.332  2911  2948 W BoostOptController: not supported hint: 118
02-02 15:31:04.557  2911  2958 W ActivityManager: Rescheduling restart of crashed service com.motorola.carriersettingsext/.dataroaming.DataRoamingPhoneStateService in 0ms for mem-pressure-event
02-02 15:31:04.557  2911  2958 W ActivityManager: Rescheduling restart of crashed service com.motorola.ccc.ota/.env.OtaService in 0ms for mem-pressure-event
02-02 15:31:04.557  2911  2958 W ActivityManager: Rescheduling restart of crashed service com.motorola.motocare/.MotoCareService in 0ms for mem-pressure-event
02-02 15:31:04.557  2911  2958 W ActivityManager: Rescheduling restart of crashed service com.motorola.installer/.StartUpService in 0ms for mem-pressure-event
02-02 15:31:04.559  2911  2960 D CompatChangeReporter: Compat change id reported: 151861875; UID 10190; state: ENABLED
02-02 15:31:04.563  2911  2960 D CompatChangeReporter: Compat change id reported: 151861875; UID 10328; state: ENABLED
02-02 15:31:04.566  2911  2960 D CompatChangeReporter: Compat change id reported: 151861875; UID 10350; state: ENABLED
02-02 15:31:04.568  2911  2960 D CompatChangeReporter: Compat change id reported: 151861875; UID 10620; state: ENABLED
02-02 15:31:04.578  2911  2961 I ActivityManager: Start proc 25854:com.motorola.carriersettingsext/u0a190 for service {com.motorola.carriersettingsext/com.motorola.carriersettingsext.dataroaming.DataRoamingPhoneStateService}
02-02 15:31:04.591  2911  2961 I ActivityManager: Start proc 25855:com.motorola.ccc.ota/u0a328 for service {com.motorola.ccc.ota/com.motorola.ccc.ota.env.OtaService}
02-02 15:31:04.601  2911  2961 I ActivityManager: Start proc 25863:com.motorola.motocare/u0a350 for service {com.motorola.motocare/com.motorola.motocare.MotoCareService}
02-02 15:31:04.613  2911  2961 I ActivityManager: Start proc 25873:com.motorola.installer/u0a620 for service {com.motorola.installer/com.motorola.installer.StartUpService}
02-02 15:31:04.697  2911  7469 I ActivityManager: Flag disabled. Ignoring finishAttachApplication from uid: 10350. pid: 25863
02-02 15:31:04.781  2911  7469 I ActivityManager: Flag disabled. Ignoring finishAttachApplication from uid: 10620. pid: 25873
02-02 15:31:04.785  2911  2911 V PowerManager: userActivity when=13689560 event=0 flags=0 displayId=0 by (android) callers=android.os.PowerManager.userActivity:1487 com.android.server.accessibility.AccessibilityInputFilter.handleMotionEvent:536 com.android.server.accessibility.AccessibilityInputFilter.processMotionEvent:506 
02-02 15:31:04.785  2911  2911 W BoostOptController: not supported hint: 118
02-02 15:31:04.793  2911  7469 I ActivityManager: Flag disabled. Ignoring finishAttachApplication from uid: 10190. pid: 25854
02-02 15:31:04.802  2911  7469 D CompatChangeReporter: Compat change id reported: 297989574; UID 10190; state: ENABLED
02-02 15:31:04.865  2911  4405 I ActivityManager: Flag disabled. Ignoring finishAttachApplication from uid: 10328. pid: 25855
02-02 15:31:04.872  2911  2911 V PowerManager: userActivity when=13689655 event=0 flags=0 displayId=0 by (android) callers=android.os.PowerManager.userActivity:1487 com.android.server.accessibility.AccessibilityInputFilter.handleMotionEvent:536 com.android.server.accessibility.AccessibilityInputFilter.processMotionEvent:506 
02-02 15:31:04.872  2911  2911 W BoostOptController: not supported hint: 118
02-02 15:31:04.939  2911  2911 V PowerManager: userActivity when=13689723 event=0 flags=0 displayId=0 by (android) callers=android.os.PowerManager.userActivity:1487 com.android.server.accessibility.AccessibilityInputFilter.handleMotionEvent:536 com.android.server.accessibility.AccessibilityInputFilter.processMotionEvent:506 
02-02 15:31:04.939  2911  2911 W BoostOptController: not supported hint: 118
02-02 15:31:04.949  2911  2958 D addPss  : tracker=ProcessState{e383a9 com.android.settings/1000 pkg=com.android.settings}
02-02 15:31:04.949  2911  2958 D addPss  : tracker=ProcessState{b2592d6 com.android.keychain/1000 pkg=com.android.keychain}
02-02 15:31:05.003  2911  2911 V UiModeManager: updateLocked: null action, mDockState=0, category=null
02-02 15:31:05.004  2911  2911 D UiModeManager: updateConfigurationLocked: mDockState=0; mCarMode=false; mNightMode=com.android.server.UiModeManagerService$1@1114e9a; mNightModeCustomType=-1; uiMode=33
02-02 15:31:05.006  3841  4444 D PowerUI : can't show warning due to - plugged: true status unknown: false
02-02 15:31:05.044  2911  3517 W BoostOptController: not supported hint: 118
02-02 15:31:05.050  2911  2911 V PowerManager: userActivity when=13689834 event=0 flags=0 displayId=0 by (android) callers=android.os.PowerManager.userActivity:1487 com.android.server.accessibility.AccessibilityInputFilter.handleMotionEvent:536 com.android.server.accessibility.AccessibilityInputFilter.processMotionEvent:506 
02-02 15:31:05.050  2911  2911 W BoostOptController: not supported hint: 118
02-02 15:31:05.135  2911  2911 V PowerManager: userActivity when=13689918 event=0 flags=0 displayId=0 by (android) callers=android.os.PowerManager.userActivity:1487 com.android.server.accessibility.AccessibilityInputFilter.handleMotionEvent:536 com.android.server.accessibility.AccessibilityInputFilter.processMotionEvent:506 
02-02 15:31:05.135  2911  2911 W BoostOptController: not supported hint: 118
02-02 15:31:05.148  2911  3517 W BoostOptController: not supported hint: 118
02-02 15:31:05.208  2911  2911 V PowerManager: userActivity when=13689992 event=0 flags=0 displayId=0 by (android) callers=android.os.PowerManager.userActivity:1487 com.android.server.accessibility.AccessibilityInputFilter.handleMotionEvent:536 com.android.server.accessibility.AccessibilityInputFilter.processMotionEvent:506 
02-02 15:31:05.208  2911  2911 W BoostOptController: not supported hint: 118
02-02 15:31:05.210  2911  2948 W BoostOptController: not supported hint: 118
02-02 15:31:05.481  2911  3573 W ActivityManager: Unable to start service Intent { act=com.motorola.android.fota.FOTA_INITIALIZATION pkg=com.motorola.android.fota } U=0: not found
02-02 15:31:05.508  2911  2911 V PowerManager: userActivity when=13690292 event=0 flags=0 displayId=0 by (android) callers=android.os.PowerManager.userActivity:1487 com.android.server.accessibility.AccessibilityInputFilter.handleMotionEvent:536 com.android.server.accessibility.AccessibilityInputFilter.processMotionEvent:506 
02-02 15:31:05.508  2911  2911 W BoostOptController: not supported hint: 118
02-02 15:31:05.523  2911  2961 I ActivityManager: Start proc 25948:com.motorola.enterprise.adapter.service/u0a338 for content provider {com.motorola.enterprise.adapter.service/com.motorola.enterprise.adapter.service.asc.provider.AscProvider}
02-02 15:31:05.622  2911  3517 W BoostOptController: not supported hint: 118
02-02 15:31:05.628  2911  2911 V PowerManager: userActivity when=13690404 event=0 flags=0 displayId=0 by (android) callers=android.os.PowerManager.userActivity:1487 com.android.server.accessibility.AccessibilityInputFilter.handleMotionEvent:536 com.android.server.accessibility.AccessibilityInputFilter.processMotionEvent:506 
02-02 15:31:05.628  2911  2911 W BoostOptController: not supported hint: 118
02-02 15:31:05.680  2911  2911 V PowerManager: userActivity when=13690464 event=0 flags=0 displayId=0 by (android) callers=android.os.PowerManager.userActivity:1487 com.android.server.accessibility.AccessibilityInputFilter.handleMotionEvent:536 com.android.server.accessibility.AccessibilityInputFilter.processMotionEvent:506 
02-02 15:31:05.680  2911  2911 W BoostOptController: not supported hint: 118
02-02 15:31:05.736  2911  3517 W BoostOptController: not supported hint: 118
02-02 15:31:05.766  2911  2911 V PowerManager: userActivity when=13690550 event=0 flags=0 displayId=0 by (android) callers=android.os.PowerManager.userActivity:1487 com.android.server.accessibility.AccessibilityInputFilter.handleMotionEvent:536 com.android.server.accessibility.AccessibilityInputFilter.processMotionEvent:506 
02-02 15:31:05.766  2911  2911 W BoostOptController: not supported hint: 118
02-02 15:31:05.789  2911  7333 I MotoDevicePolicyManagerService: isSecureHardware()
02-02 15:31:05.799  2911  4405 I ActivityManager: Flag disabled. Ignoring finishAttachApplication from uid: 10338. pid: 25948
02-02 15:31:05.814  2911  7483 D CompatChangeReporter: Compat change id reported: 253665015; UID 10338; state: ENABLED
02-02 15:31:05.842  2911  2911 V PowerManager: userActivity when=13690626 event=0 flags=0 displayId=0 by (android) callers=android.os.PowerManager.userActivity:1487 com.android.server.accessibility.AccessibilityInputFilter.handleMotionEvent:536 com.android.server.accessibility.AccessibilityInputFilter.processMotionEvent:506 
02-02 15:31:05.842  2911  2911 W BoostOptController: not supported hint: 118
02-02 15:31:05.943  2911  3517 W BoostOptController: not supported hint: 118
02-02 15:31:06.047  2911  3517 W BoostOptController: not supported hint: 118
02-02 15:31:06.156  2911  3517 W BoostOptController: not supported hint: 118
02-02 15:31:06.200  2911  2911 V PowerManager: userActivity when=13690983 event=0 flags=0 displayId=0 by (android) callers=android.os.PowerManager.userActivity:1487 com.android.server.accessibility.AccessibilityInputFilter.handleMotionEvent:536 com.android.server.accessibility.AccessibilityInputFilter.processMotionEvent:506 
02-02 15:31:06.200  2911  2911 W BoostOptController: not supported hint: 118
02-02 15:31:06.313  2911  2911 V PowerManager: userActivity when=13691097 event=0 flags=0 displayId=0 by (android) callers=android.os.PowerManager.userActivity:1487 com.android.server.accessibility.AccessibilityInputFilter.handleMotionEvent:536 com.android.server.accessibility.AccessibilityInputFilter.processMotionEvent:506 
02-02 15:31:06.313  2911  2911 W BoostOptController: not supported hint: 118
02-02 15:31:06.414  2911  3517 W BoostOptController: not supported hint: 118
02-02 15:31:06.429  2911  2911 V PowerManager: userActivity when=13691213 event=0 flags=0 displayId=0 by (android) callers=android.os.PowerManager.userActivity:1487 com.android.server.accessibility.AccessibilityInputFilter.handleMotionEvent:536 com.android.server.accessibility.AccessibilityInputFilter.processMotionEvent:506 
02-02 15:31:06.429  2911  2911 W BoostOptController: not supported hint: 118
02-02 15:31:06.526  2911  2911 V PowerManager: userActivity when=13691309 event=0 flags=0 displayId=0 by (android) callers=android.os.PowerManager.userActivity:1487 com.android.server.accessibility.AccessibilityInputFilter.handleMotionEvent:536 com.android.server.accessibility.AccessibilityInputFilter.processMotionEvent:506 
02-02 15:31:06.526  2911  2911 W BoostOptController: not supported hint: 118
02-02 15:31:06.586  2911  2911 V PowerManager: userActivity when=13691370 event=0 flags=0 displayId=0 by (android) callers=android.os.PowerManager.userActivity:1487 com.android.server.accessibility.AccessibilityInputFilter.handleMotionEvent:536 com.android.server.accessibility.AccessibilityInputFilter.processMotionEvent:506 
02-02 15:31:06.586  2911  2911 W BoostOptController: not supported hint: 118
02-02 15:31:06.589  2911  2948 W BoostOptController: not supported hint: 118
02-02 15:31:06.683  2911  7483 W ContextImpl: Calling a method in the system process without a qualified user: android.app.ContextImpl.sendBroadcastMultiplePermissions:1308 android.content.Context.sendBroadcastMultiplePermissions:2522 com.android.server.TelephonyRegistry.broadcastServiceStateChanged:3764 com.android.server.TelephonyRegistry.notifyServiceStateForPhoneId:1765 com.android.internal.telephony.ITelephonyRegistry$Stub.onTransact:562 
02-02 15:31:06.684  2911  7483 W ContextImpl: Calling a method in the system process without a qualified user: android.app.ContextImpl.sendBroadcastMultiplePermissions:1341 com.android.server.TelephonyRegistry.broadcastServiceStateChanged:3769 com.android.server.TelephonyRegistry.notifyServiceStateForPhoneId:1765 com.android.internal.telephony.ITelephonyRegistry$Stub.onTransact:562 android.os.Binder.execTransactInternal:1515 
02-02 15:31:06.684  2911  7483 W ContextImpl: Calling a method in the system process without a qualified user: android.app.ContextImpl.sendBroadcastMultiplePermissions:1341 com.android.server.TelephonyRegistry.broadcastServiceStateChanged:3778 com.android.server.TelephonyRegistry.notifyServiceStateForPhoneId:1765 com.android.internal.telephony.ITelephonyRegistry$Stub.onTransact:562 android.os.Binder.execTransactInternal:1515 
02-02 15:31:06.685  2911  7483 W ContextImpl: Calling a method in the system process without a qualified user: android.app.ContextImpl.sendBroadcastMultiplePermissions:1341 com.android.server.TelephonyRegistry.broadcastServiceStateChanged:3784 com.android.server.TelephonyRegistry.notifyServiceStateForPhoneId:1765 com.android.internal.telephony.ITelephonyRegistry$Stub.onTransact:562 android.os.Binder.execTransactInternal:1515 
02-02 15:31:06.708  2911  7505 W ContextImpl: Calling a method in the system process without a qualified user: android.app.ContextImpl.sendBroadcastMultiplePermissions:1308 android.content.Context.sendBroadcastMultiplePermissions:2522 com.android.server.TelephonyRegistry.broadcastServiceStateChanged:3764 com.android.server.TelephonyRegistry.notifyServiceStateForPhoneId:1765 com.android.internal.telephony.ITelephonyRegistry$Stub.onTransact:562 
02-02 15:31:06.709  2911  7505 W ContextImpl: Calling a method in the system process without a qualified user: android.app.ContextImpl.sendBroadcastMultiplePermissions:1341 com.android.server.TelephonyRegistry.broadcastServiceStateChanged:3769 com.android.server.TelephonyRegistry.notifyServiceStateForPhoneId:1765 com.android.internal.telephony.ITelephonyRegistry$Stub.onTransact:562 android.os.Binder.execTransactInternal:1515 
02-02 15:31:06.709  2911  7505 W ContextImpl: Calling a method in the system process without a qualified user: android.app.ContextImpl.sendBroadcastMultiplePermissions:1341 com.android.server.TelephonyRegistry.broadcastServiceStateChanged:3778 com.android.server.TelephonyRegistry.notifyServiceStateForPhoneId:1765 com.android.internal.telephony.ITelephonyRegistry$Stub.onTransact:562 android.os.Binder.execTransactInternal:1515 
02-02 15:31:06.710  2911  7505 W ContextImpl: Calling a method in the system process without a qualified user: android.app.ContextImpl.sendBroadcastMultiplePermissions:1341 com.android.server.TelephonyRegistry.broadcastServiceStateChanged:3784 com.android.server.TelephonyRegistry.notifyServiceStateForPhoneId:1765 com.android.internal.telephony.ITelephonyRegistry$Stub.onTransact:562 android.os.Binder.execTransactInternal:1515 
02-02 15:31:06.732  2911  7491 W ContextImpl: Calling a method in the system process without a qualified user: android.app.ContextImpl.sendBroadcastMultiplePermissions:1308 android.content.Context.sendBroadcastMultiplePermissions:2522 com.android.server.TelephonyRegistry.broadcastServiceStateChanged:3764 com.android.server.TelephonyRegistry.notifyServiceStateForPhoneId:1765 com.android.internal.telephony.ITelephonyRegistry$Stub.onTransact:562 
02-02 15:31:06.733  2911  7491 W ContextImpl: Calling a method in the system process without a qualified user: android.app.ContextImpl.sendBroadcastMultiplePermissions:1341 com.android.server.TelephonyRegistry.broadcastServiceStateChanged:3769 com.android.server.TelephonyRegistry.notifyServiceStateForPhoneId:1765 com.android.internal.telephony.ITelephonyRegistry$Stub.onTransact:562 android.os.Binder.execTransactInternal:1515 
02-02 15:31:06.734  2911  7491 W ContextImpl: Calling a method in the system process without a qualified user: android.app.ContextImpl.sendBroadcastMultiplePermissions:1341 com.android.server.TelephonyRegistry.broadcastServiceStateChanged:3778 com.android.server.TelephonyRegistry.notifyServiceStateForPhoneId:1765 com.android.internal.telephony.ITelephonyRegistry$Stub.onTransact:562 android.os.Binder.execTransactInternal:1515 
02-02 15:31:06.734  2911  7491 W ContextImpl: Calling a method in the system process without a qualified user: android.app.ContextImpl.sendBroadcastMultiplePermissions:1341 com.android.server.TelephonyRegistry.broadcastServiceStateChanged:3784 com.android.server.TelephonyRegistry.notifyServiceStateForPhoneId:1765 com.android.internal.telephony.ITelephonyRegistry$Stub.onTransact:562 android.os.Binder.execTransactInternal:1515 
02-02 15:31:06.805  2911  3141 I AppsFilter: interaction: PackageSetting{4d36fad me.ag2s.tts/10426} -> PackageSetting{be6ab57 com.motorola.enterprise.adapter.service/10338} BLOCKED
02-02 15:31:06.805  2911  3141 I AppsFilter: interaction: PackageSetting{7443d05 com.dalton.braillekeyboard/10592} -> PackageSetting{be6ab57 com.motorola.enterprise.adapter.service/10338} BLOCKED
02-02 15:31:06.806  2911  3141 I AppsFilter: interaction: PackageSetting{dfe2930 im.vortex.ttsplus/10662} -> PackageSetting{be6ab57 com.motorola.enterprise.adapter.service/10338} BLOCKED
02-02 15:31:06.806  2911  3141 I AppsFilter: interaction: PackageSetting{e459a9 in.sp.tts/10663} -> PackageSetting{be6ab57 com.motorola.enterprise.adapter.service/10338} BLOCKED
02-02 15:31:06.806  2911  3141 I AppsFilter: interaction: PackageSetting{641db2e com.oem.euiccpartnerapp/10289} -> PackageSetting{be6ab57 com.motorola.enterprise.adapter.service/10338} BLOCKED
02-02 15:31:06.806  2911  3141 I AppsFilter: interaction: PackageSetting{e6686cf net.devemperor.dictate/10575} -> PackageSetting{be6ab57 com.motorola.enterprise.adapter.service/10338} BLOCKED
02-02 15:31:06.806  2911  3141 I AppsFilter: interaction: PackageSetting{1d4a85c im.vortex.winmyai/10555} -> PackageSetting{be6ab57 com.motorola.enterprise.adapter.service/10338} BLOCKED
02-02 15:31:06.811  2911  3614 D ShortcutService: received package broadcast intent: Intent { act=android.intent.action.PACKAGE_CHANGED dat=package: flg=0x45000010 (has extras) }
02-02 15:31:06.811  2911  3614 D ShortcutService: changing package: com.motorola.enterprise.adapter.service userId0
02-02 15:31:06.811  2911  3614 D ShortcutService: handlePackageChanged: com.motorola.enterprise.adapter.service user=0
02-02 15:31:06.811  2911  3614 D ShortcutService: rescanPackageIfNeeded 0@com.motorola.enterprise.adapter.service, forceRescan=true , isNewApp=true
02-02 15:31:06.812  2911  3614 D ShortcutService: Package com.motorola.enterprise.adapter.service has 0 manifest shortcut(s), and 0 share target(s)
02-02 15:31:06.815  2911  7333 W AppOpService: Ignored setUidMode call for runtime permission app op: uid = 10218, code = READ_CELL_BROADCASTS, mode = allow, callingUid = 1001, oldMode = allow
02-02 15:31:06.818  2911  3573 W AppOpService: Ignored setUidMode call for runtime permission app op: uid = 1001, code = READ_SMS, mode = allow, callingUid = 1001, oldMode = allow
02-02 15:31:06.819  2911  3573 W AppOpService: Ignored setUidMode call for runtime permission app op: uid = 1001, code = RECEIVE_SMS, mode = allow, callingUid = 1001, oldMode = allow
02-02 15:31:06.819  2911  3573 W AppOpService: Ignored setUidMode call for runtime permission app op: uid = 1001, code = RECEIVE_WAP_PUSH, mode = allow, callingUid = 1001, oldMode = allow
02-02 15:31:06.819  2911  7491 W AppOpService: Ignored setUidMode call for runtime permission app op: uid = 1001, code = SEND_SMS, mode = allow, callingUid = 1001, oldMode = allow
02-02 15:31:06.819  2911  7491 W AppOpService: Ignored setUidMode call for runtime permission app op: uid = 1001, code = READ_CELL_BROADCASTS, mode = allow, callingUid = 1001, oldMode = allow
02-02 15:31:06.821  2911  3647 D ActivityManager: unfreezing ProcessRecord{c2b4517 24595:com.google.android.permissioncontroller/u0a398}, reason = unfreezeTemporarily, adj = 915, adjType = cch-empty, adjSource = null
02-02 15:31:06.822  2911  3647 D ActivityManager: sync unfroze 24595 com.google.android.permissioncontroller for 27
02-02 15:31:06.827  2911  7505 D ActivityManager: unfreezing ProcessRecord{ed74462 19265:com.google.android.euicc/u0a200}, reason = unfreezeTemporarily, adj = 915, adjType = cch-empty, adjSource = null
02-02 15:31:06.827  2911  7505 D ActivityManager: sync unfroze 19265 com.google.android.euicc for 27
02-02 15:31:06.834  2911  2911 W ProcessStats: Tracking association SourceState{5959b7f system/1000 ImpFg #67821} whose proc state 5 is better than process ProcessState{567a1a5 com.google.android.permissioncontroller/10398 pkg=com.google.android.permissioncontroller} proc state 14 (0 skipped)
02-02 15:31:06.855  2911  3748 D ActivityManager: unfreezing ProcessRecord{76d882 24240:com.google.android.apps.docs.editors.slides/u0a418}, reason = unfreezeTemporarily, adj = 915, adjType = cch-empty, adjSource = null
02-02 15:31:06.859  2911  3748 D ActivityManager: sync unfroze 24240 com.google.android.apps.docs.editors.slides for 27
02-02 15:31:06.866  2911  2961 I ActivityManager: Start proc 26024:com.facebook.katana/u0a410 for service {com.facebook.katana/com.facebook.push.fcm.GetFcmTokenRegistrarLollipopService}
02-02 15:31:06.876  2911  2911 W JobScheduler: Job didn't exist in JobStore: d678a0d {SyncManager} #1000/65 @SyncManager@com.android.contacts/com.google:android
02-02 15:31:06.879  2911  3748 D CompatChangeReporter: Compat change id reported: 311402873; UID 1000; state: ENABLED
02-02 15:31:06.879  2911  3748 D CompatChangeReporter: Compat change id reported: 323349338; UID 1000; state: ENABLED
