02-02 15:31:11.827  2911  2911 W BoostOptController: not supported hint: 118
02-02 15:31:11.835 21119 24489 I artd    : GetBestInfo: odex next to the dex file (/data/app/~~MBZ0TGuntrn_x9di14nC2g==/com.eyecan.app-BdjIP6Z8qddkvAkPLTYRzw==/oat/arm64/base.odex) is kOatUpToDate with filter 'speed-profile' executable 'false'
02-02 15:31:11.853 21119 24489 I artd    : GetBestInfo: vdex next to the dex file (/data/app/~~ozU4iLt-nDhalhjVqZAqsw==/me.ag2s.tts-dyeUGzQRTwQpwrQQkZNiGg==/oat/arm64/base.vdex) is kOatUpToDate with filter 'verify' executable 'false'
02-02 15:31:11.889 21119 24489 I artd    : GetBestInfo: odex next to the dex file (/data/app/~~cyfqumyylpJj3NmxJlGHaA==/com.toucan.speak-5O8tOqH73-7jeUU3B1KUHg==/oat/arm64/base.odex) is kOatUpToDate with filter 'speed-profile' executable 'false'
02-02 15:31:11.904 21119 24489 I artd    : GetBestInfo: odex next to the dex file (/data/app/~~XE0ungpY-DQf0uZYKNk7hg==/com.google.android.apps.walletnfcrel-4rcj5RV7mEL7rrtraHb05g==/oat/arm64/base.odex) is kOatUpToDate with filter 'speed-profile' executable 'false'
02-02 15:31:11.916 21119 24489 I artd    : GetBestInfo: odex next to the dex file (/data/app/~~92zQkQ8shnlY9C5EqHji6A==/com.futuredial.asusdatatransfer-Avlk0YcWJAofoXk1j9MZMQ==/oat/arm64/base.odex) is kOatUpToDate with filter 'speed-profile' executable 'false'
02-02 15:31:11.941 21119 24489 I artd    : GetBestInfo: odex next to the dex file (/data/app/~~-g68JlpPJE5XIDWSZINWKQ==/com.sparklingapps.piccybot-hnGhel_9H9ZkEb6YBKM9xg==/oat/arm64/base.odex) is kOatUpToDate with filter 'speed-profile' executable 'false'
02-02 15:31:11.947 21119 24489 I artd    : GetBestInfo: vdex next to the dex file (/data/user/0/com.sparklingapps.piccybot/app_pccache/5/0C27F8F29F18E5FB9C36CBB9EA9B2F06C1974D7B/oat/arm64/pcam.vdex) is kOatUpToDate with filter 'verify' executable 'false'
02-02 15:31:11.951 21119 24489 I artd    : GetBestInfo: vdex next to the dex file (/data/user/0/com.sparklingapps.piccybot/app_pccache/5/1CEDD60EE1DEB4A5D57108096C421D8F03173B2C/oat/arm64/pcam.vdex) is kOatUpToDate with filter 'verify' executable 'false'
02-02 15:31:11.976 21119 24489 I artd    : GetBestInfo: odex next to the dex file (/data/app/~~wajP9dRDOnNrTGbmy_gq8g==/com.streema.simpleradio-fQnaUlGRMBGdNnP1zkkBSA==/oat/arm64/base.odex) is kOatUpToDate with filter 'speed-profile' executable 'false'
02-02 15:31:11.981 21119 24489 I artd    : GetBestInfo: vdex next to the dex file (/data/user/0/com.streema.simpleradio/app_pccache/5/0C27F8F29F18E5FB9C36CBB9EA9B2F06C1974D7B/oat/arm64/pcam.vdex) is kOatUpToDate with filter 'verify' executable 'false'
02-02 15:31:11.985 21119 24489 I artd    : GetBestInfo: vdex next to the dex file (/data/user/0/com.streema.simpleradio/app_pccache/5/1CEDD60EE1DEB4A5D57108096C421D8F03173B2C/oat/arm64/pcam.vdex) is kOatUpToDate with filter 'verify' executable 'false'
02-02 15:31:12.007 21119 24489 I artd    : GetBestInfo: odex next to the dex file (/data/app/~~7ynlo49XDenhmN1i3Xwi4A==/com.ghisler.android.TotalCommander-sp71joMUr0bjVQH8mPAuvA==/oat/arm64/base.odex) is kOatUpToDate with filter 'speed-profile' executable 'false'
02-02 15:31:12.013 21539 21539 W Finsky  : [2] STU: Failed to get storage stats for package 'com.google.android.adbd' (1601: Error getting stats: android.content.pm.PackageManager.NameNotFoundException)
02-02 15:31:12.028 21119 24489 I artd    : GetBestInfo: odex next to the dex file (/data/app/~~CzVyB515IOlke_WP4ST7Uw==/com.tailscale.ipn-ZIDjgP4iEfvJj01n8zjfUQ==/oat/arm64/base.odex) is kOatUpToDate with filter 'speed-profile' executable 'false'
02-02 15:31:12.045 21119 21144 I artd    : GetBestInfo: odex next to the dex file (/data/app/~~qUIIbU34s5FVn2qULvj5sA==/com.google.android.deskclock-1j_AfW7J70KZgVTgnvrbJw==/oat/arm64/base.odex) is kOatUpToDate with filter 'speed-profile' executable 'false'
02-02 15:31:12.061 21119 21144 I artd    : GetBestInfo: odex next to the dex file (/data/app/~~MIDAYdj5Dt9B7lWTUYnXMw==/org.nwudclrb.xdw.vau-f_id2bplmFCjzxh1UWqZ0w==/oat/arm64/base.odex) is kOatUpToDate with filter 'speed-profile' executable 'false'
02-02 15:31:12.074  2911  2911 V PowerManager: userActivity when=13696857 event=0 flags=0 displayId=0 by (android) callers=android.os.PowerManager.userActivity:1487 com.android.server.accessibility.AccessibilityInputFilter.handleMotionEvent:536 com.android.server.accessibility.AccessibilityInputFilter.processMotionEvent:506 
02-02 15:31:12.074  2911  2911 W BoostOptController: not supported hint: 118
02-02 15:31:12.089  4356 18482 I _V_Speech-com.nirenr.talkman-NetworkState: id=111 transport=LTE reason=SignalChange signal=[4]
02-02 15:31:12.099 21119 21144 I artd    : GetBestInfo: odex next to the dex file (/data/app/~~s6ZEBpI-J63DgYAP1Y2xPA==/marto.androsdr2-SnWLqprftcPzQ9EKhD4WSQ==/oat/arm64/base.odex) is kOatUpToDate with filter 'speed-profile' executable 'false'
02-02 15:31:12.102 22526 22526 W JobService: onNetworkChanged() not implemented in androidx.work.impl.background.systemjob.SystemJobService. Must override in a subclass.
02-02 15:31:12.103  2911  2911 W JobService: onNetworkChanged() not implemented in com.android.server.content.SyncJobService. Must override in a subclass.
02-02 15:31:12.103  2911  2911 D WiFiBlocklistController: Default net onCapabilitiesChanged
02-02 15:31:12.103  4356  4629 I _V_Speech-com.nirenr.talkman-NetworkState: id=111 transport=LTE reason=SignalChange signal=[4]
02-02 15:31:12.103  2911  2911 D WiFiBlocklistController: updateDefaultNet:111
02-02 15:31:12.103 21539 21539 W JobService: onNetworkChanged() not implemented in com.google.android.finsky.scheduler.process.mainimpl.PhoneskyJobServiceMain. Must override in a subclass.
02-02 15:31:12.103  3897  5501 D QCNEJ/WwanInfoRelay: onCapabilitiesChanged: 111 [ Transports: CELLULAR Capabilities: INTERNET&NOT_RESTRICTED&TRUSTED&NOT_VPN&VALIDATED&NOT_ROAMING&FOREGROUND&NOT_CONGESTED&NOT_SUSPENDED&NOT_VCN_MANAGED&NOT_BANDWIDTH_CONSTRAINED LinkUpBandwidth>=36442Kbps LinkDnBandwidth>=36442Kbps Specifier: <TelephonyNetworkSpecifier [mSubId = 1]> SubscriptionIds: {1} UnderlyingNetworks: Null]
02-02 15:31:12.104  7041  7041 I Smart5G : [NetworkStateService] isValidated=true
02-02 15:31:12.104  3897  5501 I QCNEJ/WwanInfoRelay: cacheWwanInfo subId = 1 phoneId = 0 slotId = 0
02-02 15:31:12.104  7041  7041 I Smart5G : [Smart5GService] isValidated=true
02-02 15:31:12.105  7041  7041 I Smart5G : [IpManagerService] isValidated=true
02-02 15:31:12.105  3897  5476 D QCNEJ/NativeHalConnector: -> SND notifyDefaultNetworkChanged(0)
02-02 15:31:12.105  2911  3585 I WifiDataStallService: onCapabilitiesChanged NET_CAPABILITY_VALIDATED=true
02-02 15:31:12.112  4731 11881 I QCC:PeriodicCI: onCapabilitiesChanged()
02-02 15:31:12.112  4731 11881 I QCC:PeriodicCI: capabilities: [12, 13, 14, 15, 16, 18, 19, 20, 21, 28, 37]
02-02 15:31:12.112  4731 11881 I QCC:PeriodicCI: captivePortal: false
02-02 15:31:12.112  4731 11881 I QCC:NetworkStat: getActiveNetwork(ctx) invoked.
02-02 15:31:12.112 12786 12872 D WM-NetworkStateTracker: Network capabilities changed: [ Transports: CELLULAR Capabilities: INTERNET&NOT_RESTRICTED&TRUSTED&NOT_VPN&VALIDATED&NOT_ROAMING&FOREGROUND&NOT_CONGESTED&NOT_SUSPENDED&NOT_VCN_MANAGED&NOT_BANDWIDTH_CONSTRAINED LinkUpBandwidth>=36442Kbps LinkDnBandwidth>=36442Kbps Specifier: <TelephonyNetworkSpecifier [mSubId = 1]> SubscriptionIds: {1} UnderlyingNetworks: Null]
02-02 15:31:12.113 15971 16055 D WM-NetworkStateTracker: Network capabilities changed: [ Transports: CELLULAR Capabilities: INTERNET&NOT_RESTRICTED&TRUSTED&NOT_VPN&VALIDATED&NOT_ROAMING&FOREGROUND&NOT_CONGESTED&NOT_SUSPENDED&NOT_VCN_MANAGED&NOT_BANDWIDTH_CONSTRAINED LinkUpBandwidth>=36442Kbps LinkDnBandwidth>=36442Kbps Specifier: <TelephonyNetworkSpecifier [mSubId = 1]> SubscriptionIds: {1} UnderlyingNetworks: Null]
02-02 15:31:12.114 27851   345 D WM-NetworkStateTracker: Network capabilities changed: [ Transports: CELLULAR Capabilities: INTERNET&NOT_RESTRICTED&TRUSTED&NOT_VPN&VALIDATED&NOT_ROAMING&FOREGROUND&NOT_CONGESTED&NOT_SUSPENDED&NOT_VCN_MANAGED&NOT_BANDWIDTH_CONSTRAINED LinkUpBandwidth>=36442Kbps LinkDnBandwidth>=36442Kbps Specifier: <TelephonyNetworkSpecifier [mSubId = 1]> SubscriptionIds: {1} UnderlyingNetworks: Null]
02-02 15:31:12.115  7008  8261 I BugleRcsEngine: handleMessage processing message:[NOTIFY_UPTIME_IGNORE_STATE_CHANGED] with [non-null]:RcsEngineImpl reference [CONTEXT log_prefix="RcsEngineImpl[DUAL_REG]:[7154be84-f449]>Handler" thread_id=67 ]
02-02 15:31:12.116  7008  8261 I BugleRcsEngine: Cannot use CS.apk as it's battery optimized [CONTEXT thread_id=67 ]
02-02 15:31:12.116  7008  7621 I BugleRcsEngine: Connected state: [1], networkType: [MOBILE] [CONTEXT thread_id=59 ]
02-02 15:31:12.122  7089 12832 I ModemStats: [DataStallDetectService] onCapabilitiesChanged networkCapabilities=[ Transports: CELLULAR Capabilities: INTERNET&NOT_RESTRICTED&TRUSTED&NOT_VPN&VALIDATED&NOT_ROAMING&FOREGROUND&NOT_CONGESTED&NOT_SUSPENDED&NOT_VCN_MANAGED&NOT_BANDWIDTH_CONSTRAINED LinkUpBandwidth>=36442Kbps LinkDnBandwidth>=36442Kbps Specifier: <TelephonyNetworkSpecifier [mSubId = 1]> SubscriptionIds: {1} UnderlyingNetworks: Null]
02-02 15:31:12.122  7089 12832 I ModemStats: [DataStallDetectService] onCapabilitiesChanged NET_CAPABILITY_VALIDATED=true
02-02 15:31:12.122  7089 12832 I ModemStats: [DataStallDetectService] onCapabilitiesChanged mDataStallManager.mDataStallInstance=null
02-02 15:31:12.122  7089 12832 I ModemStats: [DataStallDetectService] onCapabilitiesChanged mDataStallSmart5gManager.mDataStallInstance=null
02-02 15:31:12.124  4731 11881 I QCC:NetworkStat: mobile is available
02-02 15:31:12.125  4731 11881 I QCC:JobConnWait: onCapabilitiesChanged()
02-02 15:31:12.125  4731 11881 I QCC:JobConnWait: capabilities: [12, 13, 14, 15, 16, 18, 19, 20, 21, 28, 37]
02-02 15:31:12.125  4731 11881 I QCC:JobConnWait: captivePortal: false
02-02 15:31:12.125  4731 11881 I QCC:JobConnWait: runPendingJob jobType: 5, connType:1
02-02 15:31:12.125  4731 11881 I QCC:NetworkStat: getActiveNetwork(ctx) invoked.
02-02 15:31:12.125  4731 11881 I QCC:NetworkStat: mobile is available
02-02 15:31:12.125  4731 11881 I QCC:JobConnWait: expectedConnType is not available 
02-02 15:31:12.125  4731 11881 I QCC:JobConnWait: runPendingJob ret : false
02-02 15:31:12.129 21119 21144 I artd    : GetBestInfo: odex next to the dex file (/data/app/~~CIzJxsmVYX12tWUW_Bg1Eg==/com.stereomatch.mp3.audio.recorder-urXQre5Gky8ME84MIlexdA==/oat/arm64/base.odex) is kOatUpToDate with filter 'speed-profile' executable 'false'
02-02 15:31:12.130  7008  8261 I BugleRcsEngine: Rcs is enabled from user settings: true [CONTEXT log_prefix="ProvisioningEngineDataRetriever" thread_id=67 ]
02-02 15:31:12.149 21539 21539 W Finsky  : [2] STU: Failed to get storage stats for package 'com.android.i18n' (1601: Error getting stats: android.content.pm.PackageManager.NameNotFoundException)
02-02 15:31:12.161 21119 21144 I artd    : GetBestInfo: odex next to the dex file (/data/app/~~7o8eWxV5sFycdteU0PcxVg==/com.google.android.apps.safetyhub-bniBJfW1c2wmn_82ZiLumQ==/oat/arm64/base.odex) is kOatUpToDate with filter 'speed-profile' executable 'false'
02-02 15:31:12.163  2911  2911 V PowerManager: userActivity when=13696947 event=0 flags=0 displayId=0 by (android) callers=android.os.PowerManager.userActivity:1487 com.android.server.accessibility.AccessibilityInputFilter.handleMotionEvent:536 com.android.server.accessibility.AccessibilityInputFilter.processMotionEvent:506 
02-02 15:31:12.163  2911  2911 W BoostOptController: not supported hint: 118
02-02 15:31:12.167  2911  7505 D RichTapVibratorService: aac richtap doVibratorStop
02-02 15:31:12.167  2911  7505 D RichTapVibratorService: richtap service stop!!
02-02 15:31:12.168  2911  7491 V PowerManager: userActivity when=13696953 event=3 flags=0 displayId=0 by (android) callers=com.android.server.accessibility.AbstractAccessibilityServiceConnection.performAccessibilityActionInternal:2306 com.android.server.accessibility.AbstractAccessibilityServiceConnection.performAccessibilityAction:1100 android.accessibilityservice.IAccessibilityServiceConnection$Stub.onTransact:652 
02-02 15:31:12.168  2911  7491 W BoostOptController: not supported hint: 118
02-02 15:31:12.168  2911  7483 D RichTapVibratorService: none richtap effect, do nothing!!
02-02 15:31:12.169  2911  7483 D RichTapVibrationHelper: Not do stop!!
02-02 15:31:12.170  2911  3502 D RichTapVibratorService: aac richtap doVibratorOn
02-02 15:31:12.170  4356 25049 D AudioTrack: setVolume: mRelativePercentage:1.000000, left:0.600000, right:0.600000
02-02 15:31:12.170  2911  3502 D RichTapVibratorService: aac richtap doVibratorSetAmplitude
02-02 15:31:12.171  1847  1847 D vendor.qti.hardware.vibrator.service: mot_actuator_start, mot_actuator_started=0, timeoutMs=16, LongVibratorTime=151
02-02 15:31:12.171  1847  1847 D vendor.qti.hardware.vibrator.service: mot_actuator_stop, timeout=16
02-02 15:31:12.172  1899  2534 D APM_AudioPolicyManager: startOutput() output 13, stream 10, session 48865
02-02 15:31:12.173  2911  7491 V PowerManager: userActivity when=13696958 event=3 flags=0 displayId=0 by (android) callers=com.android.server.accessibility.AbstractAccessibilityServiceConnection.performAccessibilityActionInternal:2306 com.android.server.accessibility.AbstractAccessibilityServiceConnection.performAccessibilityAction:1100 android.accessibilityservice.IAccessibilityServiceConnection$Stub.onTransact:652 
02-02 15:31:12.173  2911  7491 W BoostOptController: not supported hint: 118
02-02 15:31:12.176  1899  7725 D audioserver: logFgsApiBegin: FGS Logger Transaction failed, -129
02-02 15:31:12.176  2911  7491 W AS.PlaybackActivityMon: No piid assigned for invalid/internal port id 6111
02-02 15:31:12.182  1847  1847 D vendor.qti.vibrator: QTI Vibrator off
02-02 15:31:12.182  1847  1847 D vendor.qti.vibrator: QTI Vibrator off
02-02 15:31:12.184 21119 21144 I artd    : GetBestInfo: odex next to the dex file (/data/app/~~dxoo5-RvrbZG4mZTyQvzqQ==/cz.ace.dotwalkerpro-07KKleME0KvQ4Exz6Y2-PQ==/oat/arm64/base.odex) is kOatUpToDate with filter 'speed-profile' executable 'false'
02-02 15:31:12.192 21539 21539 W Finsky  : [2] STU: Failed to get storage stats for package 'com.google.android.conscrypt' (1601: Error getting stats: android.content.pm.PackageManager.NameNotFoundException)
02-02 15:31:12.197 21119 21144 I artd    : GetBestInfo: odex next to the dex file (/data/app/~~jMJaYw1sqpbVmDPrwmyi_A==/com.google.android.apps.tachyon-cFo_f_tM3MHwHqEUbmq91A==/oat/arm64/base.odex) is kOatUpToDate with filter 'speed-profile' executable 'false'
02-02 15:31:12.213  8111 29278 I EloquenceTTSService: onIsLanguageAvailable : ita -  - 
02-02 15:31:12.214  8111 29278 I EloquenceTTSService: onIsLanguageAvailable : ita -  - 
02-02 15:31:12.214  8111 29278 I EloquenceTTSService: onGetDefaultVoiceNameFor ita   returns Italian
02-02 15:31:12.214  8111 29278 I EloquenceTTSService: onIsValidVoiceName Italian returns 0
02-02 15:31:12.215  8111  8451 I EloquenceTTSService: onLoadVoice Italian
02-02 15:31:12.215  8111 29278 I EloquenceTTSService: onGetVoices
02-02 15:31:12.215  8111 29278 I EloquenceTTSService: SERVICE: onGetVoices return count: 10
02-02 15:31:12.217 21119 21144 I artd    : GetBestInfo: odex next to the dex file (/data/app/~~LkG6X8HZz61pSrM80o7N8g==/ro.pontes.nelucampean.textplayer-1IsZYntz7Q4_5td6OuANbA==/oat/arm64/base.odex) is kOatUpToDate with filter 'speed-profile' executable 'false'
02-02 15:31:12.218  8111  8451 I EloquenceTTSService: In EloquenceTTSService::onSynthesizeText START  ron ROU
02-02 15:31:12.218  8111  8451 D EloquenceTTSService: In EloquenceTTSService::onSynthesizeText Loading engine if needed
02-02 15:31:12.218  8111  8451 I EloquenceTTSService: onLoadLanguage : ron - ROU - 
02-02 15:31:12.218  8111  8451 D EloquenceTTSService: In EloquenceTTSService::onSynthesizeText onLoadLanguage End
02-02 15:31:12.218  8111  8451 D EloquenceTTSService: In EloquenceTTSService::onSynthesizeText Loaded engine
02-02 15:31:12.219  8111  8451 W EloquenceTTSService: PRESET_VOICE - USING PREDEFINED VOICE
02-02 15:31:12.219  8111  8451 W EloquenceTTSService: userDict - BEFORE: Recente Nebifat
02-02 15:31:12.219  8111  8451 W EloquenceTTSServiceDict: CS0 - Let's start
02-02 15:31:12.219  8111  8451 W EloquenceTTSServiceDict: CS7 - LastIndex: -1
02-02 15:31:12.219  8111  8451 W EloquenceTTSServiceDict: CS0 - Let's start
02-02 15:31:12.219  8111  8451 W EloquenceTTSServiceDict: CS6 - LastIndex: -1
02-02 15:31:12.219  8111  8451 W EloquenceTTSServiceDict: CS0 - Let's start
02-02 15:31:12.219  8111  8451 W EloquenceTTSServiceDict: CS7 - LastIndex: -1
02-02 15:31:12.219  8111  8451 W EloquenceTTSServiceDict: CS0 - Let's start
02-02 15:31:12.219  8111  8451 W EloquenceTTSServiceDict: CS7 - LastIndex: -1
02-02 15:31:12.219  8111  8451 W EloquenceTTSServiceDict: CS0 - Let's start
02-02 15:31:12.219  8111  8451 W EloquenceTTSServiceDict: CS7 - LastIndex: -1
02-02 15:31:12.219  8111  8451 W EloquenceTTSServiceDict: CS0 - Let's start
02-02 15:31:12.219  8111  8451 W EloquenceTTSServiceDict: CS7 - LastIndex: -1
02-02 15:31:12.219  8111  8451 W EloquenceTTSServiceDict: CS0 - Let's start
02-02 15:31:12.219  8111  8451 W EloquenceTTSServiceDict: CS6 - LastIndex: -1
02-02 15:31:12.219  8111  8451 W EloquenceTTSServiceDict: CS0 - Let's start
02-02 15:31:12.219  8111  8451 W EloquenceTTSServiceDict: CS6 - LastIndex: -1
02-02 15:31:12.219  8111  8451 W EloquenceTTSServiceDict: CS0 - Let's start
02-02 15:31:12.219  8111  8451 W EloquenceTTSServiceDict: CS6 - LastIndex: -1
02-02 15:31:12.220  8111  8451 W EloquenceTTSServiceDict: CS0 - Let's start
02-02 15:31:12.220  8111  8451 W EloquenceTTSServiceDict: CS6 - LastIndex: -1
02-02 15:31:12.220  8111  8451 W EloquenceTTSServiceDict: CS0 - Let's start
02-02 15:31:12.220  8111  8451 W EloquenceTTSServiceDict: CS5 - LastIndex: -1
02-02 15:31:12.220  8111  8451 W EloquenceTTSServiceDict: CS0 - Let's start
02-02 15:31:12.220  8111  8451 W EloquenceTTSServiceDict: CS5 - LastIndex: -1
02-02 15:31:12.220  8111  8451 W EloquenceTTSServiceDict: CS0 - Let's start
02-02 15:31:12.220  8111  8451 W EloquenceTTSServiceDict: CS5 - LastIndex: -1
02-02 15:31:12.220  8111  8451 W EloquenceTTSServiceDict: CS0 - Let's start
02-02 15:31:12.220  8111  8451 W EloquenceTTSServiceDict: CS5 - LastIndex: -1
02-02 15:31:12.220  8111  8451 W EloquenceTTSServiceDict: CS0 - Let's start
02-02 15:31:12.220  8111  8451 W EloquenceTTSServiceDict: CS5 - LastIndex: -1
02-02 15:31:12.220  8111  8451 W EloquenceTTSServiceDict: CS0 - Let's start
02-02 15:31:12.220  8111  8451 W EloquenceTTSServiceDict: CS8 - LastIndex: -1 currWordLength: 15 textLength: 15
02-02 15:31:12.220  8111  8451 W EloquenceTTSServiceDict: TEXT BEFORE: Recente Nebifat
02-02 15:31:12.220  8111  8451 W EloquenceTTSServiceDict: TEXT AFTER: Recente Nebifat
02-02 15:31:12.220  8111  8451 W EloquenceTTSService: userDict - AFTER: Recente Nebifat
02-02 15:31:12.220  8111  8451 W EloquenceTTSService: textProcessor - BEFORE: Recente Nebifat
02-02 15:31:12.220  8111  8451 W EloquenceTTSService: textProcessor - AFTER: Recente Nebifat
02-02 15:31:12.220  8111  8451 W EloquenceTTSService: emojiTranslation - BEFORE: Recente Nebifat
02-02 15:31:12.220  8111  8451 W EloquenceTTSService: emojiTranslation - AFTER: Recente Nebifat
02-02 15:31:12.221  8111  8451 W EloquenceTTSService: getVolume() - volume: `vv99 
02-02 15:31:12.221  8111  8451 E EloquenceTTSService: Speech pitch 100
02-02 15:31:12.222  8111  8452 D AudioTrack: The audio hal latency is 93
02-02 15:31:12.222  7749  8026 D AudioTrack: The audio hal latency is 93
02-02 15:31:12.227  1899 29625 D APM_AudioPolicyManager: getOutputForAttrInt() attributes={ Content type: AUDIO_CONTENT_TYPE_MUSIC Usage: AUDIO_USAGE_ASSISTANCE_ACCESSIBILITY Source: AUDIO_SOURCE_INVALID Flags: 0x900 Tags:  } stream=AUDIO_STREAM_ACCESSIBILITY session 48889 selectedDeviceId 0
02-02 15:31:12.228  1899 29625 D AudioFlinger: getParameters() io 0, keys vr_audio_mode_on, calling pid 1899
02-02 15:31:12.228  1695  1695 D AHAL: AudioDevice: GetParameters: 2389: enter
02-02 15:31:12.228  1695  1695 D AHAL: FM: fm_get_parameters: 232: enter
02-02 15:31:12.228  1695  1695 D AHAL: FM: fm_get_parameters: 239: exit
02-02 15:31:12.228  1695  1695 D AHAL: AudioDevice: GetParameters: 2502: exit: returns - 
02-02 15:31:12.231  1899 29625 D AudioFlinger: AUDIO_OUTPUT_FLAG_FAST denied: sharedBuffer=0x0 frameCount=4096 mFrameCount=192 format=0x1 mFormat=0x5 isLinear=1 channelMask=0x1 sampleRate=16000 mSampleRate=48000 hasFastMixer=1 tid=-1 fastTrackAvailMask=0xc2
02-02 15:31:12.231  1899 29625 D AudioFlinger: Client defaulted notificationFrames to 320 for frameCount 4096
02-02 15:31:12.232  1899  7725 D APM_AudioPolicyManager: getOutputForAttrInt() attributes={ Content type: AUDIO_CONTENT_TYPE_MUSIC Usage: AUDIO_USAGE_ASSISTANCE_ACCESSIBILITY Source: AUDIO_SOURCE_INVALID Flags: 0xd00 Tags:  } stream=AUDIO_STREAM_ACCESSIBILITY session 48897 selectedDeviceId 0
02-02 15:31:12.233  1899  7725 D AudioFlinger: getParameters() io 0, keys vr_audio_mode_on, calling pid 1899
02-02 15:31:12.236  1695  1695 D AHAL: AudioDevice: GetParameters: 2389: enter
02-02 15:31:12.236  1695  1695 D AHAL: FM: fm_get_parameters: 232: enter
02-02 15:31:12.236  1695  1695 D AHAL: FM: fm_get_parameters: 239: exit
02-02 15:31:12.236  1695  1695 D AHAL: AudioDevice: GetParameters: 2502: exit: returns - 
02-02 15:31:12.238  1899  7725 D AudioFlinger: AUDIO_OUTPUT_FLAG_FAST denied: sharedBuffer=0x0 frameCount=4096 mFrameCount=192 format=0x1 mFormat=0x5 isLinear=1 channelMask=0x1 sampleRate=11000 mSampleRate=48000 hasFastMixer=1 tid=-1 fastTrackAvailMask=0xc2
02-02 15:31:12.238  1899  7725 D AudioFlinger: Client defaulted notificationFrames to 220 for frameCount 4096
02-02 15:31:12.238  1899  3879 D AudioFlinger: getParameters() io 13, keys is_direct_pcm_track, calling pid 7749
02-02 15:31:12.245 21119 21144 I artd    : GetBestInfo: odex next to the dex file (/data/app/~~KD3hIOK0xpdraI1Ir0rxGw==/com.microsoft.office.word-Hg86ifvNuAAJNEDXQ-933A==/oat/arm64/base.odex) is kOatUpToDate with filter 'speed-profile' executable 'false'
02-02 15:31:12.246  1695  1764 D AHAL: AudioStream: astream_out_get_parameters: 1100: enter
02-02 15:31:12.246  1695  1764 D AHAL: AudioStream: astream_out_get_parameters: 1122: keys: is_direct_pcm_track
02-02 15:31:12.246  1695  1764 D AHAL: AudioStream: astream_out_get_parameters: 1159: exit: returns - is_direct_pcm_track=false
02-02 15:31:12.247  1899 29625 D AudioFlinger: getParameters() io 13, keys is_direct_pcm_track, calling pid 8111
02-02 15:31:12.247  1695  1764 D AHAL: AudioStream: astream_out_get_parameters: 1100: enter
02-02 15:31:12.247  1695  1764 D AHAL: AudioStream: astream_out_get_parameters: 1122: keys: is_direct_pcm_track
02-02 15:31:12.247  1695  1764 D AHAL: AudioStream: astream_out_get_parameters: 1159: exit: returns - is_direct_pcm_track=false
02-02 15:31:12.250  8111  8452 D AudioTrack: setVolume: mRelativePercentage:1.000000, left:1.000000, right:1.000000
02-02 15:31:12.250  7749  8026 D AudioTrack: setVolume: mRelativePercentage:1.000000, left:1.000000, right:1.000000
02-02 15:31:12.251  1899  2534 D APM_AudioPolicyManager: startOutput() output 13, stream 10, session 48897
02-02 15:31:12.252  1899  7725 D audioserver: logFgsApiBegin: FGS Logger Transaction failed, -129
02-02 15:31:12.253  8111  8452 D AudioTrack: stop(6115): called with 3432 frames delivered
02-02 15:31:12.262  1899  2885 D AudioMixer: setParameter(RESAMPLE, SAMPLE_RATE, 11000, channelMask 0x1)
02-02 15:31:12.264  1899  2534 D APM_AudioPolicyManager: stopOutput() output 13, stream 10, session 48865
02-02 15:31:12.264  1899  2885 D audioserver: logFgsApiEnd: FGS Logger Transaction failed, -129
02-02 15:31:12.294 21119 24489 I artd    : GetBestInfo: odex next to the dex file (/data/app/~~tyN56lpehGqP4uovMpYOaQ==/app.rvx.android.youtube-wBuec43n6z3B8_v51K1thA==/oat/arm64/base.odex) is kOatUpToDate with filter 'speed-profile' executable 'false'
02-02 15:31:12.312 21119 24489 I artd    : GetBestInfo: odex next to the dex file (/data/app/~~Je9McVfiimzMXIgUauxTQg==/co.uk.mrwebb.wakeonlan-h6vh3kfpXhYPw7feRmmjvQ==/oat/arm64/base.odex) is kOatUpToDate with filter 'speed-profile' executable 'false'
02-02 15:31:12.349 21119 24489 I artd    : GetBestInfo: odex next to the dex file (/data/app/~~-U9ksdYTtdP7FLRxfOUIIA==/com.booking-Nm2YFaAnBHp54Va7ihsCug==/oat/arm64/base.odex) is kOatUpToDate with filter 'speed-profile' executable 'false'
02-02 15:31:12.367 21119 24489 I artd    : GetBestInfo: odex next to the dex file (/data/app/~~Sczaw2ERpy5BA3MOFqkKdA==/org.mozilla.firefox-fffYhzB9k1UXRYJAm-QvoA==/oat/arm64/base.odex) is kOatUpToDate with filter 'speed-profile' executable 'false'
02-02 15:31:12.405 21119 24489 I artd    : GetBestInfo: odex next to the dex file (/data/app/~~J-rnSm9GZKT0wYl64coR-Q==/com.motorola.aiservices-J7mJPHtnA6ld-ybxVSepZw==/oat/arm64/base.odex) is kOatUpToDate with filter 'speed-profile' executable 'false'
02-02 15:31:12.410 21119 24489 I artd    : GetBestInfo: dm (/data/app/~~J-rnSm9GZKT0wYl64coR-Q==/com.motorola.aiservices-J7mJPHtnA6ld-ybxVSepZw==/split_adaptivebrightness.dm) is kOatUpToDate with filter 'verify' executable 'false'
02-02 15:31:12.410  2911  2911 V PowerManager: userActivity when=13697193 event=0 flags=0 displayId=0 by (android) callers=android.os.PowerManager.userActivity:1487 com.android.server.accessibility.AccessibilityInputFilter.handleMotionEvent:536 com.android.server.accessibility.AccessibilityInputFilter.processMotionEvent:506 
02-02 15:31:12.411  2911  2911 W BoostOptController: not supported hint: 118
02-02 15:31:12.413 21119 24489 I artd    : GetBestInfo: dm (/data/app/~~J-rnSm9GZKT0wYl64coR-Q==/com.motorola.aiservices-J7mJPHtnA6ld-ybxVSepZw==/split_adaptiveicons.dm) is kOatUpToDate with filter 'verify' executable 'false'
02-02 15:31:12.417 21119 24489 I artd    : GetBestInfo: dm (/data/app/~~J-rnSm9GZKT0wYl64coR-Q==/com.motorola.aiservices-J7mJPHtnA6ld-ybxVSepZw==/split_aicropping.dm) is kOatUpToDate with filter 'verify' executable 'false'
02-02 15:31:12.420 21119 24489 I artd    : GetBestInfo: dm (/data/app/~~J-rnSm9GZKT0wYl64coR-Q==/com.motorola.aiservices-J7mJPHtnA6ld-ybxVSepZw==/split_aisepia.dm) is kOatUpToDate with filter 'verify' executable 'false'
02-02 15:31:12.424 21119 24489 I artd    : GetBestInfo: dm (/data/app/~~J-rnSm9GZKT0wYl64coR-Q==/com.motorola.aiservices-J7mJPHtnA6ld-ybxVSepZw==/split_aizoom.dm) is kOatUpToDate with filter 'verify' executable 'false'
02-02 15:31:12.427 21119 24489 I artd    : GetBestInfo: dm (/data/app/~~J-rnSm9GZKT0wYl64coR-Q==/com.motorola.aiservices-J7mJPHtnA6ld-ybxVSepZw==/split_appusage.dm) is kOatUpToDate with filter 'verify' executable 'false'
02-02 15:31:12.430 21119 24489 I artd    : GetBestInfo: dm (/data/app/~~J-rnSm9GZKT0wYl64coR-Q==/com.motorola.aiservices-J7mJPHtnA6ld-ybxVSepZw==/split_bwart.dm) is kOatUpToDate with filter 'verify' executable 'false'
02-02 15:31:12.433 21119 24489 I artd    : GetBestInfo: dm (/data/app/~~J-rnSm9GZKT0wYl64coR-Q==/com.motorola.aiservices-J7mJPHtnA6ld-ybxVSepZw==/split_bwregular.dm) is kOatUpToDate with filter 'verify' executable 'false'
02-02 15:31:12.436 21119 24489 I artd    : GetBestInfo: dm (/data/app/~~J-rnSm9GZKT0wYl64coR-Q==/com.motorola.aiservices-J7mJPHtnA6ld-ybxVSepZw==/split_cartoongan.dm) is kOatUpToDate with filter 'verify' executable 'false'
02-02 15:31:12.442 21119 24489 I artd    : GetBestInfo: dm (/data/app/~~J-rnSm9GZKT0wYl64coR-Q==/com.motorola.aiservices-J7mJPHtnA6ld-ybxVSepZw==/split_contentobfuscation.dm) is kOatUpToDate with filter 'verify' executable 'false'
02-02 15:31:12.446 21119 24489 I artd    : GetBestInfo: dm (/data/app/~~J-rnSm9GZKT0wYl64coR-Q==/com.motorola.aiservices-J7mJPHtnA6ld-ybxVSepZw==/split_fashionstyletransfer.dm) is kOatUpToDate with filter 'verify' executable 'false'
02-02 15:31:12.449 21119 24489 I artd    : GetBestInfo: dm (/data/app/~~J-rnSm9GZKT0wYl64coR-Q==/com.motorola.aiservices-J7mJPHtnA6ld-ybxVSepZw==/split_imagequality.dm) is kOatUpToDate with filter 'verify' executable 'false'
02-02 15:31:12.452 21119 24489 I artd    : GetBestInfo: dm (/data/app/~~J-rnSm9GZKT0wYl64coR-Q==/com.motorola.aiservices-J7mJPHtnA6ld-ybxVSepZw==/split_keyextraction.dm) is kOatUpToDate with filter 'verify' executable 'false'
02-02 15:31:12.455 21119 24489 I artd    : GetBestInfo: dm (/data/app/~~J-rnSm9GZKT0wYl64coR-Q==/com.motorola.aiservices-J7mJPHtnA6ld-ybxVSepZw==/split_languageidentifier.dm) is kOatUpToDate with filter 'verify' executable 'false'
02-02 15:31:12.459 21119 24489 I artd    : GetBestInfo: dm (/data/app/~~J-rnSm9GZKT0wYl64coR-Q==/com.motorola.aiservices-J7mJPHtnA6ld-ybxVSepZw==/split_malwaredetection.dm) is kOatUpToDate with filter 'verify' executable 'false'
02-02 15:31:12.462 21119 24489 I artd    : GetBestInfo: dm (/data/app/~~J-rnSm9GZKT0wYl64coR-Q==/com.motorola.aiservices-J7mJPHtnA6ld-ybxVSepZw==/split_onnx.dm) is kOatUpToDate with filter 'verify' executable 'false'
02-02 15:31:12.467 21119 24489 I artd    : GetBestInfo: dm (/data/app/~~J-rnSm9GZKT0wYl64coR-Q==/com.motorola.aiservices-J7mJPHtnA6ld-ybxVSepZw==/split_optimizedcharging.dm) is kOatUpToDate with filter 'verify' executable 'false'
02-02 15:31:12.471 21119 24489 I artd    : GetBestInfo: dm (/data/app/~~J-rnSm9GZKT0wYl64coR-Q==/com.motorola.aiservices-J7mJPHtnA6ld-ybxVSepZw==/split_peoplenatureclassifier.dm) is kOatUpToDate with filter 'verify' executable 'false'
02-02 15:31:12.475 21119 24489 I artd    : GetBestInfo: dm (/data/app/~~J-rnSm9GZKT0wYl64coR-Q==/com.motorola.aiservices-J7mJPHtnA6ld-ybxVSepZw==/split_phishing.dm) is kOatUpToDate with filter 'verify' executable 'false'
02-02 15:31:12.479 21119 24489 I artd    : GetBestInfo: dm (/data/app/~~J-rnSm9GZKT0wYl64coR-Q==/com.motorola.aiservices-J7mJPHtnA6ld-ybxVSepZw==/split_styletransfer.dm) is kOatUpToDate with filter 'verify' executable 'false'
02-02 15:31:12.484 21119 24489 I artd    : GetBestInfo: dm (/data/app/~~J-rnSm9GZKT0wYl64coR-Q==/com.motorola.aiservices-J7mJPHtnA6ld-ybxVSepZw==/split_whisper.dm) is kOatUpToDate with filter 'verify' executable 'false'
02-02 15:31:12.491  2911  2911 V PowerManager: userActivity when=13697275 event=0 flags=0 displayId=0 by (android) callers=android.os.PowerManager.userActivity:1487 com.android.server.accessibility.AccessibilityInputFilter.handleMotionEvent:536 com.android.server.accessibility.AccessibilityInputFilter.processMotionEvent:506 
02-02 15:31:12.492  2911  2911 W BoostOptController: not supported hint: 118
02-02 15:31:12.500  2911  7491 D RichTapVibratorService: aac richtap doVibratorStop
02-02 15:31:12.500  2911  7491 D RichTapVibratorService: richtap service stop!!
02-02 15:31:12.501  2911  7491 D RichTapVibratorService: none richtap effect, do nothing!!
02-02 15:31:12.502  2911  7491 D RichTapVibrationHelper: Not do stop!!
02-02 15:31:12.503  2911  3502 D RichTapVibratorService: aac richtap doVibratorOn
02-02 15:31:12.503  2911  7491 V PowerManager: userActivity when=13697288 event=3 flags=0 displayId=0 by (android) callers=com.android.server.accessibility.AbstractAccessibilityServiceConnection.performAccessibilityActionInternal:2306 com.android.server.accessibility.AbstractAccessibilityServiceConnection.performAccessibilityAction:1100 android.accessibilityservice.IAccessibilityServiceConnection$Stub.onTransact:652 
02-02 15:31:12.503  2911  7491 W BoostOptController: not supported hint: 118
02-02 15:31:12.504  2911  3502 D RichTapVibratorService: aac richtap doVibratorSetAmplitude
02-02 15:31:12.504  1847  1847 D vendor.qti.hardware.vibrator.service: mot_actuator_start, mot_actuator_started=0, timeoutMs=16, LongVibratorTime=151
02-02 15:31:12.504  1847  1847 D vendor.qti.hardware.vibrator.service: mot_actuator_stop, timeout=16
02-02 15:31:12.517  1847  1847 D vendor.qti.vibrator: QTI Vibrator off
02-02 15:31:12.518  1847  1847 D vendor.qti.vibrator: QTI Vibrator off
02-02 15:31:12.570  1899  2534 D APM_AudioPolicyManager: releaseOutput() 13
02-02 15:31:12.572  1899 29625 D audioserver: logFgsApiEnd: FGS Logger Transaction failed, -129
02-02 15:31:12.573  2911  4405 W ForegroundServiceTypeLoggerModule: API event end called before start!
02-02 15:31:12.580  2911  7333 W BoostOptController: not supported hint: 118
02-02 15:31:12.618 26024 26121 W soft_error.cpp: [DGWClientConfig] : sgConnectTimeout: value 0 outside valid range [1, 120] <force_oncall:mi_client_infra:force_oncall>
02-02 15:31:12.618 26024 26121 W soft_error.cpp: [DGWClientConfig] : sgPingTimeout: value 0 outside valid range [1, 60] <force_oncall:mi_client_infra:force_oncall>
02-02 15:31:12.618 26024 26121 W soft_error.cpp: [DGWClientConfig] : tunnelConnectTimeout: value 0 outside valid range [1, 120] <force_oncall:mi_client_infra:force_oncall>
02-02 15:31:12.618 26024 26121 W soft_error.cpp: [DGWClientConfig] : tunnelConnectAckTimeout: value 0 outside valid range [1, 120] <force_oncall:mi_client_infra:force_oncall>
02-02 15:31:12.666  1899  2534 D APM_AudioPolicyManager: stopOutput() output 13, stream 10, session 48897
02-02 15:31:12.666  1899  2885 D audioserver: logFgsApiEnd: FGS Logger Transaction failed, -129
02-02 15:31:12.675 21119 24489 I artd    : GetBestInfo: odex next to the dex file (/data/app/~~iS_4iYRbpfyd453qOm3aEQ==/org.telegram.messenger-RaWlcwZfH2CDATI6R7QLTg==/oat/arm64/base.odex) is kOatUpToDate with filter 'speed-profile' executable 'false'
02-02 15:31:12.683  2911  4405 V PowerManager: userActivity when=13697467 event=3 flags=0 displayId=0 by (android) callers=com.android.server.accessibility.AbstractAccessibilityServiceConnection.performAccessibilityActionInternal:2306 com.android.server.accessibility.AbstractAccessibilityServiceConnection.performAccessibilityAction:1100 android.accessibilityservice.IAccessibilityServiceConnection$Stub.onTransact:652 
02-02 15:31:12.683  2911  4405 W BoostOptController: not supported hint: 118
02-02 15:31:12.686 21119 24489 I artd    : GetBestInfo: odex next to the dex file (/data/app/~~OYNiTxkOqruiPkfHSdD9YA==/com.google.audio.hearing.visualization.accessibility.scribe-71wcy_ZzUsWQSODrLIQZ9A==/oat/arm64/base.odex) is kOatUpToDate with filter 'speed-profile' executable 'false'
02-02 15:31:12.687  2911  4405 V PowerManager: userActivity when=13697472 event=3 flags=0 displayId=0 by (android) callers=com.android.server.accessibility.AbstractAccessibilityServiceConnection.performAccessibilityActionInternal:2306 com.android.server.accessibility.AbstractAccessibilityServiceConnection.performAccessibilityAction:1100 android.accessibilityservice.IAccessibilityServiceConnection$Stub.onTransact:652 
02-02 15:31:12.687  2911  4405 W BoostOptController: not supported hint: 118
02-02 15:31:12.691 21539 21539 W Finsky  : [2] STU: Failed to get storage stats for package 'com.google.android.neuralnetworks' (1601: Error getting stats: android.content.pm.PackageManager.NameNotFoundException)
02-02 15:31:12.696  1899  2885 D audioserver: logFgsApiEnd: FGS Logger Transaction failed, -129
02-02 15:31:12.704 26024 26115 W fb4a.lacrima: FbErrorReportingConfig.postStartupInit
02-02 15:31:12.707 21119 24489 I artd    : GetBestInfo: odex next to the dex file (/data/app/~~LeNmUg-KTM6U-LMBUOcrbA==/com.sensotec.knfbreader-_02SRGJp8ft-NukFoWurzg==/oat/arm64/base.odex) is kOatUpToDate with filter 'speed-profile' executable 'false'
02-02 15:31:12.719 21119 24489 I artd    : GetBestInfo: dm (/data/app/~~UysfK_DQl_OpbW4Li8f1pg==/com.microsoft.skydrive-bKMB01Y8hLpwGnCvp5ZDwQ==/base.dm) is kOatUpToDate with filter 'verify' executable 'false'
02-02 15:31:12.721  8111 12689 I EloquenceTTSService: onIsLanguageAvailable : ita -  - 
02-02 15:31:12.721  8111 12689 I EloquenceTTSService: onIsLanguageAvailable : ita -  - 
02-02 15:31:12.721  8111 12689 I EloquenceTTSService: onGetDefaultVoiceNameFor ita   returns Italian
02-02 15:31:12.722  8111 12689 I EloquenceTTSService: onIsValidVoiceName Italian returns 0
02-02 15:31:12.722  8111  8451 I EloquenceTTSService: onLoadVoice Italian
02-02 15:31:12.722  8111 12689 I EloquenceTTSService: onGetVoices
02-02 15:31:12.722  8111 12689 I EloquenceTTSService: SERVICE: onGetVoices return count: 10
02-02 15:31:12.725  8111  8451 I EloquenceTTSService: In EloquenceTTSService::onSynthesizeText START  ron ROU
02-02 15:31:12.725  8111  8451 D EloquenceTTSService: In EloquenceTTSService::onSynthesizeText Loading engine if needed
02-02 15:31:12.725  8111  8451 I EloquenceTTSService: onLoadLanguage : ron - ROU - 
02-02 15:31:12.725  8111  8451 D EloquenceTTSService: In EloquenceTTSService::onSynthesizeText onLoadLanguage End
02-02 15:31:12.725  8111  8451 D EloquenceTTSService: In EloquenceTTSService::onSynthesizeText Loaded engine
02-02 15:31:12.725  8111  8451 W EloquenceTTSService: PRESET_VOICE - USING PREDEFINED VOICE
02-02 15:31:12.725  8111  8451 W EloquenceTTSService: userDict - BEFORE: Recomandate Nebifat
02-02 15:31:12.726  8111  8451 W EloquenceTTSServiceDict: CS0 - Let's start
02-02 15:31:12.726  8111  8451 W EloquenceTTSServiceDict: CS7 - LastIndex: -1
02-02 15:31:12.726  8111  8451 W EloquenceTTSServiceDict: CS0 - Let's start
02-02 15:31:12.726  8111  8451 W EloquenceTTSServiceDict: CS6 - LastIndex: -1
02-02 15:31:12.726  8111  8451 W EloquenceTTSServiceDict: CS0 - Let's start
02-02 15:31:12.726  8111  8451 W EloquenceTTSServiceDict: CS7 - LastIndex: -1
02-02 15:31:12.726  8111  8451 W EloquenceTTSServiceDict: CS0 - Let's start
02-02 15:31:12.726  8111  8451 W EloquenceTTSServiceDict: CS7 - LastIndex: -1
02-02 15:31:12.726  8111  8451 W EloquenceTTSServiceDict: CS0 - Let's start
02-02 15:31:12.726  8111  8451 W EloquenceTTSServiceDict: CS7 - LastIndex: -1
02-02 15:31:12.726  8111  8451 W EloquenceTTSServiceDict: CS0 - Let's start
02-02 15:31:12.726  8111  8451 W EloquenceTTSServiceDict: CS7 - LastIndex: -1
02-02 15:31:12.726  8111  8451 W EloquenceTTSServiceDict: CS0 - Let's start
02-02 15:31:12.726  8111  8451 W EloquenceTTSServiceDict: CS6 - LastIndex: -1
02-02 15:31:12.726  8111  8451 W EloquenceTTSServiceDict: CS0 - Let's start
02-02 15:31:12.726  8111  8451 W EloquenceTTSServiceDict: CS6 - LastIndex: -1
02-02 15:31:12.726  8111  8451 W EloquenceTTSServiceDict: CS0 - Let's start
02-02 15:31:12.726  8111  8451 W EloquenceTTSServiceDict: CS6 - LastIndex: -1
02-02 15:31:12.726  8111  8451 W EloquenceTTSServiceDict: CS0 - Let's start
02-02 15:31:12.726  8111  8451 W EloquenceTTSServiceDict: CS6 - LastIndex: -1
02-02 15:31:12.726  8111  8451 W EloquenceTTSServiceDict: CS0 - Let's start
02-02 15:31:12.726  8111  8451 W EloquenceTTSServiceDict: CS5 - LastIndex: -1
02-02 15:31:12.726  8111  8451 W EloquenceTTSServiceDict: CS0 - Let's start
02-02 15:31:12.726  8111  8451 W EloquenceTTSServiceDict: CS5 - LastIndex: -1
02-02 15:31:12.726  8111  8451 W EloquenceTTSServiceDict: CS0 - Let's start
02-02 15:31:12.726  8111  8451 W EloquenceTTSServiceDict: CS5 - LastIndex: -1
02-02 15:31:12.726  8111  8451 W EloquenceTTSServiceDict: CS0 - Let's start
02-02 15:31:12.726  8111  8451 W EloquenceTTSServiceDict: CS5 - LastIndex: -1
02-02 15:31:12.726  8111  8451 W EloquenceTTSServiceDict: CS0 - Let's start
02-02 15:31:12.726  8111  8451 W EloquenceTTSServiceDict: CS5 - LastIndex: -1
02-02 15:31:12.726  8111  8451 W EloquenceTTSServiceDict: CS0 - Let's start
02-02 15:31:12.726  8111  8451 W EloquenceTTSServiceDict: CS8 - LastIndex: -1 currWordLength: 15 textLength: 19
02-02 15:31:12.726  8111  8451 W EloquenceTTSServiceDict: TEXT BEFORE: Recomandate Nebifat
02-02 15:31:12.726  8111  8451 W EloquenceTTSServiceDict: TEXT AFTER: Recomandate Nebifat
02-02 15:31:12.726  8111  8451 W EloquenceTTSService: userDict - AFTER: Recomandate Nebifat
02-02 15:31:12.726  8111  8451 W EloquenceTTSService: textProcessor - BEFORE: Recomandate Nebifat
02-02 15:31:12.726  8111  8451 W EloquenceTTSService: textProcessor - AFTER: Recomandate Nebifat
02-02 15:31:12.726  8111  8451 W EloquenceTTSService: emojiTranslation - BEFORE: Recomandate Nebifat
02-02 15:31:12.727  8111  8451 W EloquenceTTSService: emojiTranslation - AFTER: Recomandate Nebifat
02-02 15:31:12.727  8111  8451 W EloquenceTTSService: getVolume() - volume: `vv99 
02-02 15:31:12.727  8111  8451 E EloquenceTTSService: Speech pitch 100
02-02 15:31:12.758  2911  2911 V PowerManager: userActivity when=13697542 event=0 flags=0 displayId=0 by (android) callers=android.os.PowerManager.userActivity:1487 com.android.server.accessibility.AccessibilityInputFilter.handleMotionEvent:536 com.android.server.accessibility.AccessibilityInputFilter.processMotionEvent:506 
02-02 15:31:12.758  2911  2911 W BoostOptController: not supported hint: 118
02-02 15:31:12.761 21119 24489 I artd    : GetBestInfo: odex next to the dex file (/data/app/~~5wZ3anF0Jh_IOO336L5A4A==/com.vrem.wifianalyzer-DcdKWMrt91zQy9RIljfWTw==/oat/arm64/base.odex) is kOatUpToDate with filter 'speed-profile' executable 'false'
02-02 15:31:12.777 21119 24489 I artd    : GetBestInfo: odex next to the dex file (/data/app/~~4AXjwphVmPynzSAUfsgCDA==/com.adobe.reader-FuALd0aZYPYf5vpTq1btXA==/oat/arm64/base.odex) is kOatUpToDate with filter 'speed-profile' executable 'false'
02-02 15:31:12.779 21119 24489 I artd    : GetBestInfo: dm (/data/app/~~4AXjwphVmPynzSAUfsgCDA==/com.adobe.reader-FuALd0aZYPYf5vpTq1btXA==/split_FASOpenCVDF.dm) is kOatUpToDate with filter 'verify' executable 'false'
02-02 15:31:12.782 21119 24489 I artd    : GetBestInfo: dm (/data/app/~~4AXjwphVmPynzSAUfsgCDA==/com.adobe.reader-FuALd0aZYPYf5vpTq1btXA==/split_LMCODModelDF.dm) is kOatUpToDate with filter 'verify' executable 'false'
02-02 15:31:12.785  2911  2960 I ActivityManager: Test idle failed due to 8db2f7e 26024:com.facebook.katana/u0a410 runnable at +432ms because NORMAL
02-02 15:31:12.809 21119 24489 I artd    : GetBestInfo: odex next to the dex file (/data/app/~~lDriVA2qMETmd5kWyo4niw==/com.ghisler.tcplugins.wifitransfer-LxRMjy82MMH8AyMRlARcAQ==/oat/arm64/base.odex) is kOatUpToDate with filter 'speed-profile' executable 'false'
02-02 15:31:12.820 26024 26115 W facebook.katana: JNI RegisterNativeMethods: attempt to register 0 native methods for com.facebook.omnistore.OmnistoreCollectionFrontendHolder
02-02 15:31:12.825 21119 24489 I artd    : GetBestInfo: odex next to the dex file (/data/app/~~tSN0NavIvTUHIunAC2TqkQ==/com.lazarillo-8A_wQYYAUj5IBMhwjnIwOw==/oat/arm64/base.odex) is kOatUpToDate with filter 'speed-profile' executable 'false'
02-02 15:31:12.830  1689  1782 E minksocket: MinkIPC_QRTR_Service: client with node 1 port 705e went down
02-02 15:31:12.831  1689  1782 E minksocket: MinkIPC_QRTR_Service: client with node 1 port 705f went down
02-02 15:31:12.832 21539 21539 W Finsky  : [2] STU: Failed to get storage stats for package 'com.google.android.ipsec' (1601: Error getting stats: android.content.pm.PackageManager.NameNotFoundException)
02-02 15:31:12.835  1689  1782 E minksocket: MinkIPC_QRTR_Service: client with node 1 port 7060 went down
02-02 15:31:12.837  1689  1782 E minksocket: MinkIPC_QRTR_Service: client with node 1 port 7061 went down
02-02 15:31:12.843 21119 24489 I artd    : GetBestInfo: odex next to the dex file (/data/app/~~69aFn_X1-NhsfRHmq1m4XA==/com.motorola.help-ejixOaFaW2FkskrmJmsSeg==/oat/arm64/base.odex) is kOatUpToDate with filter 'speed-profile' executable 'false'
02-02 15:31:12.844  2911  7333 D ConnectivityService: requestNetwork for uid/pid:10410/26024 activeRequest: null callbackRequest: 4214 [NetworkRequest [ REQUEST id=4215, [ Capabilities: INTERNET&NOT_RESTRICTED&TRUSTED&NOT_VCN_MANAGED&NOT_BANDWIDTH_CONSTRAINED Uid: 10410 RequestorUid: 10410 RequestorPkg: com.facebook.katana UnderlyingNetworks: Null] ]] callback flags: 0 order: 2147483647 isUidTracked: false declaredMethods: AVAIL|NC
02-02 15:31:12.847  2911  3549 D WifiNetworkFactory: got request NetworkRequest [ REQUEST id=4215, [ Capabilities: INTERNET&NOT_RESTRICTED&TRUSTED&NOT_VCN_MANAGED&NOT_BANDWIDTH_CONSTRAINED Uid: 10410 RequestorUid: 10410 RequestorPkg: com.facebook.katana UnderlyingNetworks: Null] ]
02-02 15:31:12.848  2911  3557 D ConnectivityService: NetReassign [4215 : null  111] [c 0] [a 1] [i 2]
02-02 15:31:12.848  2911  3549 D UntrustedWifiNetworkFactory: got request NetworkRequest [ REQUEST id=4215, [ Capabilities: INTERNET&NOT_RESTRICTED&TRUSTED&NOT_VCN_MANAGED&NOT_BANDWIDTH_CONSTRAINED Uid: 10410 RequestorUid: 10410 RequestorPkg: com.facebook.katana UnderlyingNetworks: Null] ]
02-02 15:31:12.848  2911  3549 D OemPaidWifiNetworkFactory: got request NetworkRequest [ REQUEST id=4215, [ Capabilities: INTERNET&NOT_RESTRICTED&TRUSTED&NOT_VCN_MANAGED&NOT_BANDWIDTH_CONSTRAINED Uid: 10410 RequestorUid: 10410 RequestorPkg: com.facebook.katana UnderlyingNetworks: Null] ]
02-02 15:31:12.848  2911  3549 D MultiInternetWifiNetworkFactory: got request NetworkRequest [ REQUEST id=4215, [ Capabilities: INTERNET&NOT_RESTRICTED&TRUSTED&NOT_VCN_MANAGED&NOT_BANDWIDTH_CONSTRAINED Uid: 10410 RequestorUid: 10410 RequestorPkg: com.facebook.katana UnderlyingNetworks: Null] ]
02-02 15:31:12.854 21119 24489 I artd    : GetBestInfo: odex next to the dex file (/data/app/~~bnM7WdOwes8NtW5GppEENw==/com.opera.browser-HcXf9OMWJbj1hQYujTCwjw==/oat/arm64/base.odex) is kOatUpToDate with filter 'speed-profile' executable 'false'
02-02 15:31:12.858  1695  1764 V DlbVolumeListener: effectCommand
02-02 15:31:12.858  1695  3736 D MotSpeakerHelper: Speaker ON: volume 0.012589 (step 3), usecase MUSIC
02-02 15:31:12.858  1695  3736 D MotSpeakerHelper: Setting speaker trim 84 (0 dB, 0 dB)
02-02 15:31:12.859  1695  1764 V DlbVolumeListener: effectCommand
02-02 15:31:12.859  1695  3736 D MotSpeakerHelper: Speaker ON: volume 0.012589 (step 3), usecase MUSIC
02-02 15:31:12.859  1695  3736 D MotSpeakerHelper: Setting speaker trim 84 (0 dB, 0 dB)
02-02 15:31:12.859  1695  3736 D MotSpeakerHelper: Speaker ON: volume 0.012589 (step 3), usecase MUSIC
02-02 15:31:12.859  1695  3736 D MotSpeakerHelper: Setting speaker trim 84 (0 dB, 0 dB)
02-02 15:31:12.859  1695  3736 D MotSpeakerHelper: Speaker ON: volume 0.012589 (step 3), usecase MUSIC
02-02 15:31:12.859  1695  3736 D MotSpeakerHelper: Setting speaker trim 84 (0 dB, 0 dB)
02-02 15:31:12.859  1695 12005 D DlbDlbEffect: handle_EFFECT_CMD_SET_DEVICE(device=0x00000002)
02-02 15:31:12.859  1695 12005 D DlbDapEndpointParamCache: setDevice(device=0x00000002)
02-02 15:31:12.859  1774  1774 D DolbyManagerService: setActiveDevice called with device = 0x2 (original 0x2)
02-02 15:31:12.860  1695 29057 D AHAL: AudioDevice: CreateAudioPatch: 506: enter: num sources 1, num_sinks 1
02-02 15:31:12.860  1695 29057 D AHAL: AudioDevice: CreateAudioPatch: 521: source role 1, source type 2
02-02 15:31:12.860  1695 29057 D AHAL: AudioDevice: CreateAudioPatch: 549: Playback patch from mix handle 29 to device 2
02-02 15:31:12.860  1695 29057 I AHAL: AudioDevice: OutGetStream: 1340: Found existing stream associated with iohandle 29
02-02 15:31:12.860  1695 29057 D AHAL: AudioVoice: RouteStream: 474: Enter
02-02 15:31:12.860  1695 29057 D AHAL: AudioVoice: GetMatchingTxDevices: 461: out device for speaker mic 0
02-02 15:31:12.860  1695 29057 D AHAL: AudioVoice: RouteStream: 503: Routing is 2
02-02 15:31:12.860  1695 29057 D AHAL: AudioDevice: GetPalDeviceIds: 2587: haldeviceIds: 1
02-02 15:31:12.860  1695 29057 D AHAL: AudioDevice: GetPalDeviceIds: 2594: Found haldeviceId: 2 and PAL Device ID 3
02-02 15:31:12.860  1695 29057 D AHAL: AudioDevice: GetPalDeviceIds: 2613: devices allocated 1, pal device ids before returning 1
02-02 15:31:12.860  1695 29057 D AHAL: AudioDevice: GetPalDeviceIds: 2587: haldeviceIds: 1
02-02 15:31:12.860  1695 29057 D AHAL: AudioDevice: GetPalDeviceIds: 2594: Found haldeviceId: 80000080 and PAL Device ID 26
02-02 15:31:12.860  1695 29057 D AHAL: AudioDevice: GetPalDeviceIds: 2613: devices allocated 1, pal device ids before returning 1
02-02 15:31:12.860  1695 29057 D AHAL: AudioVoice: RouteStream: 538: Exit ret: 0
02-02 15:31:12.861  1695 29057 I AHAL: AudioStream: RouteStream: 2354: enter: usecase(0: deep-buffer-playback) devices 0x2, num devices 1
02-02 15:31:12.861  1695 29057 D AHAL: AudioStream: RouteStream: 2357: mAndroidOutDevices 2, mNoOfOutDevices 1
02-02 15:31:12.861  1695 29057 D AHAL: AudioStream: RouteStream: 2402: setting voip output device 0
02-02 15:31:12.861  1695 29057 D AHAL: AudioDevice: GetPalDeviceIds: 2587: haldeviceIds: 1
02-02 15:31:12.861  1695 29057 D AHAL: AudioDevice: GetPalDeviceIds: 2594: Found haldeviceId: 2 and PAL Device ID 3
02-02 15:31:12.861  1695 29057 D AHAL: AudioDevice: GetPalDeviceIds: 2613: devices allocated 1, pal device ids before returning 1
02-02 15:31:12.861  1695 29057 D AHAL: AudioStream: RouteStream: 2436: noPalDevices: 1 , new_devices: 1
02-02 15:31:12.861  1695 29057 I PAL: ResourceManager: getParameter: 8228: get parameter for HIFI PCM Filter
02-02 15:31:12.861  1695 29057 I PAL: API: pal_stream_set_device: 1045: Enter. Stream handle :0xb400007cb3755430K
02-02 15:31:12.861  1695 29057 I PAL: API: pal_stream_set_device: 1194: Exit. status 0
02-02 15:31:12.861  1695 29057 D generic_effect_ar: gef_device_config_cb: stream type=8 sample_rate=48000 device=2
02-02 15:31:12.861  1695 29057 D AHAL: ext_speaker: audio_extn_extspk_update: 152: devices 0x2
02-02 15:31:12.861  1695 29057 D AHAL: AudioStream: RouteStream: 2540: exit 0
02-02 15:31:12.861  1695 29057 D AHAL: AudioDevice: CreateAudioPatch: 621: Exit ret: 0
02-02 15:31:12.861  1899  2899 D audioserver: logFgsApiEnd: FGS Logger Transaction failed, -129
02-02 15:31:12.861  1899  2899 D audioserver: logFgsApiBegin: FGS Logger Transaction failed, -129
02-02 15:31:12.861  1899  2899 D audioserver: logFgsApiEnd: FGS Logger Transaction failed, -129
02-02 15:31:12.861  1899  2899 D audioserver: logFgsApiBegin: FGS Logger Transaction failed, -129
