02-02 15:31:08.289 21119 24489 I artd    : GetBestInfo: dm (/data/app/~~mq3srIrVFcBVb8R4W8TjcA==/com.alibaba.aliexpresshd-zBSRzY4L7RfP6r4C6RfB-Q==/split_aiFoundation.dm) is kOatUpToDate with filter 'verify' executable 'false'
02-02 15:31:08.291 21119 24489 I artd    : GetBestInfo: dm (/data/app/~~mq3srIrVFcBVb8R4W8TjcA==/com.alibaba.aliexpresshd-zBSRzY4L7RfP6r4C6RfB-Q==/split_push.dm) is kOatUpToDate with filter 'verify' executable 'false'
02-02 15:31:08.293 21119 24489 I artd    : GetBestInfo: dm (/data/app/~~mq3srIrVFcBVb8R4W8TjcA==/com.alibaba.aliexpresshd-zBSRzY4L7RfP6r4C6RfB-Q==/split_ugc.dm) is kOatUpToDate with filter 'verify' executable 'false'
02-02 15:31:08.296 21119 24489 I artd    : GetBestInfo: dm (/data/app/~~mq3srIrVFcBVb8R4W8TjcA==/com.alibaba.aliexpresshd-zBSRzY4L7RfP6r4C6RfB-Q==/split_wallet.dm) is kOatUpToDate with filter 'verify' executable 'false'
02-02 15:31:08.298 21119 24489 I artd    : GetBestInfo: dm (/data/app/~~mq3srIrVFcBVb8R4W8TjcA==/com.alibaba.aliexpresshd-zBSRzY4L7RfP6r4C6RfB-Q==/split_widget.dm) is kOatUpToDate with filter 'verify' executable 'false'
02-02 15:31:08.300 21119 24489 I artd    : GetBestInfo: odex next to the dex file (/data/user/0/com.alibaba.aliexpresshd/app_u4sdk/dlibs/386870212/oat/arm64/core.odex) is kOatUpToDate with filter 'verify' executable 'false'
02-02 15:31:08.319 26024 26067 W fb4a.AppInitScheduler|Run: DeadlockMonitor exiting.
02-02 15:31:08.334 21539 21539 W Finsky  : [2] STU: Failed to get storage stats for package 'com.google.android.appsearch' (1601: Error getting stats: android.content.pm.PackageManager.NameNotFoundException)
02-02 15:31:08.335 21539 21539 W Finsky  : [2] STU: Failed to get storage stats for package 'com.google.android.art' (1601: Error getting stats: android.content.pm.PackageManager.NameNotFoundException)
02-02 15:31:08.341 21119 24489 I artd    : GetBestInfo: odex next to the dex file (/data/app/~~5DGEvvbocmfP1pNvo0Iejw==/com.google.android.marvin.talkback-8JuQGqMeyYgYYGsXUBslxg==/oat/arm64/base.odex) is kOatUpToDate with filter 'speed-profile' executable 'false'
02-02 15:31:08.353 21119 24489 I artd    : GetBestInfo: dm (/data/app/~~GnPbfxgq9gqVa7OY2PBJ6Q==/com.rsa.securidapp-FJSpkOFOgjzBSxbCJLZ5kw==/base.dm) is kOatUpToDate with filter 'verify' executable 'false'
02-02 15:31:08.356 21119 24489 I artd    : GetBestInfo: vdex next to the dex file (/data/user/0/com.rsa.securidapp/files/oat/arm64/jcmandroidfips.vdex) is kOatUpToDate with filter 'verify' executable 'false'
02-02 15:31:08.358  4356 25447 D AudioTrack: stop(6107): called with 4945 frames delivered
02-02 15:31:08.359  2911  4405 I MediaFocusControl: abandonAudioFocus() from uid/pid 10592/12232 clientId=android.media.AudioManager@86c6e6fcom.dalton.braillekeyboard.Speech$2@9c85932
02-02 15:31:08.360  2911  4405 I MediaFocusControl: removeFocusStackEntry client:android.media.AudioManager@86c6e6fcom.dalton.braillekeyboard.Speech$2@9c85932
02-02 15:31:08.360  4356  4367 I TtsService: onIsLanguageAvailable: ronROU
02-02 15:31:08.363  4356  4367 I TtsService: onIsLanguageAvailable: ronROU
02-02 15:31:08.366  4356  4367 I TtsService: onIsLanguageAvailable: ronROU
02-02 15:31:08.374 21119 24489 I artd    : GetBestInfo: odex next to the dex file (/data/app/~~PdsGR2BPad3e5AMjwVYjkA==/com.whatsapp-xndpeg4gBDGQ-oQr-jSkYQ==/oat/arm64/base.odex) is kOatUpToDate with filter 'speed-profile' executable 'false'
02-02 15:31:08.387 21119 24489 I artd    : GetBestInfo: odex next to the dex file (/data/app/~~__euX0kerOJFszMbbnzdBQ==/com.kapron.ap.aiselfie-OvuTQvuqrZryDeLp9qneMw==/oat/arm64/base.odex) is kOatUpToDate with filter 'speed-profile' executable 'false'
02-02 15:31:08.387  2911  7469 D TextToSpeechManagerPerUserService: Unbinding TTS engine: com.nirenr.talkman. Reason: client disconnection request
02-02 15:31:08.391  2911  2911 W TextToSpeechManagerPerUserService: Disconnected from TTS engine
02-02 15:31:08.392 12232 22014 I TextToSpeech: Disconnected from TTS engine
02-02 15:31:08.392  2911  2911 W ServiceConnector.Impl: mayInterruptIfRunning not supported - ignoring
02-02 15:31:08.394 21119 24489 I artd    : GetBestInfo: odex next to the dex file (/data/app/~~IsUtwg3D8fmOZUFRvhBx4w==/com.google.android.safetycore-gqOjOrHvP4tmfI-3DwgrdA==/oat/arm64/base.odex) is kOatUpToDate with filter 'speed-profile' executable 'false'
02-02 15:31:08.403  1899  2534 D APM_AudioPolicyManager: stopOutput() output 13, stream 10, session 47529
02-02 15:31:08.403  1899  2885 D audioserver: logFgsApiEnd: FGS Logger Transaction failed, -129
02-02 15:31:08.411 21119 24489 I artd    : GetBestInfo: odex next to the dex file (/data/app/~~XcROuqvHt9eQK1vw9LCcDw==/com.apkmirror.helper.prod-YlbOYAiQk3YW-bYhuS9LMQ==/oat/arm64/base.odex) is kOatUpToDate with filter 'speed-profile' executable 'false'
02-02 15:31:08.414 21119 24489 I artd    : GetBestInfo: vdex next to the dex file (/data/user/0/com.apkmirror.helper.prod/app_pccache/5/1CEDD60EE1DEB4A5D57108096C421D8F03173B2C/oat/arm64/pcam.vdex) is kOatUpToDate with filter 'verify' executable 'false'
02-02 15:31:08.415  3932  3973 I QImsService: VtDataUsageProvider : onSetAlert:2097152
02-02 15:31:08.416  3932  3932 I QImsService: ImsServiceClassTracker : updateAlertQuota:newQuota=2097152,Remaining=2097152
02-02 15:31:08.418 21119 24489 I artd    : GetBestInfo: odex next to the dex file (/data/user/0/com.apkmirror.helper.prod/app_pccache/5/9C2BDF6C31122BA43D110BBDCFF136C1C2C1E6F7/oat/arm64/pcam.odex) is kOatUpToDate with filter 'speed-profile' executable 'false'
02-02 15:31:08.423  1689  1782 E minksocket: MinkIPC_QRTR_Service: client with node 1 port 704e went down
02-02 15:31:08.424  1689  1782 E minksocket: MinkIPC_QRTR_Service: client with node 1 port 704f went down
02-02 15:31:08.424  1689  1782 E minksocket: MinkIPC_QRTR_Service: client with node 1 port 7050 went down
02-02 15:31:08.426  1689  1782 E minksocket: MinkIPC_QRTR_Service: client with node 1 port 7051 went down
02-02 15:31:08.428 24240 24253 I .editors.slides: Background concurrent mark compact GC freed 8403KB AllocSpace bytes, 22(1352KB) LOS objects, 79% free, 6430KB/30MB, paused 2.260ms,6.754ms total 299.996ms
02-02 15:31:08.430 21119 24489 I artd    : GetBestInfo: odex next to the dex file (/data/app/~~Ua3MDNr0xv704GtmyGkQ2A==/ak.alizandro.smartaudiobookplayer-hqzdDLFbOZvf5c3SQOQaMw==/oat/arm/base.odex) is kOatUpToDate with filter 'speed-profile' executable 'false'
02-02 15:31:08.440 21119 24489 I artd    : GetBestInfo: odex next to the dex file (/data/app/~~S8-7wuxnA1G9Kl8jNXe4jg==/org.nobody.multitts-MUe4JOwdA2zhTNtSyqaZJQ==/oat/arm64/base.odex) is kOatUpToDate with filter 'speed-profile' executable 'false'
02-02 15:31:08.450 21119 24489 I artd    : GetBestInfo: odex next to the dex file (/data/app/~~_Opjtlgw_Zzqy_F72QjVIg==/com.qohlo.ca-DXLMGh4xrnh9eLg_HHaHvw==/oat/arm64/base.odex) is kOatUpToDate with filter 'speed-profile' executable 'false'
02-02 15:31:08.458  1899  2534 D APM_AudioPolicyManager: stopOutput() output 13, stream 10, session 48833
02-02 15:31:08.458  1899  2885 D audioserver: logFgsApiEnd: FGS Logger Transaction failed, -129
02-02 15:31:08.461  2911  2911 V PowerManager: userActivity when=13693245 event=0 flags=0 displayId=0 by (android) callers=android.os.PowerManager.userActivity:1487 com.android.server.accessibility.AccessibilityInputFilter.handleMotionEvent:536 com.android.server.accessibility.AccessibilityInputFilter.processMotionEvent:506 
02-02 15:31:08.461  2911  2911 W BoostOptController: not supported hint: 118
02-02 15:31:08.470 21119 24489 I artd    : GetBestInfo: odex next to the dex file (/data/app/~~TYmJJw8shtMDhuz8G0hIww==/com.google.android.dialer-SurOfcqMtckhNzaq24r27g==/oat/arm64/base.odex) is kOatUpToDate with filter 'speed-profile' executable 'false'
02-02 15:31:08.479 21119 24489 I artd    : GetBestInfo: odex next to the dex file (/data/app/~~sn28R1FwcDuti82uBlgn2w==/com.ilyas.ilyasapps.wifidistancestrength-HPbw81CydoYmCCTZbC93Qg==/oat/arm64/base.odex) is kOatUpToDate with filter 'speed-profile' executable 'false'
02-02 15:31:08.487  1899  2885 D audioserver: logFgsApiEnd: FGS Logger Transaction failed, -129
02-02 15:31:08.492 21119 24489 I artd    : GetBestInfo: odex next to the dex file (/data/app/~~2ria2q4Aj_ipM7NqaD6LzQ==/pl.com.tt.SeeingAssistant.go-yKeZKQbZ_xLSm3tFPWzV0w==/oat/arm64/base.odex) is kOatUpToDate with filter 'speed-profile' executable 'false'
02-02 15:31:08.501 21119 24489 I artd    : GetBestInfo: vdex next to the dex file (/data/app/~~gzF8xsU3WIJ8dvb-ABKEYg==/android.autoinstalls.config.motorola.layout-DqSFv2WRJak-spa0O1XMbQ==/oat/arm64/base.vdex) is kOatUpToDate with filter 'verify' executable 'false'
02-02 15:31:08.516  2551 18610 D BufferPoolAccessor2.0: bufferpool2 0xb400007595d29578 : 4(131072 size) total buffers - 1(32768 size) used buffers - 3670/3737 (recycle/alloc) - 79/3735 (fetch/transfer)
02-02 15:31:08.533 21119 24489 I artd    : GetBestInfo: odex next to the dex file (/data/app/~~7p02deB1jpgfVvoKKjYu0A==/jbl.stc.com-UFLq3ViMAQiu_YSBqMi6yQ==/oat/arm64/base.odex) is kOatUpToDate with filter 'speed-profile' executable 'false'
02-02 15:31:08.536 21539 21539 W Finsky  : [2] STU: Failed to get storage stats for package 'com.google.android.mediaprovider' (1601: Error getting stats: android.content.pm.PackageManager.NameNotFoundException)
02-02 15:31:08.542 26024 26115 W facebook.katana: JNI RegisterNativeMethods: attempt to register 0 native methods for com.facebook.traffic.nts.providers.reachability.ReachabilityV2ProviderAppLayerUpcallsImpl
02-02 15:31:08.545 21119 24489 I artd    : GetBestInfo: odex next to the dex file (/data/app/~~kjHZil6UVZJDNbjoky6_vg==/com.google.android.apps.magazines-bxhZ6UONyDeSbRPYY1AkiA==/oat/arm64/base.odex) is kOatUpToDate with filter 'speed-profile' executable 'false'
02-02 15:31:08.545  2911  7505 D ConnectivityService: requestNetwork for uid/pid:10410/26024 activeRequest: null callbackRequest: 4212 [NetworkRequest [ REQUEST id=4213, [ Capabilities: INTERNET&NOT_RESTRICTED&TRUSTED&NOT_VCN_MANAGED&NOT_BANDWIDTH_CONSTRAINED Uid: 10410 RequestorUid: 10410 RequestorPkg: com.facebook.katana UnderlyingNetworks: Null] ]] callback flags: 0 order: 2147483647 isUidTracked: false declaredMethods: AVAIL|LOST|NC|LP
02-02 15:31:08.555  2911  3549 D WifiNetworkFactory: got request NetworkRequest [ REQUEST id=4213, [ Capabilities: INTERNET&NOT_RESTRICTED&TRUSTED&NOT_VCN_MANAGED&NOT_BANDWIDTH_CONSTRAINED Uid: 10410 RequestorUid: 10410 RequestorPkg: com.facebook.katana UnderlyingNetworks: Null] ]
02-02 15:31:08.557  2911  3549 D UntrustedWifiNetworkFactory: got request NetworkRequest [ REQUEST id=4213, [ Capabilities: INTERNET&NOT_RESTRICTED&TRUSTED&NOT_VCN_MANAGED&NOT_BANDWIDTH_CONSTRAINED Uid: 10410 RequestorUid: 10410 RequestorPkg: com.facebook.katana UnderlyingNetworks: Null] ]
02-02 15:31:08.558  2911  3549 D OemPaidWifiNetworkFactory: got request NetworkRequest [ REQUEST id=4213, [ Capabilities: INTERNET&NOT_RESTRICTED&TRUSTED&NOT_VCN_MANAGED&NOT_BANDWIDTH_CONSTRAINED Uid: 10410 RequestorUid: 10410 RequestorPkg: com.facebook.katana UnderlyingNetworks: Null] ]
02-02 15:31:08.559  2911  3549 D MultiInternetWifiNetworkFactory: got request NetworkRequest [ REQUEST id=4213, [ Capabilities: INTERNET&NOT_RESTRICTED&TRUSTED&NOT_VCN_MANAGED&NOT_BANDWIDTH_CONSTRAINED Uid: 10410 RequestorUid: 10410 RequestorPkg: com.facebook.katana UnderlyingNetworks: Null] ]
02-02 15:31:08.559  2911  3557 D ConnectivityService: NetReassign [4213 : null  111] [c 0] [a 2] [i 10]
02-02 15:31:08.559 21119 24489 I artd    : GetBestInfo: odex next to the dex file (/data/app/~~UpKI8PO-UFpTY53ve4mpaw==/np.com.softwel.swmaps-GGH6UwEgG9OidjZ-ZfSEtw==/oat/arm64/base.odex) is kOatUpToDate with filter 'speed-profile' executable 'false'
02-02 15:31:08.574 21119 24489 I artd    : GetBestInfo: odex next to the dex file (/data/app/~~FQJb2O61OuCYspIFWIbkUA==/com.fye.fromyoureyes-Ai83ZtahuCFEfSKGogrU-A==/oat/arm64/base.odex) is kOatUpToDate with filter 'speed-profile' executable 'false'
02-02 15:31:08.591 21119 24489 I artd    : GetBestInfo: odex next to the dex file (/data/app/~~JZ1Qa1qSL2dL8QQ6HxcwTA==/ro.mercador-sW5Xn9eLRelms6qY7G4pdg==/oat/arm64/base.odex) is kOatUpToDate with filter 'speed-profile' executable 'false'
02-02 15:31:08.594 21119 24489 I artd    : GetBestInfo: vdex next to the dex file (/data/user/0/ro.mercador/app_pccache/5/0DB12F04482D5EE6F1C4FAFDFA9C30C300995A35/oat/arm64/pcam.vdex) is kOatUpToDate with filter 'verify' executable 'false'
02-02 15:31:08.628 21119 24489 I artd    : GetBestInfo: odex next to the dex file (/data/app/~~I1lWviXVPM15bP-LY92G5A==/in.gingermind.eyedpro-KA3dMb37N9CEfpzMuYeSCA==/oat/arm64/base.odex) is kOatUpToDate with filter 'speed-profile' executable 'false'
02-02 15:31:08.648 21119 24489 I artd    : GetBestInfo: odex next to the dex file (/data/app/~~VDupbwwLAUelp_qsoSM3lg==/com.gamma.scan-1in_Gfhm7KKYCVW72dbXeg==/oat/arm64/base.odex) is kOatUpToDate with filter 'speed-profile' executable 'false'
02-02 15:31:08.651 21119 24489 I artd    : GetBestInfo: vdex next to the dex file (/data/user/0/com.gamma.scan/app_pccache/5/0C27F8F29F18E5FB9C36CBB9EA9B2F06C1974D7B/oat/arm64/pcam.vdex) is kOatUpToDate with filter 'verify' executable 'false'
02-02 15:31:08.654 21119 24489 I artd    : GetBestInfo: vdex next to the dex file (/data/user/0/com.gamma.scan/app_pccache/5/93C3DCFD0867095FE4406F170E27CC60B68F10CD/oat/arm64/pcam.vdex) is kOatUpToDate with filter 'verify' executable 'false'
02-02 15:31:08.658  1695  1764 V DlbVolumeListener: effectCommand
02-02 15:31:08.659  1695  3736 D MotSpeakerHelper: Speaker ON: volume 0.012589 (step 3), usecase MUSIC
02-02 15:31:08.659  1695  3736 D MotSpeakerHelper: Setting speaker trim 84 (0 dB, 0 dB)
02-02 15:31:08.659  1695  1764 V DlbVolumeListener: effectCommand
02-02 15:31:08.659  1695  3736 D MotSpeakerHelper: Speaker ON: volume 0.012589 (step 3), usecase MUSIC
02-02 15:31:08.660  1695  3736 D MotSpeakerHelper: Setting speaker trim 84 (0 dB, 0 dB)
02-02 15:31:08.660  1695  3736 D MotSpeakerHelper: Speaker ON: volume 0.012589 (step 3), usecase MUSIC
02-02 15:31:08.660  1695 12005 D DlbDlbEffect: handle_EFFECT_CMD_SET_DEVICE(device=0x00000002)
02-02 15:31:08.660  1695 12005 D DlbDapEndpointParamCache: setDevice(device=0x00000002)
02-02 15:31:08.660  1695  3736 D MotSpeakerHelper: Setting speaker trim 84 (0 dB, 0 dB)
02-02 15:31:08.660  1695  3736 D MotSpeakerHelper: Speaker ON: volume 0.012589 (step 3), usecase MUSIC
02-02 15:31:08.660  1774  1774 D DolbyManagerService: setActiveDevice called with device = 0x2 (original 0x2)
02-02 15:31:08.660  1695  3736 D MotSpeakerHelper: Setting speaker trim 84 (0 dB, 0 dB)
02-02 15:31:08.662  1695 12005 D AHAL: AudioDevice: CreateAudioPatch: 506: enter: num sources 1, num_sinks 1
02-02 15:31:08.662  1695 12005 D AHAL: AudioDevice: CreateAudioPatch: 521: source role 1, source type 2
02-02 15:31:08.662  1695 12005 D AHAL: AudioDevice: CreateAudioPatch: 549: Playback patch from mix handle 29 to device 2
02-02 15:31:08.662  1695 12005 I AHAL: AudioDevice: OutGetStream: 1340: Found existing stream associated with iohandle 29
02-02 15:31:08.663  1695 12005 D AHAL: AudioVoice: RouteStream: 474: Enter
02-02 15:31:08.663  1695 12005 D AHAL: AudioVoice: GetMatchingTxDevices: 461: out device for speaker mic 0
02-02 15:31:08.663  1695 12005 D AHAL: AudioVoice: RouteStream: 503: Routing is 2
02-02 15:31:08.664  1695 12005 D AHAL: AudioDevice: GetPalDeviceIds: 2587: haldeviceIds: 1
02-02 15:31:08.664  1695 12005 D AHAL: AudioDevice: GetPalDeviceIds: 2594: Found haldeviceId: 2 and PAL Device ID 3
02-02 15:31:08.664  1695 12005 D AHAL: AudioDevice: GetPalDeviceIds: 2613: devices allocated 1, pal device ids before returning 1
02-02 15:31:08.664  1695 12005 D AHAL: AudioDevice: GetPalDeviceIds: 2587: haldeviceIds: 1
02-02 15:31:08.665  1695 12005 D AHAL: AudioDevice: GetPalDeviceIds: 2594: Found haldeviceId: 80000080 and PAL Device ID 26
02-02 15:31:08.665  1695 12005 D AHAL: AudioDevice: GetPalDeviceIds: 2613: devices allocated 1, pal device ids before returning 1
02-02 15:31:08.665  1695 12005 D AHAL: AudioVoice: RouteStream: 538: Exit ret: 0
02-02 15:31:08.665  1695 12005 I AHAL: AudioStream: RouteStream: 2354: enter: usecase(0: deep-buffer-playback) devices 0x2, num devices 1
02-02 15:31:08.665  1695 12005 D AHAL: AudioStream: RouteStream: 2357: mAndroidOutDevices 2, mNoOfOutDevices 1
02-02 15:31:08.665  1695 12005 D AHAL: AudioStream: RouteStream: 2402: setting voip output device 0
02-02 15:31:08.666  1695 12005 D AHAL: AudioDevice: GetPalDeviceIds: 2587: haldeviceIds: 1
02-02 15:31:08.666  1695 12005 D AHAL: AudioDevice: GetPalDeviceIds: 2594: Found haldeviceId: 2 and PAL Device ID 3
02-02 15:31:08.666  1695 12005 D AHAL: AudioDevice: GetPalDeviceIds: 2613: devices allocated 1, pal device ids before returning 1
02-02 15:31:08.666  1695 12005 D AHAL: AudioStream: RouteStream: 2436: noPalDevices: 1 , new_devices: 1
02-02 15:31:08.666  1695 12005 I PAL: ResourceManager: getParameter: 8228: get parameter for HIFI PCM Filter
02-02 15:31:08.666  1695 12005 I PAL: API: pal_stream_set_device: 1045: Enter. Stream handle :0xb400007cb3755430K
02-02 15:31:08.666  1695 12005 I PAL: API: pal_stream_set_device: 1194: Exit. status 0
02-02 15:31:08.667  1695 12005 D generic_effect_ar: gef_device_config_cb: stream type=8 sample_rate=48000 device=2
02-02 15:31:08.667  1695 12005 D AHAL: ext_speaker: audio_extn_extspk_update: 152: devices 0x2
02-02 15:31:08.667  1695 12005 D AHAL: AudioStream: RouteStream: 2540: exit 0
02-02 15:31:08.667  1695 12005 D AHAL: AudioDevice: CreateAudioPatch: 621: Exit ret: 0
02-02 15:31:08.669  1899  2899 D audioserver: logFgsApiEnd: FGS Logger Transaction failed, -129
02-02 15:31:08.669  1899  2899 D audioserver: logFgsApiBegin: FGS Logger Transaction failed, -129
02-02 15:31:08.669  1899  2899 D audioserver: logFgsApiEnd: FGS Logger Transaction failed, -129
02-02 15:31:08.670  1899  2899 D audioserver: logFgsApiBegin: FGS Logger Transaction failed, -129
02-02 15:31:08.673 21119 24489 I artd    : GetBestInfo: odex next to the dex file (/data/app/~~OoQzHPDd1bTv3V2DC_4-Yw==/com.box.android-CN7T7xhQwcoqbrsbT3Ntdw==/oat/arm64/base.odex) is kOatUpToDate with filter 'speed-profile' executable 'false'
02-02 15:31:08.673  1899  2534 D APM_AudioPolicyManager: releaseOutput() 13
02-02 15:31:08.675  1899  7725 W AidlConversionCppNdk: legacy2aidl_audio_channel_mask_t_AudioChannelLayout: no AudioChannelLayout found for legacy output audio_channel_mask_t value 0x10
02-02 15:31:08.675  3920  4107 W AidlConversionCppNdk: aidl2legacy_AudioChannelLayout_audio_channel_mask_t: no legacy output audio_channel_mask_t found for AudioChannelLayout{layoutMask: 16}
02-02 15:31:08.676  1899  1899 W AidlConversionCppNdk: legacy2aidl_audio_channel_mask_t_AudioChannelLayout: no AudioChannelLayout found for legacy output audio_channel_mask_t value 0x10
02-02 15:31:08.676  1899  2044 W AidlConversionCppNdk: legacy2aidl_audio_channel_mask_t_AudioChannelLayout: no AudioChannelLayout found for legacy output audio_channel_mask_t value 0x10
02-02 15:31:08.677  6995  8029 W AidlConversionCppNdk: aidl2legacy_AudioChannelLayout_audio_channel_mask_t: no legacy output audio_channel_mask_t found for AudioChannelLayout{layoutMask: 16}
02-02 15:31:08.678  2911  3572 W AidlConversionCppNdk: aidl2legacy_AudioChannelLayout_audio_channel_mask_t: no legacy output audio_channel_mask_t found for AudioChannelLayout{layoutMask: 16}
02-02 15:31:08.678  1899 29625 W AidlConversionCppNdk: legacy2aidl_audio_channel_mask_t_AudioChannelLayout: no AudioChannelLayout found for legacy output audio_channel_mask_t value 0x10
02-02 15:31:08.679  1899  6736 W AidlConversionCppNdk: legacy2aidl_audio_channel_mask_t_AudioChannelLayout: no AudioChannelLayout found for legacy output audio_channel_mask_t value 0x10
02-02 15:31:08.679  4356  4627 W AidlConversionCppNdk: aidl2legacy_AudioChannelLayout_audio_channel_mask_t: no legacy output audio_channel_mask_t found for AudioChannelLayout{layoutMask: 16}
02-02 15:31:08.680  5144  5966 W AidlConversionCppNdk: aidl2legacy_AudioChannelLayout_audio_channel_mask_t: no legacy output audio_channel_mask_t found for AudioChannelLayout{layoutMask: 16}
02-02 15:31:08.683 21119 24489 I artd    : GetBestInfo: odex next to the dex file (/data/app/~~cWek0RjLUt70fwMwmfKVNg==/com.motorola.timeweatherwidget-yERLfcJUCsCO4cIqLeFGUw==/oat/arm64/base.odex) is kOatUpToDate with filter 'speed-profile' executable 'false'
02-02 15:31:08.688 21539 21539 W Finsky  : [2] STU: Failed to get storage stats for package 'com.android.virt' (1601: Error getting stats: android.content.pm.PackageManager.NameNotFoundException)
02-02 15:31:08.688 21539 21539 W Finsky  : [2] STU: Failed to get storage stats for package 'com.android.btservices' (1601: Error getting stats: android.content.pm.PackageManager.NameNotFoundException)
02-02 15:31:08.691 21119 24489 I artd    : GetBestInfo: odex next to the dex file (/data/app/~~0Mry-EVhnBCBdtJGeXlFCQ==/com.google.android.apps.docs.editors.slides-7l2KTzsrFzyBx1Xt0idHuA==/oat/arm64/base.odex) is kOatUpToDate with filter 'speed-profile' executable 'false'
02-02 15:31:08.695 21539 21539 W Finsky  : [2] STU: Failed to get storage stats for package 'com.google.android.resolv' (1601: Error getting stats: android.content.pm.PackageManager.NameNotFoundException)
02-02 15:31:08.702 21119 24489 I artd    : GetBestInfo: odex next to the dex file (/data/app/~~mq-QZC0E57SXgzhq1LtsSg==/cinemagia.mobile-xFzomxFmruEXNmWxlXrMHg==/oat/arm64/base.odex) is kOatUpToDate with filter 'speed-profile' executable 'false'
02-02 15:31:08.724 21119 24489 I artd    : GetBestInfo: odex next to the dex file (/data/app/~~hL0VYTioMleycCCLC-k7dA==/ro.ascendnet.bringo-CEazZwiT2vPkxu072bw0SA==/oat/arm64/base.odex) is kOatUpToDate with filter 'speed-profile' executable 'false'
02-02 15:31:08.739 21119 24489 I artd    : GetBestInfo: odex next to the dex file (/data/app/~~P4qAE5kjptaEJ3fp39vSGg==/com.google.android.apps.bard-G5X3M8dtIKQajjd675Lxpw==/oat/arm64/base.odex) is kOatUpToDate with filter 'speed-profile' executable 'false'
02-02 15:31:08.756 21119 24489 I artd    : GetBestInfo: odex next to the dex file (/data/app/~~9ltNebMxhDvjkYhj0ZlHhA==/info.martinmarinov.dvbdriver-_Bq6XlRATkS79QWDvb_WqA==/oat/arm64/base.odex) is kOatUpToDate with filter 'speed-profile' executable 'false'
02-02 15:31:08.773  2911  3517 W BoostOptController: not supported hint: 118
02-02 15:31:08.777 21119 24489 I artd    : GetBestInfo: odex next to the dex file (/data/app/~~uYSUaNxlGDWClCWLU2_v1Q==/com.farproc.wifi.analyzer-HGNTWScp5iwKeH1AQElZKQ==/oat/arm64/base.odex) is kOatUpToDate with filter 'speed-profile' executable 'false'
02-02 15:31:08.794  2911  3517 W BoostOptController: not supported hint: 118
02-02 15:31:08.795 21539 21539 W Finsky  : [2] STU: Failed to get storage stats for package 'com.google.android.configinfrastructure' (1601: Error getting stats: android.content.pm.PackageManager.NameNotFoundException)
02-02 15:31:08.800 21539 21539 W Finsky  : [2] STU: Failed to get storage stats for package 'com.google.android.media' (1601: Error getting stats: android.content.pm.PackageManager.NameNotFoundException)
02-02 15:31:08.812 21119 24489 I artd    : GetBestInfo: odex next to the dex file (/data/app/~~35vSCN-H9cZ-nOcTbi_hdQ==/com.google.android.apps.maps-Uxb7at_oZYMLa2bE55X49w==/oat/arm64/base.odex) is kOatUpToDate with filter 'speed-profile' executable 'false'
02-02 15:31:08.834  1899  6736 D APM_AudioPolicyManager: getOutputForAttrInt() attributes={ Content type: AUDIO_CONTENT_TYPE_MUSIC Usage: AUDIO_USAGE_ASSISTANCE_ACCESSIBILITY Source: AUDIO_SOURCE_DEFAULT Flags: 0x900 Tags:  } stream=AUDIO_STREAM_ACCESSIBILITY session 48849 selectedDeviceId 0
02-02 15:31:08.835  1899  6736 D AudioFlinger: getParameters() io 0, keys vr_audio_mode_on, calling pid 1899
02-02 15:31:08.835  1695 12005 D AHAL: AudioDevice: GetParameters: 2389: enter
02-02 15:31:08.835  1695 12005 D AHAL: FM: fm_get_parameters: 232: enter
02-02 15:31:08.835  1695 12005 D AHAL: FM: fm_get_parameters: 239: exit
02-02 15:31:08.835  1695 12005 D AHAL: AudioDevice: GetParameters: 2502: exit: returns - 
02-02 15:31:08.837 21119 24489 I artd    : GetBestInfo: odex next to the dex file (/data/app/~~jkEfC-c3z5t23El70uhZ0w==/ro.btrl.pay-aA4rYOEIoUH6xyl95YE_vg==/oat/arm64/base.odex) is kOatUpToDate with filter 'speed-profile' executable 'false'
02-02 15:31:08.842  1899  2044 D AudioFlinger: getParameters() io 13, keys is_direct_pcm_track, calling pid 4356
02-02 15:31:08.842  2911  3517 W BoostOptController: not supported hint: 118
02-02 15:31:08.860 21119 24489 I artd    : GetBestInfo: odex next to the dex file (/data/app/~~vSOhzJDI45-20RGIkuxPPw==/com.google.android.apps.messaging-ujTeK18w_l5TX3BWapfuHQ==/oat/arm64/base.odex) is kOatUpToDate with filter 'speed-profile' executable 'false'
02-02 15:31:08.862 21119 24489 I artd    : GetBestInfo: vdex next to the dex file (/data/user/0/com.google.android.apps.messaging/app_dg_cache/955C46548BDD0816EB5634E05879F1B50EF60FB1/oat/arm64/the.vdex) is kOatUpToDate with filter 'verify' executable 'false'
02-02 15:31:08.873  1695 12005 D AHAL: AudioStream: astream_out_get_parameters: 1100: enter
02-02 15:31:08.873  1695 12005 D AHAL: AudioStream: astream_out_get_parameters: 1122: keys: is_direct_pcm_track
02-02 15:31:08.873  1695 12005 D AHAL: AudioStream: astream_out_get_parameters: 1159: exit: returns - is_direct_pcm_track=false
02-02 15:31:08.874  4356 25049 I AudioTrack: createTrack_l(0): AUDIO_OUTPUT_FLAG_FAST successful; frameCount 0 -> 6000
02-02 15:31:08.876  4356 25049 D AudioTrack: setVolume: mRelativePercentage:1.000000, left:0.600000, right:0.600000
02-02 15:31:08.876 21119 24489 I artd    : GetBestInfo: vdex next to the dex file (/data/app/~~RDSsoYgZbopyhm4mN8CHIw==/net.devemperor.dictate-rO6roo7mjjX0nDH5XlBYFg==/oat/arm64/base.vdex) is kOatUpToDate with filter 'verify' executable 'false'
02-02 15:31:08.877  1899  2534 D APM_AudioPolicyManager: startOutput() output 13, stream 10, session 48849
02-02 15:31:08.881  1899  6736 D audioserver: logFgsApiBegin: FGS Logger Transaction failed, -129
02-02 15:31:08.882  2911  7469 W AS.PlaybackActivityMon: No piid assigned for invalid/internal port id 6109
02-02 15:31:08.883  1899  2534 D APM_AudioPolicyManager: releaseOutput() 13
02-02 15:31:08.884  1899  6736 D audioserver: logFgsApiEnd: FGS Logger Transaction failed, -129
02-02 15:31:08.895 21119 24489 I artd    : GetBestInfo: odex next to the dex file (/data/app/~~OkVbNFKAhL3VGwI8Ce43Gw==/com.google.android.googlequicksearchbox-fq-mcG6-YNkX8Ag-uR_2qA==/oat/arm64/base.odex) is kOatUpToDate with filter 'speed-profile' executable 'false'
02-02 15:31:08.906 21119 24489 I artd    : GetBestInfo: odex next to the dex file (/data/app/~~w4N3UVF36gA1tK7TcoQOhw==/com.google.ar.lens-SHFkntdSbarBXzBVfoMxgw==/oat/arm64/base.odex) is kOatUpToDate with filter 'speed-profile' executable 'false'
02-02 15:31:08.920 21119 24489 I artd    : GetBestInfo: odex next to the dex file (/data/app/~~gzQE7CfmVdgb6uxa0-3wtA==/com.javiersantos.mlmanager-jmh0ACO4CCM0VyNlqvAxpQ==/oat/arm64/base.odex) is kOatUpToDate with filter 'speed-profile' executable 'false'
02-02 15:31:08.923 21539 21539 W Finsky  : [2] STU: Failed to get storage stats for package 'com.android.vndk.v31' (1601: Error getting stats: android.content.pm.PackageManager.NameNotFoundException)
02-02 15:31:08.925 21539 21539 W Finsky  : [2] STU: Failed to get storage stats for package 'com.android.vndk.v30' (1601: Error getting stats: android.content.pm.PackageManager.NameNotFoundException)
02-02 15:31:08.926 21539 21539 W Finsky  : [2] STU: Failed to get storage stats for package 'com.android.vndk.v33' (1601: Error getting stats: android.content.pm.PackageManager.NameNotFoundException)
02-02 15:31:08.926 21539 21539 W Finsky  : [2] STU: Failed to get storage stats for package 'com.android.vndk.v32' (1601: Error getting stats: android.content.pm.PackageManager.NameNotFoundException)
02-02 15:31:08.927 21539 21539 W Finsky  : [2] STU: Failed to get storage stats for package 'com.android.vndk.v34' (1601: Error getting stats: android.content.pm.PackageManager.NameNotFoundException)
02-02 15:31:08.934 21119 24489 I artd    : GetBestInfo: odex next to the dex file (/data/app/~~bVVrC68W7f5nw6EPg0Z-Ng==/za.co.canobakedbeans.instacopy-ksKGNlEATc9GzPey9H5rBQ==/oat/arm64/base.odex) is kOatUpToDate with filter 'speed-profile' executable 'false'
02-02 15:31:08.943  2911  3517 W BoostOptController: not supported hint: 118
02-02 15:31:08.943 21119 24489 I artd    : GetBestInfo: odex next to the dex file (/data/app/~~4TmwCpofrEGL_xcIc9NsVw==/com.joulespersecond.seattlebusbot-0SPGOe4BYPWbyLw7DYNXpw==/oat/arm64/base.odex) is kOatUpToDate with filter 'speed-profile' executable 'false'
02-02 15:31:08.951 21119 24489 I artd    : GetBestInfo: vdex next to the dex file (/data/app/~~LiGoEitB-Hk5z20WlxCX1Q==/in.sp.tts-O2znIm1v2EcfO8k08gtkHQ==/oat/arm64/base.vdex) is kOatUpToDate with filter 'verify' executable 'false'
02-02 15:31:08.967 21119 24489 I artd    : GetBestInfo: odex next to the dex file (/data/app/~~-TtTq9nBONUxbTf457pzMw==/com.xtremeweb.eucemananc-2ZpDVxL8JVYhlqtRrRsCtA==/oat/arm64/base.odex) is kOatUpToDate with filter 'speed-profile' executable 'false'
02-02 15:31:08.975 21119 24489 I artd    : GetBestInfo: odex next to the dex file (/data/app/~~YCEULs_Wcai9D-WtniATMw==/com.motorola.securevault-zkRkbEhdcGCqua9mjEMnkQ==/oat/arm64/base.odex) is kOatUpToDate with filter 'speed-profile' executable 'false'
02-02 15:31:08.984 21119 24489 I artd    : GetBestInfo: odex next to the dex file (/data/app/~~rfdNpNcKthf4C0W8gUgQNQ==/com.google.android.documentsui-cVNnzcDf-BJNjJkXzBV09g==/oat/arm64/base.odex) is kOatUpToDate with filter 'speed-profile' executable 'false'
02-02 15:31:08.991 21119 24489 I artd    : GetBestInfo: odex next to the dex file (/data/app/~~5QdHJlaF_Ew5OsStowex5g==/dev.danjackson.speaker-tTMNiu9nJ5cGQ3JcAOYw1A==/oat/arm64/base.odex) is kOatUpToDate with filter 'speed-profile' executable 'false'
02-02 15:31:09.014 21119 24489 I artd    : GetBestInfo: dm (/data/app/~~ngmKbszlm_I-WHSanrj-EQ==/com.Uralstech.thirdifourall--Z8QQ-cBL33NhegCmTEvFg==/base.dm) is kOatUpToDate with filter 'verify' executable 'false'
02-02 15:31:09.028 21119 24489 I artd    : GetBestInfo: odex next to the dex file (/data/app/~~_7fQOywaIkJ9cFSyqOTehw==/com.google.android.calculator--ymt7dK1P6kHyHzLFQmELw==/oat/arm64/base.odex) is kOatUpToDate with filter 'speed-profile' executable 'false'
02-02 15:31:09.032 21119 24489 I artd    : GetBestInfo: odex next to the dex file (/data/app/~~qDyrSNV3kytoXeJZTitsSg==/com.google.android.contactkeys-wBV5gQ0So_IUvJKxozgnQw==/oat/arm64/base.odex) is kOatUpToDate with filter 'speed-profile' executable 'false'
02-02 15:31:09.046  2911  3517 W BoostOptController: not supported hint: 118
02-02 15:31:09.052 21119 24489 I artd    : GetBestInfo: odex next to the dex file (/data/app/~~v7KN2yhGsONff7Qwij-JQQ==/ro.mobiessence.android.clevertaxi.speedtaxi-vc8KKZzpkGaypOFdZF5Cdw==/oat/arm64/base.odex) is kOatUpToDate with filter 'speed-profile' executable 'false'
02-02 15:31:09.066  6995  9162 I dxvd    : (REDACTED) appOpsListener %s %s
02-02 15:31:09.067  6995  9162 I dxvd    : (REDACTED) Ignoring irrelevant audio permission changes for package %s
02-02 15:31:09.068 21119 24489 I artd    : GetBestInfo: odex next to the dex file (/data/app/~~q-vkWwTn1rQxu83YbURj9w==/com.microsoft.appmanager-Zy5L1bqUZS9AvIBLPkv7Nw==/oat/arm64/base.odex) is kOatUpToDate with filter 'speed-profile' executable 'false'
02-02 15:31:09.077 21119 24489 I artd    : GetBestInfo: odex next to the dex file (/data/app/~~PgBPbAPVS3Iz6m85efbeLA==/org.scottishtecharmy.soundscape-nd2ozvvf-qI2eBN_JzMOUg==/oat/arm64/base.odex) is kOatUpToDate with filter 'speed-profile' executable 'false'
02-02 15:31:09.087 21119 24489 I artd    : GetBestInfo: odex next to the dex file (/data/app/~~emJQZIm2_r5vQe_AUmC6KQ==/com.microsoft.teams-sftFefEhDCnchYpFKmVQAA==/oat/arm64/base.odex) is kOatUpToDate with filter 'speed-profile' executable 'false'
02-02 15:31:09.097 21539 21539 W Finsky  : [2] STU: Failed to get storage stats for package 'com.google.android.sdkext' (1601: Error getting stats: android.content.pm.PackageManager.NameNotFoundException)
02-02 15:31:09.100  1899  2534 D APM_AudioPolicyManager: stopOutput() output 13, stream 10, session 48849
02-02 15:31:09.100  1899  2885 D audioserver: logFgsApiEnd: FGS Logger Transaction failed, -129
02-02 15:31:09.106 21119 24489 I artd    : GetBestInfo: odex next to the dex file (/data/app/~~h_KsWcg3XY8EV8a1d_uHRQ==/com.aibrighten.britecam.vision-cCciOCt09T6actK6dLNsCw==/oat/arm64/base.odex) is kOatUpToDate with filter 'speed-profile' executable 'false'
02-02 15:31:09.139 21119 24489 I artd    : GetBestInfo: odex next to the dex file (/data/app/~~SbAkkh8Tyi9dCYk5DVZ-KA==/com.instagram.android-iS1nRLz1D0yrS19PksnjEQ==/oat/arm64/base.odex) is kOatUpToDate with filter 'speed-profile' executable 'false'
02-02 15:31:09.145  2911  3517 W BoostOptController: not supported hint: 118
02-02 15:31:09.155 21119 24489 I artd    : GetBestInfo: odex next to the dex file (/data/app/~~nJ3Y08_WF82dpPr_WuUeVw==/com.hbo.hbonow-62l2qGBjHuUomMJK5HKLdg==/oat/arm64/base.odex) is kOatUpToDate with filter 'speed-profile' executable 'false'
02-02 15:31:09.168 21119 24489 I artd    : GetBestInfo: odex next to the dex file (/data/app/~~Cl04t-9YhWwKZODwLfbieQ==/com.glgjing.hulk-iIqNOhnUqhwz7MSlaB7zkQ==/oat/arm64/base.odex) is kOatUpToDate with filter 'speed-profile' executable 'false'
02-02 15:31:09.172 21119 24489 I artd    : GetBestInfo: vdex next to the dex file (/data/user/0/com.glgjing.hulk/app_pccache/5/CE9FF95CB7410F1D288E2B7356DDAE878F483D98/oat/arm64/pcam.vdex) is kOatUpToDate with filter 'verify' executable 'false'
02-02 15:31:09.188 21119 24489 I artd    : GetBestInfo: odex next to the dex file (/data/app/~~auztXuFJsyfcwWUGLCcp2A==/ro.startaxi.android.client-E16AgDVnyGGIPk5VllB5Xw==/oat/arm64/base.odex) is kOatUpToDate with filter 'speed-profile' executable 'false'
02-02 15:31:09.208 21119 24489 I artd    : GetBestInfo: odex next to the dex file (/data/app/~~T30roe3CKi6DMlIK8W687A==/com.motorola.securityhub-e3P1swJPebIyokburMMxMA==/oat/arm64/base.odex) is kOatUpToDate with filter 'speed-profile' executable 'false'
02-02 15:31:09.228 21119 24489 I artd    : GetBestInfo: odex next to the dex file (/data/app/~~i2aUV4mYTf3YwWZhCRxQ0Q==/com.simplemobilephotoresizer-O7kUNK7OV4TEroxuc_KLpg==/oat/arm64/base.odex) is kOatUpToDate with filter 'speed-profile' executable 'false'
02-02 15:31:09.240 21119 24489 I artd    : GetBestInfo: odex next to the dex file (/data/app/~~kTsoQhC3Js7bCoweHxe29w==/com.georgie.SoundWire-h5Atubj_wUqDyuVVte7D_Q==/oat/arm/base.odex) is kOatUpToDate with filter 'speed-profile' executable 'false'
02-02 15:31:09.244 21539 21539 W Finsky  : [2] STU: Failed to get storage stats for package 'com.google.android.adservices' (1601: Error getting stats: android.content.pm.PackageManager.NameNotFoundException)
02-02 15:31:09.249  2911  3517 W BoostOptController: not supported hint: 118
02-02 15:31:09.255 21119 24489 I artd    : GetBestInfo: odex next to the dex file (/data/app/~~n6jFNP0nCHYN4pDMsfjeaQ==/com.motorola.ccc.notification-PZrgpRZTh3n93cCpDkWyPw==/oat/arm64/base.odex) is kOatUpToDate with filter 'speed-profile' executable 'false'
02-02 15:31:09.262 21539 21539 W Finsky  : [2] STU: Failed to get storage stats for package 'com.google.android.tethering' (1601: Error getting stats: android.content.pm.PackageManager.NameNotFoundException)
02-02 15:31:09.271 21119 24489 I artd    : GetBestInfo: odex next to the dex file (/data/app/~~01HkOXOxS13qltckkM0mPw==/com.google.android.captiveportallogin-0cvmY2DodsCO4l7YESaQxw==/oat/arm64/base.odex) is kOatUpToDate with filter 'speed-profile' executable 'false'
02-02 15:31:09.288 21119 24489 I artd    : GetBestInfo: odex next to the dex file (/data/app/~~ZS1j9ffkDHmIS3yRG63tOQ==/com.google.android.euicc-Pu1IdZkhUTEnqYwErk0hHQ==/oat/arm64/base.odex) is kOatUpToDate with filter 'speed-profile' executable 'false'
02-02 15:31:09.298  1695 12005 V DlbVolumeListener: effectCommand
02-02 15:31:09.299  1695  3736 D MotSpeakerHelper: Speaker ON: volume 0.012589 (step 3), usecase MUSIC
02-02 15:31:09.299  1695  3736 D MotSpeakerHelper: Setting speaker trim 84 (0 dB, 0 dB)
02-02 15:31:09.299  1695  1764 V DlbVolumeListener: effectCommand
02-02 15:31:09.299  1695  3736 D MotSpeakerHelper: Speaker ON: volume 0.012589 (step 3), usecase MUSIC
02-02 15:31:09.299  1695  3736 D MotSpeakerHelper: Setting speaker trim 84 (0 dB, 0 dB)
02-02 15:31:09.300  1695  3736 D MotSpeakerHelper: Speaker ON: volume 0.012589 (step 3), usecase MUSIC
02-02 15:31:09.300  1695  1764 D DlbDlbEffect: handle_EFFECT_CMD_SET_DEVICE(device=0x00000002)
02-02 15:31:09.300  1695  1764 D DlbDapEndpointParamCache: setDevice(device=0x00000002)
02-02 15:31:09.300  1695  3736 D MotSpeakerHelper: Setting speaker trim 84 (0 dB, 0 dB)
02-02 15:31:09.300  1695  3736 D MotSpeakerHelper: Speaker ON: volume 0.012589 (step 3), usecase MUSIC
02-02 15:31:09.300  1695  3736 D MotSpeakerHelper: Setting speaker trim 84 (0 dB, 0 dB)
02-02 15:31:09.301  1774  1774 D DolbyManagerService: setActiveDevice called with device = 0x2 (original 0x2)
02-02 15:31:09.302  1695 12005 D AHAL: AudioDevice: CreateAudioPatch: 506: enter: num sources 1, num_sinks 1
02-02 15:31:09.302  1695 12005 D AHAL: AudioDevice: CreateAudioPatch: 521: source role 1, source type 2
02-02 15:31:09.303  1695 12005 D AHAL: AudioDevice: CreateAudioPatch: 549: Playback patch from mix handle 29 to device 2
02-02 15:31:09.303  1695 12005 I AHAL: AudioDevice: OutGetStream: 1340: Found existing stream associated with iohandle 29
02-02 15:31:09.303  1695 12005 D AHAL: AudioVoice: RouteStream: 474: Enter
02-02 15:31:09.303  1695 12005 D AHAL: AudioVoice: GetMatchingTxDevices: 461: out device for speaker mic 0
02-02 15:31:09.303  1695 12005 D AHAL: AudioVoice: RouteStream: 503: Routing is 2
02-02 15:31:09.303  1695 12005 D AHAL: AudioDevice: GetPalDeviceIds: 2587: haldeviceIds: 1
02-02 15:31:09.304  1695 12005 D AHAL: AudioDevice: GetPalDeviceIds: 2594: Found haldeviceId: 2 and PAL Device ID 3
02-02 15:31:09.304  1695 12005 D AHAL: AudioDevice: GetPalDeviceIds: 2613: devices allocated 1, pal device ids before returning 1
02-02 15:31:09.304  1695 12005 D AHAL: AudioDevice: GetPalDeviceIds: 2587: haldeviceIds: 1
02-02 15:31:09.304  1695 12005 D AHAL: AudioDevice: GetPalDeviceIds: 2594: Found haldeviceId: 80000080 and PAL Device ID 26
02-02 15:31:09.304  1695 12005 D AHAL: AudioDevice: GetPalDeviceIds: 2613: devices allocated 1, pal device ids before returning 1
02-02 15:31:09.304  1695 12005 D AHAL: AudioVoice: RouteStream: 538: Exit ret: 0
02-02 15:31:09.304  1695 12005 I AHAL: AudioStream: RouteStream: 2354: enter: usecase(0: deep-buffer-playback) devices 0x2, num devices 1
02-02 15:31:09.304  1695 12005 D AHAL: AudioStream: RouteStream: 2357: mAndroidOutDevices 2, mNoOfOutDevices 1
02-02 15:31:09.304  1695 12005 D AHAL: AudioStream: RouteStream: 2402: setting voip output device 0
02-02 15:31:09.304  1695 12005 D AHAL: AudioDevice: GetPalDeviceIds: 2587: haldeviceIds: 1
02-02 15:31:09.304  1695 12005 D AHAL: AudioDevice: GetPalDeviceIds: 2594: Found haldeviceId: 2 and PAL Device ID 3
02-02 15:31:09.304  1695 12005 D AHAL: AudioDevice: GetPalDeviceIds: 2613: devices allocated 1, pal device ids before returning 1
02-02 15:31:09.305  1695 12005 D AHAL: AudioStream: RouteStream: 2436: noPalDevices: 1 , new_devices: 1
02-02 15:31:09.305  1695 12005 I PAL: ResourceManager: getParameter: 8228: get parameter for HIFI PCM Filter
02-02 15:31:09.305  1695 12005 I PAL: API: pal_stream_set_device: 1045: Enter. Stream handle :0xb400007cb3755430K
02-02 15:31:09.305  1695 12005 I PAL: API: pal_stream_set_device: 1194: Exit. status 0
02-02 15:31:09.305  1695 12005 D generic_effect_ar: gef_device_config_cb: stream type=8 sample_rate=48000 device=2
02-02 15:31:09.305  1695 12005 D AHAL: ext_speaker: audio_extn_extspk_update: 152: devices 0x2
02-02 15:31:09.305  1695 12005 D AHAL: AudioStream: RouteStream: 2540: exit 0
02-02 15:31:09.305  1695 12005 D AHAL: AudioDevice: CreateAudioPatch: 621: Exit ret: 0
02-02 15:31:09.305  1899  2899 D audioserver: logFgsApiEnd: FGS Logger Transaction failed, -129
02-02 15:31:09.306  1899  2899 D audioserver: logFgsApiBegin: FGS Logger Transaction failed, -129
02-02 15:31:09.306  1899  2899 D audioserver: logFgsApiEnd: FGS Logger Transaction failed, -129
02-02 15:31:09.306  1899  2899 D audioserver: logFgsApiBegin: FGS Logger Transaction failed, -129
02-02 15:31:09.311  1899  6736 W AidlConversionCppNdk: legacy2aidl_audio_channel_mask_t_AudioChannelLayout: no AudioChannelLayout found for legacy output audio_channel_mask_t value 0x10
02-02 15:31:09.312  4356  4627 W AidlConversionCppNdk: aidl2legacy_AudioChannelLayout_audio_channel_mask_t: no legacy output audio_channel_mask_t found for AudioChannelLayout{layoutMask: 16}
02-02 15:31:09.314  1899  6736 W AidlConversionCppNdk: legacy2aidl_audio_channel_mask_t_AudioChannelLayout: no AudioChannelLayout found for legacy output audio_channel_mask_t value 0x10
02-02 15:31:09.315  5144  5966 W AidlConversionCppNdk: aidl2legacy_AudioChannelLayout_audio_channel_mask_t: no legacy output audio_channel_mask_t found for AudioChannelLayout{layoutMask: 16}
02-02 15:31:09.316  1899  6736 W AidlConversionCppNdk: legacy2aidl_audio_channel_mask_t_AudioChannelLayout: no AudioChannelLayout found for legacy output audio_channel_mask_t value 0x10
02-02 15:31:09.316  2911  3572 W AidlConversionCppNdk: aidl2legacy_AudioChannelLayout_audio_channel_mask_t: no legacy output audio_channel_mask_t found for AudioChannelLayout{layoutMask: 16}
02-02 15:31:09.318  1899  2044 W AidlConversionCppNdk: legacy2aidl_audio_channel_mask_t_AudioChannelLayout: no AudioChannelLayout found for legacy output audio_channel_mask_t value 0x10
02-02 15:31:09.318 21119 24489 I artd    : GetBestInfo: odex next to the dex file (/data/app/~~EYluoVdjufRFG8YHgCvMCA==/com.dw.contacts.free-LLGECZakRy0pEJWg2o5kkQ==/oat/arm64/base.odex) is kOatUpToDate with filter 'speed-profile' executable 'false'
02-02 15:31:09.319  1899  7725 W AidlConversionCppNdk: legacy2aidl_audio_channel_mask_t_AudioChannelLayout: no AudioChannelLayout found for legacy output audio_channel_mask_t value 0x10
02-02 15:31:09.319  3920  4107 W AidlConversionCppNdk: aidl2legacy_AudioChannelLayout_audio_channel_mask_t: no legacy output audio_channel_mask_t found for AudioChannelLayout{layoutMask: 16}
02-02 15:31:09.320  6995  8029 W AidlConversionCppNdk: aidl2legacy_AudioChannelLayout_audio_channel_mask_t: no legacy output audio_channel_mask_t found for AudioChannelLayout{layoutMask: 16}
02-02 15:31:09.341 21119 24489 I artd    : GetBestInfo: odex next to the dex file (/data/app/~~A9k5b-f4v0eJcWxONMUMlg==/ro.amais.seeyou-v7pvRessc4jAxh8jTcBtEw==/oat/arm64/base.odex) is kOatUpToDate with filter 'speed-profile' executable 'false'
02-02 15:31:09.348  2911  3517 W BoostOptController: not supported hint: 118
02-02 15:31:09.353 21119 24489 I artd    : GetBestInfo: odex next to the dex file (/data/app/~~wCJ2KjiHZTQuvzQZX6-Gxg==/com.android.chrome-T7_e8Cr9aAWjqNuaVJTQYw==/oat/arm64/base.odex) is kOatUpToDate with filter 'speed-profile' executable 'false'
02-02 15:31:09.358 21119 24489 I artd    : GetBestInfo: dm (/data/app/~~wCJ2KjiHZTQuvzQZX6-Gxg==/com.android.chrome-T7_e8Cr9aAWjqNuaVJTQYw==/split_chrome.dm) is kOatUpToDate with filter 'verify' executable 'false'
02-02 15:31:09.362 21119 24489 I artd    : GetBestInfo: dm (/data/app/~~wCJ2KjiHZTQuvzQZX6-Gxg==/com.android.chrome-T7_e8Cr9aAWjqNuaVJTQYw==/split_dev_ui.dm) is kOatUpToDate with filter 'verify' executable 'false'
02-02 15:31:09.367 21119 24489 I artd    : GetBestInfo: dm (/data/app/~~wCJ2KjiHZTQuvzQZX6-Gxg==/com.android.chrome-T7_e8Cr9aAWjqNuaVJTQYw==/split_on_demand.dm) is kOatUpToDate with filter 'verify' executable 'false'
02-02 15:31:09.370 21119 24489 I artd    : GetBestInfo: dm (/data/app/~~wCJ2KjiHZTQuvzQZX6-Gxg==/com.android.chrome-T7_e8Cr9aAWjqNuaVJTQYw==/split_stack_unwinder.dm) is kOatUpToDate with filter 'verify' executable 'false'
02-02 15:31:09.370 15994 15994 D BoundBrokerSvc: onUnbind: Intent { act=com.google.android.gms.auth.aang.events.services.START dat=chimera-action:/... cmp=com.google.android.gms/.chimera.PersistentApiService }
02-02 15:31:09.374 21119 24489 I artd    : GetBestInfo: dm (/data/app/~~wCJ2KjiHZTQuvzQZX6-Gxg==/com.android.chrome-T7_e8Cr9aAWjqNuaVJTQYw==/split_test_dummy.dm) is kOatUpToDate with filter 'verify' executable 'false'
02-02 15:31:09.451 21119 24489 I artd    : GetBestInfo: odex next to the dex file (/data/app/~~rrVv7wBRiv_jHhdeXsH1Tg==/com.facebook.services-sFPluzKAO_qnBSyN9bWXpA==/oat/arm64/base.odex) is kOatUpToDate with filter 'speed-profile' executable 'false'
02-02 15:31:09.452  2911  3517 W BoostOptController: not supported hint: 118
02-02 15:31:09.472 21119 24489 I artd    : GetBestInfo: odex next to the dex file (/data/app/~~0dwpLNIhR9_uNsWm7DjLRw==/com.quarkbytes.visionassist-34GQUxV6SNixZJM1AiNABQ==/oat/arm64/base.odex) is kOatUpToDate with filter 'speed-profile' executable 'false'
02-02 15:31:09.476 21119 24489 I artd    : GetBestInfo: vdex next to the dex file (/data/user/0/com.quarkbytes.visionassist/app_pccache/5/F4B310C4BD86E32DAC5CEFF2CA8C89A468C9295A/oat/arm64/pcam.vdex) is kOatUpToDate with filter 'verify' executable 'false'
02-02 15:31:09.482 21539 21539 W Finsky  : [2] STU: Failed to get storage stats for package 'com.android.runtime' (1601: Error getting stats: android.content.pm.PackageManager.NameNotFoundException)
02-02 15:31:09.505 26024 26109 W fb4a.MultiSignalANRDetectorLacrima: Pausing error state checks
02-02 15:31:09.507 21119 24489 I artd    : GetBestInfo: odex next to the dex file (/data/app/~~3kYV8OUXYUAgT2cyNPo0gA==/com.google.android.apps.subscriptions.red-F70eGkSJ9uqMA9CSsdhGTQ==/oat/arm64/base.odex) is kOatUpToDate with filter 'speed-profile' executable 'false'
02-02 15:31:09.510  1905  1905 I Scheduler: notifyScrollEvent state=0
02-02 15:31:09.520 21119 24489 I artd    : GetBestInfo: odex next to the dex file (/data/app/~~TNItjBplVmrt__xqCOFPqA==/rk.android.app.shortcutmaker-2GWZk5EzcgeS5Q131Udrpw==/oat/arm64/base.odex) is kOatUpToDate with filter 'speed-profile' executable 'false'
02-02 15:31:09.526  1689  1782 E minksocket: MinkIPC_QRTR_Service: client with node 1 port 7052 went down
02-02 15:31:09.526  1689  1782 E minksocket: MinkIPC_QRTR_Service: client with node 1 port 7053 went down
02-02 15:31:09.528  1689  1782 E minksocket: MinkIPC_QRTR_Service: client with node 1 port 7054 went down
02-02 15:31:09.532  1689  1782 E minksocket: MinkIPC_QRTR_Service: client with node 1 port 7055 went down
02-02 15:31:09.539 21119 24489 I artd    : GetBestInfo: odex next to the dex file (/data/app/~~HiWH0Tyn7gFhwCRHVB_4zQ==/net.sourceforge.opencamera-EfutZIZ03J4lZrN_e54K4A==/oat/arm64/base.odex) is kOatUpToDate with filter 'speed-profile' executable 'false'
02-02 15:31:09.551  2911  3517 W BoostOptController: not supported hint: 118
02-02 15:31:09.552 21119 24489 I artd    : GetBestInfo: odex next to the dex file (/data/app/~~oMKvHBJ3GnHkbEhRhtfhqg==/com.nirenr.talkman-uocNoRIAaKcUhTcYeG1UiQ==/oat/arm64/base.odex) is kOatUpToDate with filter 'speed-profile' executable 'false'
02-02 15:31:09.576 21119 24489 I artd    : GetBestInfo: odex next to the dex file (/data/app/~~poumUIj-9m8GDt7wMP8FKg==/com.arlosoft.macrodroid-Sy2jfRsTTw8KiVn5v2MMFg==/oat/arm64/base.odex) is kOatUpToDate with filter 'speed-profile' executable 'false'
02-02 15:31:09.589 21119 24489 I artd    : GetBestInfo: vdex next to the dex file (/data/app/~~mGLpzpJYVLSZ1Mth79D6LA==/com.reecedunn.espeak--ufv0272g0DwipgGQJG_BA==/oat/arm64/base.vdex) is kOatUpToDate with filter 'verify' executable 'false'
02-02 15:31:09.615 21119 24489 I artd    : GetBestInfo: odex next to the dex file (/data/app/~~gSPF4Z1LvzORdHWPpAu2sw==/com.google.android.contacts-6_cIjznb12qX_qLJsj2C0g==/oat/arm64/base.odex) is kOatUpToDate with filter 'speed-profile' executable 'false'
02-02 15:31:09.639 21119 24489 I artd    : GetBestInfo: odex next to the dex file (/data/app/~~P_QS237XegfRK4SLTyR8zA==/com.google.android.accessibility.soundamplifier-h1xdAqKynAXcQOBW0bAQVQ==/oat/arm64/base.odex) is kOatUpToDate with filter 'speed-profile' executable 'false'
02-02 15:31:09.644 21539 21539 W Finsky  : [2] STU: Failed to get storage stats for package 'com.google.android.cellbroadcast' (1601: Error getting stats: android.content.pm.PackageManager.NameNotFoundException)
02-02 15:31:09.654 21119 24489 I artd    : GetBestInfo: odex next to the dex file (/data/app/~~ON70uUuUWiji9zZzqI6-Nw==/com.rastislavkish.rscan--kFjmuF7mJqVHUSmLVaGDw==/oat/arm64/base.odex) is kOatUpToDate with filter 'speed-profile' executable 'false'
02-02 15:31:09.654  2911  3517 W BoostOptController: not supported hint: 118
02-02 15:31:09.666 21119 24489 I artd    : GetBestInfo: odex next to the dex file (/data/app/~~gnI7c3zMsPAoX1a9bLU3Dw==/com.digibites.accubattery-WscHuOQL5j5Eb8G6HwiFGA==/oat/arm64/base.odex) is kOatUpToDate with filter 'speed-profile' executable 'false'
02-02 15:31:09.669 21119 24489 I artd    : GetBestInfo: vdex next to the dex file (/data/user/0/com.digibites.accubattery/app_pccache/5/6E2A190BD4DF56E567C807314532FEF7E6BDBEDC/oat/arm64/pcam.vdex) is kOatUpToDate with filter 'verify' executable 'false'
02-02 15:31:09.672 21119 24489 I artd    : GetBestInfo: vdex next to the dex file (/data/user/0/com.digibites.accubattery/app_pccache/5/9C2BDF6C31122BA43D110BBDCFF136C1C2C1E6F7/oat/arm64/pcam.vdex) is kOatUpToDate with filter 'verify' executable 'false'
02-02 15:31:09.698 21119 24489 I artd    : GetBestInfo: odex next to the dex file (/data/app/~~FKWiSuZDL7avxcVYGMoDmg==/com.gold.android.youtube-TrONMvC_rZHEMbrfWQB6qQ==/oat/arm64/base.odex) is kOatUpToDate with filter 'speed-profile' executable 'false'
