02-02 15:31:08.052  2911  2911 I InputDispatcher:   InputFilterEnabled: true
02-02 15:31:08.052  2911  2911 I InputDispatcher:   FocusedDisplayId: 0
02-02 15:31:08.052  2911  2911 I InputDispatcher:   FocusedApplications:
02-02 15:31:08.052  2911  2911 I InputDispatcher:     displayId=1, name='ActivityRecord{628d342 u0 com.teslacoilsw.launcher/.NovaLauncher t24872}', dispatchingTimeout=5000ms
02-02 15:31:08.052  2911  2911 I InputDispatcher:     displayId=0, name='ActivityRecord{8be8fdf u0 ro.startaxi.android.client/ro.startaxi.ui.search.SearchActivity t24882}', dispatchingTimeout=5000ms
02-02 15:31:08.052  2911  2911 I InputDispatcher:   FocusedWindows:
02-02 15:31:08.052  2911  2911 I InputDispatcher:     displayId=0, name='54f3130 ro.startaxi.android.client/ro.startaxi.ui.search.SearchActivity'
02-02 15:31:08.052  2911  2911 I InputDispatcher:   FocusRequests:
02-02 15:31:08.052  2911  2911 I InputDispatcher:     displayId=1, name='<null>' result='NO_WINDOW'
02-02 15:31:08.052  2911  2911 I InputDispatcher:     displayId=0, name='54f3130 ro.startaxi.android.client/ro.startaxi.ui.search.SearchActivity' result='OK'
02-02 15:31:08.052  2911  2911 I InputDispatcher:   Pointer Capture Requested: false
02-02 15:31:08.052  2911  2911 I InputDispatcher:   Current Window with Pointer Capture: None
02-02 15:31:08.052  2911  2911 I InputDispatcher:   TouchStatesByDisplay:
02-02 15:31:08.052  2911  2911 I InputDispatcher:     0 :       Windows:
02-02 15:31:08.052  2911  2911 I InputDispatcher:         0 : name='31d5f67 com.motorola.livewallpaper3.prebuilt.PrebuiltBlackAuraWPService', targetFlags=WINDOW_IS_OBSCURED | SPLIT | WINDOW_IS_PARTIALLY_OBSCURED, mDeviceStates=-1:[touchingPointers=[Pointer(id=1, FINGER)], downTimeInTarget=5995932000000, hoveringPointers=[], pilferingPointerIds=<none>]
02-02 15:31:08.052  2911  2911 I InputDispatcher:         1 : name='ab1815c NavigationBar0', targetFlags=FOREGROUND | SPLIT, mDeviceStates=7:[touchingPointers=[Pointer(id=0, FINGER)], downTimeInTarget=13692807338000, hoveringPointers=[], pilferingPointerIds=<none>]
02-02 15:31:08.052  2911  2911 I InputDispatcher:   Display: 1
02-02 15:31:08.052  2911  2911 I InputDispatcher:     No DisplayInfo found!
02-02 15:31:08.052  1695 12005 V DlbVolumeListener: effectCommand :: Command EFFECT_CMD_SET_CONFIG
02-02 15:31:08.052  2911  2911 I InputDispatcher:     Windows:
02-02 15:31:08.052  2911  2911 I InputDispatcher:       0: name=[Gesture Monitor] edge-down, id=110, displayId=1, inputConfig=NOT_FOCUSABLE | NOT_TOUCHABLE | TRUSTED_OVERLAY | SPY, alpha=1, frame=[0,0][0,0], globalScale=1, applicationInfo.name=[Gesture Monitor] edge-down, applicationInfo.token=<null>, touchableRegion=[-10799,-26399][10800,26400], ownerPid=3841, ownerUid=10383, dispatchingTimeout=5000ms, token=0xb400006e650cf590, touchOcclusionMode=BLOCK_UNTRUSTED
02-02 15:31:08.052  2911  2911 I InputDispatcher:     transform (ROT_0) (IDENTITY)
02-02 15:31:08.052  2911  2911 I InputDispatcher:       1: name=52a43c NavigationBar1, id=3346, displayId=1, inputConfig=NOT_FOCUSABLE | NOT_TOUCHABLE | TRUSTED_OVERLAY | WATCH_OUTSIDE_TOUCH | SLIPPERY, alpha=1, frame=[0,958][1056,1066], globalScale=1, applicationInfo.name=, applicationInfo.token=<null>, touchableRegion=[0,958][1056,1066], ownerPid=3841, ownerUid=10383, dispatchingTimeout=5000ms, token=0xb400006e650cfed0, touchOcclusionMode=BLOCK_UNTRUSTED
02-02 15:31:08.052  2911  2911 I InputDispatcher:     transform (ROT_0) (TRANSLATE)
02-02 15:31:08.052  2911  2911 I InputDispatcher:         1.0000  0.0000  -0.0000
02-02 15:31:08.052  2911  2911 I InputDispatcher:         0.0000  1.0000  -958.0000
02-02 15:31:08.052  2911  2911 I InputDispatcher:         0.0000  0.0000  1.0000
02-02 15:31:08.052  2911  2911 I InputDispatcher:       2: name=6cc3f53 ActivityRecordInputSink com.teslacoilsw.launcher/.NovaLauncher, id=2263, displayId=1, inputConfig=NO_INPUT_CHANNEL | NOT_VISIBLE | NOT_FOCUSABLE | NOT_TOUCHABLE, alpha=1, frame=[0,0][0,0], globalScale=0, applicationInfo.name=, applicationInfo.token=<null>, touchableRegion=[-10799,-26399][10800,26400], ownerPid=2911, ownerUid=1000, dispatchingTimeout=0ms, token=0x0, touchOcclusionMode=BLOCK_UNTRUSTED
02-02 15:31:08.052  2911  2911 I InputDispatcher:     transform (ROT_0) (IDENTITY)
02-02 15:31:08.052  2911  2911 I InputDispatcher:       3: name=70c8df ActivityRecordInputSink com.motorola.launcher.secondarydisplay/.SecondaryDisplayLauncher, id=2245, displayId=1, inputConfig=NO_INPUT_CHANNEL | NOT_VISIBLE | NOT_FOCUSABLE | NOT_TOUCHABLE, alpha=0, frame=[0,0][0,0], globalScale=0, applicationInfo.name=, applicationInfo.token=<null>, touchableRegion=[-10799,-26399][10800,26400], ownerPid=2911, ownerUid=1000, dispatchingTimeout=0ms, token=0x0, touchOcclusionMode=BLOCK_UNTRUSTED
02-02 15:31:08.052  2911  2911 I InputDispatcher:     transform (ROT_0) (IDENTITY)
02-02 15:31:08.052  2911  2911 I InputDispatcher:       4: name=50eb0c3 com.android.systemui.wallpapers.ImageWallpaper, id=92, displayId=1, inputConfig=NOT_VISIBLE | NOT_FOCUSABLE | NOT_TOUCHABLE | PREVENT_SPLITTING | IS_WALLPAPER, alpha=1, frame=[0,0][0,0], globalScale=1, applicationInfo.name=, applicationInfo.token=<null>, touchableRegion=<empty>, ownerPid=3841, ownerUid=10383, dispatchingTimeout=5000ms, token=0xb400006e650a3fd0, touchOcclusionMode=BLOCK_UNTRUSTED
02-02 15:31:08.052  2911  2911 I InputDispatcher:     transform (ROT_0) (IDENTITY)
02-02 15:31:08.052  2911  2911 I InputDispatcher:   Display: 0
02-02 15:31:08.052  2911  2911 I InputDispatcher:     logicalSize=1080x2640
02-02 15:31:08.052  2911  2911 I InputDispatcher:         transform (ROT_0) (IDENTITY)
02-02 15:31:08.052  2911  2911 I InputDispatcher:     Windows:
02-02 15:31:08.052  2911  2911 I InputDispatcher:       0: name=7133c88 com.nirenr.talkman, id=3375, displayId=0, inputConfig=NOT_FOCUSABLE | PREVENT_SPLITTING | TRUSTED_OVERLAY, alpha=1, frame=[1046,834][1080,1914], globalScale=1, applicationInfo.name=, applicationInfo.token=<null>, touchableRegion=[1046,834][1080,1914], ownerPid=4356, ownerUid=10482, dispatchingTimeout=5000ms, token=0xb400006e651a0b10, touchOcclusionMode=BLOCK_UNTRUSTED, canOccludePresentation
02-02 15:31:08.052  2911  2911 I InputDispatcher:     transform (ROT_0) (TRANSLATE)
02-02 15:31:08.052  2911  2911 I InputDispatcher:         1.0000  0.0000  -1046.0000
02-02 15:31:08.052  2911  2911 I InputDispatcher:         0.0000  1.0000  -834.0000
02-02 15:31:08.052  2911  2911 I InputDispatcher:         0.0000  0.0000  1.0000
02-02 15:31:08.052  2911  2911 I InputDispatcher:       1: name=57e42e9 com.nirenr.talkman, id=3373, displayId=0, inputConfig=NOT_FOCUSABLE | PREVENT_SPLITTING | TRUSTED_OVERLAY, alpha=1, frame=[0,834][34,1914], globalScale=1, applicationInfo.name=, applicationInfo.token=<null>, touchableRegion=[0,834][34,1914], ownerPid=4356, ownerUid=10482, dispatchingTimeout=5000ms, token=0xb400006e6512b5d0, touchOcclusionMode=BLOCK_UNTRUSTED, canOccludePresentation
02-02 15:31:08.052  2911  2911 I InputDispatcher:     transform (ROT_0) (TRANSLATE)
02-02 15:31:08.052  2911  2911 I InputDispatcher:         1.0000  0.0000  -0.0000
02-02 15:31:08.052  2911  2911 I InputDispatcher:         0.0000  1.0000  -834.0000
02-02 15:31:08.052  2911  2911 I InputDispatcher:         0.0000  0.0000  1.0000
02-02 15:31:08.052  2911  2911 I InputDispatcher:       2: name=9a1314e com.nirenr.talkman, id=2181, displayId=0, inputConfig=NOT_FOCUSABLE | NOT_TOUCHABLE | PREVENT_SPLITTING | TRUSTED_OVERLAY, alpha=1, frame=[0,0][5280,5280], globalScale=1, applicationInfo.name=, applicationInfo.token=<null>, touchableRegion=[0,0][5280,5280], ownerPid=4356, ownerUid=10482, dispatchingTimeout=5000ms, token=0xb400006e6515a8d0, touchOcclusionMode=BLOCK_UNTRUSTED, canOccludePresentation
02-02 15:31:08.052  2911  2911 I InputDispatcher:     transform (ROT_0) (IDENTITY)
02-02 15:31:08.052  2911  2911 I InputDispatcher:       3: name=ab1815c NavigationBar0, id=119, displayId=0, inputConfig=NOT_FOCUSABLE | TRUSTED_OVERLAY | WATCH_OUTSIDE_TOUCH | SLIPPERY, alpha=1, frame=[0,2533][1080,2640], globalScale=1, applicationInfo.name=, applicationInfo.token=<null>, touchableRegion=[0,2533][1080,2640], ownerPid=3841, ownerUid=10383, dispatchingTimeout=5000ms, token=0xb400006e650abdd0, touchOcclusionMode=BLOCK_UNTRUSTED
02-02 15:31:08.053  2911  2911 I InputDispatcher:     transform (ROT_0) (TRANSLATE)
02-02 15:31:08.053  2911  2911 I InputDispatcher:         1.0000  0.0000  -0.0000
02-02 15:31:08.053  2911  2911 I InputDispatcher:         0.0000  1.0000  -2533.0000
02-02 15:31:08.053  2911  2911 I InputDispatcher:         0.0000  0.0000  1.0000
02-02 15:31:08.053  2911  2911 I InputDispatcher:       4: name=e97b064 StatusBar, id=123, displayId=0, inputConfig=NOT_FOCUSABLE | TRUSTED_OVERLAY, alpha=1, frame=[0,0][1080,108], globalScale=1, applicationInfo.name=, applicationInfo.token=<null>, touchableRegion=[0,0][1080,108], ownerPid=3841, ownerUid=10383, dispatchingTimeout=5000ms, token=0xb400006e650ada50, touchOcclusionMode=BLOCK_UNTRUSTED
02-02 15:31:08.053  2911  2911 I InputDispatcher:     transform (ROT_0) (IDENTITY)
02-02 15:31:08.053  2911  2911 I InputDispatcher:       5: name=679d407 ActivityRecordInputSink com.motorola.launcher3/com.android.quickstep.RecentsActivity, id=3379, displayId=0, inputConfig=NO_INPUT_CHANNEL | NOT_VISIBLE | NOT_FOCUSABLE | NOT_TOUCHABLE, alpha=1, frame=[0,0][0,0], globalScale=0, applicationInfo.name=, applicationInfo.token=<null>, touchableRegion=[-10799,-26399][10800,26400], ownerPid=2911, ownerUid=1000, dispatchingTimeout=0ms, token=0x0, touchOcclusionMode=BLOCK_UNTRUSTED
02-02 15:31:08.053  2911  2911 I InputDispatcher:     transform (ROT_0) (IDENTITY)
02-02 15:31:08.053  2911  2911 I InputDispatcher:       6: name=f9b2616 InputMethod, id=3424, displayId=0, inputConfig=NOT_FOCUSABLE | TRUSTED_OVERLAY, alpha=1, frame=[0,108][1080,2640], globalScale=1, applicationInfo.name=, applicationInfo.token=<null>, touchableRegion=[0,108][1080,2640], ownerPid=12232, ownerUid=10592, dispatchingTimeout=5000ms, token=0xb400006e651a9310, touchOcclusionMode=BLOCK_UNTRUSTED, canOccludePresentation
02-02 15:31:08.053  2911  2911 I InputDispatcher:     transform (ROT_0) (TRANSLATE)
02-02 15:31:08.053  2911  2911 I InputDispatcher:         1.0000  0.0000  -0.0000
02-02 15:31:08.053  2911  2911 I InputDispatcher:         0.0000  1.0000  -108.0000
02-02 15:31:08.053  2911  2911 I InputDispatcher:         0.0000  0.0000  1.0000
02-02 15:31:08.053  2911  2911 I InputDispatcher:       7: name=54f3130 ro.startaxi.android.client/ro.startaxi.ui.search.SearchActivity, id=3390, displayId=0, inputConfig=0x0, alpha=1, frame=[0,0][1080,2640], globalScale=1, applicationInfo.name=ActivityRecord{8be8fdf u0 ro.startaxi.android.client/ro.startaxi.ui.search.SearchActivity t24882}, applicationInfo.token=0xb400006dc526b150, touchableRegion=[0,0][1080,2640], ownerPid=6895, ownerUid=10456, dispatchingTimeout=5000ms, token=0xb400006e65122a10, touchOcclusionMode=BLOCK_UNTRUSTED, canOccludePresentation
02-02 15:31:08.053  2911  2911 I InputDispatcher:     transform (ROT_0) (IDENTITY)
02-02 15:31:08.053  2911  2911 I InputDispatcher:       8: name=e73642c ActivityRecordInputSink ro.startaxi.android.client/ro.startaxi.ui.search.SearchActivity, id=3220, displayId=0, inputConfig=NO_INPUT_CHANNEL | NOT_FOCUSABLE | NOT_TOUCHABLE, alpha=1, frame=[0,0][0,0], globalScale=0, applicationInfo.name=, applicationInfo.token=<null>, touchableRegion=[-10799,-26399][10800,26400], ownerPid=2911, ownerUid=1000, dispatchingTimeout=0ms, token=0x0, touchOcclusionMode=BLOCK_UNTRUSTED
02-02 15:31:08.053  2911  2911 I InputDispatcher:     transform (ROT_0) (IDENTITY)
02-02 15:31:08.053  2911  2911 I InputDispatcher:       9: name=cdde325 ActivityRecordInputSink ro.startaxi.android.client/ro.startaxi.ui.main.MainActivity, id=3205, displayId=0, inputConfig=NO_INPUT_CHANNEL | NOT_VISIBLE | NOT_FOCUSABLE | NOT_TOUCHABLE, alpha=1, frame=[-213,0][-213,0], globalScale=0, applicationInfo.name=, applicationInfo.token=<null>, touchableRegion=[-213,0][1079,2640], ownerPid=2911, ownerUid=1000, dispatchingTimeout=0ms, token=0x0, touchOcclusionMode=BLOCK_UNTRUSTED
02-02 15:31:08.053  2911  2911 I InputDispatcher:     transform (ROT_0) (TRANSLATE)
02-02 15:31:08.053  2911  2911 I InputDispatcher:         1.0000  0.0000  213.6000
02-02 15:31:08.053  2911  2911 I InputDispatcher:         0.0000  1.0000  -0.0000
02-02 15:31:08.053  2911  2911 I InputDispatcher:         0.0000  0.0000  1.0000
02-02 15:31:08.053  2911  2911 I InputDispatcher:       10: name=recents_animation_input_consumer, id=2269, displayId=0, inputConfig=NOT_VISIBLE | TRUSTED_OVERLAY, alpha=1, frame=[0,0][1080,2640], globalScale=1, applicationInfo.name=recents_animation_input_consumer, applicationInfo.token=0xb400006dc51da610, touchableRegion=[0,0][1080,2640], ownerPid=2911, ownerUid=1000, dispatchingTimeout=5000ms, token=0xb400006e65144510, touchOcclusionMode=BLOCK_UNTRUSTED
02-02 15:31:08.053  2911  2911 I InputDispatcher:     transform (ROT_0) (IDENTITY)
02-02 15:31:08.053  2911  2911 I InputDispatcher:       11: name=c35637a ActivityRecordInputSink com.dalton.braillekeyboard/.MainActivity, id=2170, displayId=0, inputConfig=NO_INPUT_CHANNEL | NOT_VISIBLE | NOT_FOCUSABLE | NOT_TOUCHABLE, alpha=0, frame=[947,275][947,275], globalScale=0, applicationInfo.name=, applicationInfo.token=<null>, touchableRegion=[947,275][1689,2090], ownerPid=2911, ownerUid=1000, dispatchingTimeout=0ms, token=0x0, touchOcclusionMode=BLOCK_UNTRUSTED
02-02 15:31:08.053  2911  2911 I InputDispatcher:     transform (ROT_0) (SCALE TRANSLATE)
02-02 15:31:08.053  2911  2911 I InputDispatcher:         1.4553  -0.0000  -1378.2139
02-02 15:31:08.053  2911  2911 I InputDispatcher:         -0.0000  1.4553  -400.2205
02-02 15:31:08.053  2911  2911 I InputDispatcher:         0.0000  0.0000  1.0000
02-02 15:31:08.053  2911  2911 I InputDispatcher:       12: name=c4e5bda ActivityRecordInputSink com.teslacoilsw.launcher/.NovaLauncher, id=196, displayId=0, inputConfig=NO_INPUT_CHANNEL | NOT_VISIBLE | NOT_FOCUSABLE | NOT_TOUCHABLE, alpha=0, frame=[0,0][0,0], globalScale=0, applicationInfo.name=, applicationInfo.token=<null>, touchableRegion=[-10799,-26399][10800,26400], ownerPid=2911, ownerUid=1000, dispatchingTimeout=0ms, token=0x0, touchOcclusionMode=BLOCK_UNTRUSTED
02-02 15:31:08.053  2911  2911 I InputDispatcher:     transform (ROT_0) (IDENTITY)
02-02 15:31:08.053  2911  2911 I InputDispatcher:       13: name=3813eab ActivityRecordInputSink com.teslacoilsw.launcher/.NovaLauncher, id=166, displayId=0, inputConfig=NO_INPUT_CHANNEL | NOT_VISIBLE | NOT_FOCUSABLE | NOT_TOUCHABLE, alpha=1, frame=[0,0][0,0], globalScale=0, applicationInfo.name=, applicationInfo.token=<null>, touchableRegion=[-10799,-26399][10800,26400], ownerPid=2911, ownerUid=1000, dispatchingTimeout=0ms, token=0x0, touchOcclusionMode=BLOCK_UNTRUSTED
02-02 15:31:08.053  2911  2911 I InputDispatcher:     transform (ROT_0) (IDENTITY)
02-02 15:31:08.053  2911  2911 I InputDispatcher:       14: name=31d5f67 com.motorola.livewallpaper3.prebuilt.PrebuiltBlackAuraWPService, id=88, displayId=0, inputConfig=NOT_VISIBLE | NOT_FOCUSABLE | NOT_TOUCHABLE | PREVENT_SPLITTING | IS_WALLPAPER, alpha=1, frame=[0,0][0,0], globalScale=1, applicationInfo.name=, applicationInfo.token=<null>, touchableRegion=<empty>, ownerPid=3752, ownerUid=10226, dispatchingTimeout=5000ms, token=0xb400006e6509f6d0, touchOcclusionMode=BLOCK_UNTRUSTED, canOccludePresentation
02-02 15:31:08.053  2911  2911 I InputDispatcher:     transform (ROT_0) (IDENTITY)
02-02 15:31:08.053  2911  2911 I InputDispatcher:   Global monitors on display 1:
02-02 15:31:08.053  2911  2911 I InputDispatcher:     0: 'PointerEventDispatcher1 (server)', 
02-02 15:31:08.053  2911  2911 I InputDispatcher:   Global monitors on display 0:
02-02 15:31:08.053  2911  2911 I InputDispatcher:     0: 'PointerEventDispatcher0 (server)', 
02-02 15:31:08.053  2911  2911 I InputDispatcher:   RecentQueue: length=10
02-02 15:31:08.053  2911  2911 I InputDispatcher:     MotionEvent, age=1486ms
02-02 15:31:08.053  2911  2911 I InputDispatcher:     MotionEvent, age=1482ms
02-02 15:31:08.053  2911  2911 I InputDispatcher:     MotionEvent, age=1478ms
02-02 15:31:08.053  2911  2911 I InputDispatcher:     MotionEvent, age=1474ms
02-02 15:31:08.053  2911  2911 I InputDispatcher:     MotionEvent, age=1470ms
02-02 15:31:08.053  2911  2911 I InputDispatcher:     MotionEvent, age=1466ms
02-02 15:31:08.053  2911  2911 I InputDispatcher:     MotionEvent, age=30ms
02-02 15:31:08.053  2911  2911 I InputDispatcher:     MotionEvent, age=26ms
02-02 15:31:08.053  2911  2911 I InputDispatcher:     KeyEvent, age=16ms
02-02 15:31:08.053  2911  2911 I InputDispatcher:     MotionEvent, age=22ms
02-02 15:31:08.053  2911  2911 I InputDispatcher:   PendingEvent: <none>
02-02 15:31:08.053  2911  2911 I InputDispatcher:   InboundQueue: length=2
02-02 15:31:08.053  2911  2911 I InputDispatcher:     MotionEvent, age=18ms
02-02 15:31:08.053  2911  2911 I InputDispatcher:     MotionEvent, age=14ms
02-02 15:31:08.053  2911  2911 I InputDispatcher:   CommandQueue: size=1
02-02 15:31:08.053  2911  2911 I InputDispatcher:   Connections:
02-02 15:31:08.053  2911  2911 I InputDispatcher:     785: channelName='7133c88 com.nirenr.talkman (server)', status=NORMAL, monitor=false, responsive=true
02-02 15:31:08.053  2911  2911 I InputDispatcher:       OutboundQueue: <empty>
02-02 15:31:08.053  2911  2911 I InputDispatcher:       WaitQueue: <empty>
02-02 15:31:08.053  2911  2911 I InputDispatcher:     668: channelName='789678a com.motorola.launcher3/com.android.quickstep.RecentsActivity (server)', status=NORMAL, monitor=false, responsive=true
02-02 15:31:08.053  2911  2911 I InputDispatcher:       OutboundQueue: <empty>
02-02 15:31:08.053  2911  2911 I InputDispatcher:       WaitQueue: <empty>
02-02 15:31:08.053  2911  2911 I InputDispatcher:     673: channelName='57e42e9 com.nirenr.talkman (server)', status=NORMAL, monitor=false, responsive=true
02-02 15:31:08.053  2911  2911 I InputDispatcher:       OutboundQueue: <empty>
02-02 15:31:08.053  2911  2911 I InputDispatcher:       WaitQueue: <empty>
02-02 15:31:08.053  2911  2911 I InputDispatcher:     694: channelName='7b01306 com.teslacoilsw.launcher/com.teslacoilsw.launcher.NovaLauncher (server)', status=NORMAL, monitor=false, responsive=true
02-02 15:31:08.053  2911  2911 I InputDispatcher:       OutboundQueue: <empty>
02-02 15:31:08.053  2911  2911 I InputDispatcher:       WaitQueue: <empty>
02-02 15:31:08.053  2911  2911 I InputDispatcher:     754: channelName='f9b2616 InputMethod (server)', status=NORMAL, monitor=false, responsive=true
02-02 15:31:08.053  2911  2911 I InputDispatcher:       OutboundQueue: <empty>
02-02 15:31:08.053  1695  1695 V DlbVolumeListener: effectCommand
02-02 15:31:08.053  2911  2911 I InputDispatcher:       WaitQueue: <empty>
02-02 15:31:08.053  2911  2911 I InputDispatcher:     588: channelName='recents_animation_input_consumer (server)', status=NORMAL, monitor=false, responsive=true
02-02 15:31:08.053  2911  2911 I InputDispatcher:       OutboundQueue: <empty>
02-02 15:31:08.053  2911  2911 I InputDispatcher:       WaitQueue: <empty>
02-02 15:31:08.053  1695  1695 V DlbVolumeListener: effectCommand :: Command EFFECT_CMD_SET_CONFIG
02-02 15:31:08.053  2911  2911 I InputDispatcher:     794: channelName='50eb0c3 com.android.systemui.wallpapers.ImageWallpaper (server)', status=NORMAL, monitor=false, responsive=true
02-02 15:31:08.053  2911  2911 I InputDispatcher:       OutboundQueue: <empty>
02-02 15:31:08.053  2911  2911 I InputDispatcher:       WaitQueue: <empty>
02-02 15:31:08.053  2911  2911 I InputDispatcher:     657: channelName='ca64650 ro.startaxi.android.client/ro.startaxi.ui.main.MainActivity (server)', status=NORMAL, monitor=false, responsive=true
02-02 15:31:08.053  2911  2911 I InputDispatcher:       OutboundQueue: <empty>
02-02 15:31:08.053  2911  2911 I InputDispatcher:       WaitQueue: <empty>
02-02 15:31:08.053  2911  2911 I InputDispatcher:     829: channelName='ca8b3cc NotificationShade (server)', status=NORMAL, monitor=false, responsive=true
02-02 15:31:08.053  2911  2911 I InputDispatcher:       OutboundQueue: <empty>
02-02 15:31:08.053  2911  2911 I InputDispatcher:       WaitQueue: <empty>
02-02 15:31:08.053  2911  2911 I InputDispatcher:     835: channelName='b44bc6b CliPanel (server)', status=NORMAL, monitor=false, responsive=true
02-02 15:31:08.053  2911  2911 I InputDispatcher:       OutboundQueue: <empty>
02-02 15:31:08.053  2911  2911 I InputDispatcher:       WaitQueue: <empty>
02-02 15:31:08.053  2911  2911 I InputDispatcher:     1196: channelName='54f3130 ro.startaxi.android.client/ro.startaxi.ui.search.SearchActivity (server)', status=NORMAL, monitor=false, responsive=true
02-02 15:31:08.053  2911  2911 I InputDispatcher:       OutboundQueue: <empty>
02-02 15:31:08.053  2911  2911 I InputDispatcher:       WaitQueue: <empty>
02-02 15:31:08.053  2911  2911 I InputDispatcher:     609: channelName='9a1314e com.nirenr.talkman (server)', status=NORMAL, monitor=false, responsive=true
02-02 15:31:08.053  2911  2911 I InputDispatcher:       OutboundQueue: <empty>
02-02 15:31:08.053  2911  2911 I InputDispatcher:       WaitQueue: <empty>
02-02 15:31:08.053  2911  2911 I InputDispatcher:     831: channelName='7d61c8b CliSnippet (server)', status=NORMAL, monitor=false, responsive=true
02-02 15:31:08.053  2911  2911 I InputDispatcher:       OutboundQueue: <empty>
02-02 15:31:08.053  2911  2911 I InputDispatcher:       WaitQueue: <empty>
02-02 15:31:08.053  2911  2911 I InputDispatcher:     832: channelName='e97b064 StatusBar (server)', status=NORMAL, monitor=false, responsive=true
02-02 15:31:08.053  2911  2911 I InputDispatcher:       OutboundQueue: <empty>
02-02 15:31:08.053  2911  2911 I InputDispatcher:       WaitQueue: <empty>
02-02 15:31:08.053  2911  2911 I InputDispatcher:     825: channelName='52a43c NavigationBar1 (server)', status=NORMAL, monitor=false, responsive=true
02-02 15:31:08.053  2911  2911 I InputDispatcher:       OutboundQueue: <empty>
02-02 15:31:08.053  2911  2911 I InputDispatcher:       WaitQueue: <empty>
02-02 15:31:08.053  2911  2911 I InputDispatcher:     805: channelName='ea19b79 CliScreenDecorOverlay (server)', status=NORMAL, monitor=false, responsive=true
02-02 15:31:08.053  2911  2911 I InputDispatcher:       OutboundQueue: <empty>
02-02 15:31:08.053  2911  2911 I InputDispatcher:       WaitQueue: <empty>
02-02 15:31:08.053  2911  2911 I InputDispatcher:     903: channelName='a9ee834 com.motorola.launcher.secondarydisplay/com.motorola.launcher.secondarydisplay.SecondaryDisplayLauncher (server)', status=NORMAL, monitor=false, responsive=true
02-02 15:31:08.053  2911  2911 I InputDispatcher:       OutboundQueue: <empty>
02-02 15:31:08.053  2911  2911 I InputDispatcher:       WaitQueue: <empty>
02-02 15:31:08.053  2911  2911 I InputDispatcher:     823: channelName='ab1815c NavigationBar0 (server)', status=NORMAL, monitor=false, responsive=true
02-02 15:31:08.053  2911  2911 I InputDispatcher:       OutboundQueue: <empty>
02-02 15:31:08.053  2911  2911 I InputDispatcher:       WaitQueue: length=1
02-02 15:31:08.053  2911  2911 I InputDispatcher:         MotionEvent, seq=194357, targetFlags=FOREGROUND | SPLIT, age=22ms, wait=1ms
02-02 15:31:08.053  2911  2911 I InputDispatcher:       InputState: mMotionMementos: {deviceId= 7, hovering=0}, 
02-02 15:31:08.053  2911  2911 I InputDispatcher:     821: channelName='b6b7542 FreeformPillView (server)', status=NORMAL, monitor=false, responsive=true
02-02 15:31:08.053  2911  2911 I InputDispatcher:       OutboundQueue: <empty>
02-02 15:31:08.053  2911  2911 I InputDispatcher:       WaitQueue: <empty>
02-02 15:31:08.053  2911  2911 I InputDispatcher:     798: channelName='ebb862c ScreenDecorOverlay (server)', status=NORMAL, monitor=false, responsive=true
02-02 15:31:08.053  2911  2911 I InputDispatcher:       OutboundQueue: <empty>
02-02 15:31:08.053  2911  2911 I InputDispatcher:       WaitQueue: <empty>
02-02 15:31:08.053  2911  2911 I InputDispatcher:     777: channelName='da2c384 com.dalton.braillekeyboard/com.dalton.braillekeyboard.MainActivity (server)', status=NORMAL, monitor=false, responsive=true
02-02 15:31:08.053  2911  2911 I InputDispatcher:       OutboundQueue: <empty>
02-02 15:31:08.053  2911  2911 I InputDispatcher:       WaitQueue: <empty>
02-02 15:31:08.053  2911  2911 I InputDispatcher:     643: channelName='d0352b8 ShellDropTarget (server)', status=NORMAL, monitor=false, responsive=true
02-02 15:31:08.053  2911  2911 I InputDispatcher:       OutboundQueue: <empty>
02-02 15:31:08.053  2911  2911 I InputDispatcher:       WaitQueue: <empty>
02-02 15:31:08.053  2911  2911 I InputDispatcher:     740: channelName='31d5f67 com.motorola.livewallpaper3.prebuilt.PrebuiltBlackAuraWPService (server)', status=NORMAL, monitor=false, responsive=true
02-02 15:31:08.053  2911  2911 I InputDispatcher:       OutboundQueue: <empty>
02-02 15:31:08.053  2911  2911 I InputDispatcher:       WaitQueue: <empty>
02-02 15:31:08.053  2911  2911 I InputDispatcher:     827: channelName='[Gesture Monitor] edge-down (server)', status=NORMAL, monitor=false, responsive=true
02-02 15:31:08.053  2911  2911 I InputDispatcher:       OutboundQueue: <empty>
02-02 15:31:08.053  2911  2911 I InputDispatcher:       WaitQueue: <empty>
02-02 15:31:08.053  2911  2911 I InputDispatcher:     315: channelName='PointerEventDispatcher1 (server)', status=NORMAL, monitor=true, responsive=true
02-02 15:31:08.053  2911  2911 I InputDispatcher:       OutboundQueue: <empty>
02-02 15:31:08.053  2911  2911 I InputDispatcher:       WaitQueue: <empty>
02-02 15:31:08.053  2911  2911 I InputDispatcher:     800: channelName='542d5d5 ScreenDecorOverlayBottom (server)', status=NORMAL, monitor=false, responsive=true
02-02 15:31:08.053  2911  2911 I InputDispatcher:       OutboundQueue: <empty>
02-02 15:31:08.053  2911  2911 I InputDispatcher:       WaitQueue: <empty>
02-02 15:31:08.053  2911  2911 I InputDispatcher:     313: channelName='PointerEventDispatcher0 (server)', status=NORMAL, monitor=true, responsive=true
02-02 15:31:08.053  2911  2911 I InputDispatcher:       OutboundQueue: <empty>
02-02 15:31:08.053  2911  2911 I InputDispatcher:       WaitQueue: length=1
02-02 15:31:08.053  2911  2911 I InputDispatcher:         MotionEvent, seq=194358, targetFlags=0x0, age=22ms, wait=1ms
02-02 15:31:08.053  2911  2911 I InputDispatcher:       InputState: mMotionMementos: {deviceId= 7, hovering=0}, 
02-02 15:31:08.053  2911  2911 I InputDispatcher:   TouchModePerDisplay:
02-02 15:31:08.053  2911  2911 I InputDispatcher:     Display: 0 TouchMode: 1
02-02 15:31:08.053  2911  2911 I InputDispatcher:     Display: 1 TouchMode: 1
02-02 15:31:08.053  2911  2911 I InputDispatcher:   Configuration:
02-02 15:31:08.053  2911  2911 I InputDispatcher:     KeyRepeatDelay: 50ms
02-02 15:31:08.053  2911  2911 I InputDispatcher:     KeyRepeatTimeout: 400ms
02-02 15:31:08.053  2911  2911 I InputDispatcher:     LatencyTracker:
02-02 15:31:08.053  2911  2911 I InputDispatcher:       mTimelines.size() = 0
02-02 15:31:08.053  2911  2911 I InputDispatcher:       mEventTimes.size() = 0
02-02 15:31:08.053  2911  2911 I InputDispatcher:     LatencyAggregator:
02-02 15:31:08.053  2911  2911 I InputDispatcher:       Sketches:
02-02 15:31:08.053  2911  2911 I InputDispatcher:         mDownSketches[0]->num_values = 0 size = 0.0KB mMoveSketches[0]->num_values = 0 size = 0.0KB
02-02 15:31:08.053  2911  2911 I InputDispatcher:         mDownSketches[1]->num_values = 0 size = 0.0KB mMoveSketches[1]->num_values = 0 size = 0.0KB
02-02 15:31:08.053  2911  2911 I InputDispatcher:         mDownSketches[2]->num_values = 0 size = 0.0KB mMoveSketches[2]->num_values = 0 size = 0.0KB
02-02 15:31:08.053  2911  2911 I InputDispatcher:         mDownSketches[3]->num_values = 0 size = 0.0KB mMoveSketches[3]->num_values = 0 size = 0.0KB
02-02 15:31:08.053  2911  2911 I InputDispatcher:         mDownSketches[4]->num_values = 0 size = 0.0KB mMoveSketches[4]->num_values = 0 size = 0.0KB
02-02 15:31:08.053  2911  2911 I InputDispatcher:         mDownSketches[5]->num_values = 0 size = 0.0KB mMoveSketches[5]->num_values = 0 size = 0.0KB
02-02 15:31:08.053  2911  2911 I InputDispatcher:         mDownSketches[6]->num_values = 0 size = 0.0KB mMoveSketches[6]->num_values = 0 size = 0.0KB
02-02 15:31:08.053  2911  2911 I InputDispatcher:       mNumSketchEventsProcessed=0
02-02 15:31:08.053  2911  2911 I InputDispatcher:       mLastSlowEventTime=0
02-02 15:31:08.053  2911  2911 I InputDispatcher:       mNumEventsSinceLastSlowEventReport = 0
02-02 15:31:08.053  2911  2911 I InputDispatcher:       mNumSkippedSlowEvents = 0
02-02 15:31:08.053  2911  2911 I InputDispatcher:   InputTracer: Disabled
02-02 15:31:08.053  1695  1695 V DlbVolumeListener: effectCommand
02-02 15:31:08.053  2911  2911 E InputDispatcher: Inconsistent event: MotionEvent { action=UP, id[0]=0, x[0]=199.551, y[0]=2583.63, eventTime=13692831084000, downTime=13692807338000, deviceId=7, source=TOUCHSCREEN, displayId=0, eventId=0x922b56a}, reason: Injection on 0: Got ACTION_UP, but we have pointers: {3, 0, 1, 4} for device DeviceId(7)
02-02 15:31:08.054  1899  2534 D APM_AudioPolicyManager: startOutput() output 13, stream 1, session 409
02-02 15:31:08.056  1847  1847 D vendor.qti.vibrator: QTI Vibrator off
02-02 15:31:08.057  3841  3841 I KeyButtonView: Back button event: ACTION_UP
02-02 15:31:08.058  1847  1847 D vendor.qti.vibrator: QTI Vibrator off
02-02 15:31:08.060 12232 12232 I ImeTracker: com.dalton.braillekeyboard:4a4277f9: onRequestHide at ORIGIN_IME reason HIDE_SOFT_INPUT_BY_BACK_KEY fromUser true
02-02 15:31:08.062  2911  3535 W ActivityManager: pid 2911 system sent binder code 1 with flags 1 to frozen apps and got error -32
02-02 15:31:08.066  4356 25049 D AudioTrack: setVolume: mRelativePercentage:1.000000, left:0.600000, right:0.600000
02-02 15:31:08.068  6895  6895 D InsetsController: hide(ime(), fromIme=true)
02-02 15:31:08.070  2911  4210 D RichTapVibratorService: aac richtap doVibratorStop
02-02 15:31:08.072 21119 24489 I artd    : GetBestInfo: odex next to the dex file (/data/app/~~egn_JwVn9TlleXeIsLfs3Q==/com.xiaomi.router-_W_VWQ6cM3eSWZKfGeLsJA==/oat/arm64/base.odex) is kOatUpToDate with filter 'speed-profile' executable 'false'
02-02 15:31:08.072  2911  4210 D RichTapVibratorService: richtap service stop!!
02-02 15:31:08.073  2911  7483 D RichTapVibratorService: none richtap effect, do nothing!!
02-02 15:31:08.073  2911  7483 E VibratorManagerService: Ignoring incoming vibration as process with uid= 10592 is background, attrs= VibrationAttributes{mUsage=TOUCH, mAudioUsage= USAGE_UNKNOWN, mCategory=UNKNOWN, mFlags=0}
02-02 15:31:08.075  2911  3573 D RichTapVibratorService: none richtap effect, do nothing!!
02-02 15:31:08.075 12873 28403 I SpellCheckerSession: SpellCheckerSession.onClose():690 com.google.android.keyboard.client.delight5.LanguageIdentifier@2c3356a is closed
02-02 15:31:08.076  3841  3875 D WindowManagerShell: onKeepClearAreasChanged: restricted={}, unrestricted={}
02-02 15:31:08.076 12232 22014 W AudioManager: Use of stream types is deprecated for operations other than volume control
02-02 15:31:08.076 12232 22014 W AudioManager: See the documentation of requestAudioFocus() for what to use instead with android.media.AudioAttributes to qualify your playback use case
02-02 15:31:08.076  4356 25446 V eSpeakService: Java_com_reecedunn_espeak_SpeechSynthesis_nativeSetVoiceByName(name=gmw/en-US+edward2)
02-02 15:31:08.076  2911  3573 D RichTapVibrationHelper: Not do stop!!
02-02 15:31:08.076  4356 25446 V eSpeakService: Java_com_reecedunn_espeak_SpeechSynthesis_nativeSetParameter(parameter=1, value=787)
02-02 15:31:08.076  4356 25446 V eSpeakService: Java_com_reecedunn_espeak_SpeechSynthesis_nativeSetParameter(parameter=3, value=50)
02-02 15:31:08.076  4356 25446 V eSpeakService: Java_com_reecedunn_espeak_SpeechSynthesis_nativeSetParameter(parameter=4, value=100)
02-02 15:31:08.076  4356 25446 V eSpeakService: Java_com_reecedunn_espeak_SpeechSynthesis_nativeGetParameter(parameter=2, pitch=0)
02-02 15:31:08.076  4356 25446 V eSpeakService: Java_com_reecedunn_espeak_SpeechSynthesis_nativeSetParameter(parameter=2, value=100)
02-02 15:31:08.076  4356 25446 V eSpeakService: Java_com_reecedunn_espeak_SpeechSynthesis_nativeGetParameter(parameter=5, pitch=0)
02-02 15:31:08.076  4356 25446 V eSpeakService: Java_com_reecedunn_espeak_SpeechSynthesis_nativeSetParameter(parameter=5, value=0)
02-02 15:31:08.076  4356 25446 E eSpeakService: espeak_SetParameter: internal error.
02-02 15:31:08.076  4356 25446 V eSpeakService: Java_com_reecedunn_espeak_SpeechSynthesis_nativeSetPunctuationCharacters)
02-02 15:31:08.076  4356 25446 V eSpeakService: Java_com_reecedunn_espeak_SpeechSynthesis_nativeSynthesize
02-02 15:31:08.078  2911  3502 D RichTapVibratorService: aac richtap doVibratorOn
02-02 15:31:08.078  2911  3502 D RichTapVibratorService: aac richtap doVibratorSetAmplitude
02-02 15:31:08.080  1847  1847 D vendor.qti.hardware.vibrator.service: mot_actuator_start, mot_actuator_started=0, timeoutMs=16, LongVibratorTime=151
02-02 15:31:08.081  1847  1847 D vendor.qti.hardware.vibrator.service: mot_actuator_stop, timeout=16
02-02 15:31:08.083  4356 25447 D AudioTrack: The audio hal latency is 93
02-02 15:31:08.083  2911  7483 I MediaFocusControl: requestAudioFocus() from uid/pid 10592/12232 AA=USAGE_MEDIA/CONTENT_TYPE_UNKNOWN clientId=android.media.AudioManager@86c6e6fcom.dalton.braillekeyboard.Speech$2@9c85932 callingPack=com.dalton.braillekeyboard req=3 flags=0x0 sdk=34
02-02 15:31:08.083  2911  7483 I MediaFocusControl: removeFocusStackEntry client:android.media.AudioManager@86c6e6fcom.dalton.braillekeyboard.Speech$2@9c85932
02-02 15:31:08.084  2911  7483 D MediaFocusControl: mMultiAudioFocusEnabled: false, aa.mContentType: 0, aa.mUsage: 1, aa.mFlags: 0, callingPackageName: com.dalton.braillekeyboard, isDesktopOrMobileUiConnected: false
02-02 15:31:08.084  2911  7483 I MediaFocusControl: propagateFocusLossFromGain_syncAf gain:3
02-02 15:31:08.084  2911  7483 I MediaFocusControl: propagateFocusLossFromGain_syncAf empty stack
02-02 15:31:08.084  2911  7483 I AS.FadeOutManager: unfadeOutUid() uid:10592
02-02 15:31:08.085 21119 24489 I artd    : GetBestInfo: vdex next to the dex file (/data/app/~~4pozcvZV3gCCq_CZGQe4eA==/im.vortex.ttsplus-5ECWI14NhB-5BBcsEM6tFQ==/oat/arm64/base.vdex) is kOatUpToDate with filter 'verify' executable 'false'
02-02 15:31:08.090  1695 12005 V DlbVolumeListener: effectCommand
02-02 15:31:08.090  1695 12005 V DlbVolumeListener: effectCommand :: Command EFFECT_CMD_ENABLE
02-02 15:31:08.091  1899  1899 D audioserver: logFgsApiBegin: FGS Logger Transaction failed, -129
02-02 15:31:08.091  1899  2044 D APM_AudioPolicyManager: getOutputForAttrInt() attributes={ Content type: AUDIO_CONTENT_TYPE_SPEECH Usage: AUDIO_USAGE_ASSISTANCE_ACCESSIBILITY Source: AUDIO_SOURCE_INVALID Flags: 0x800 Tags:  } stream=AUDIO_STREAM_ACCESSIBILITY session 48833 selectedDeviceId 0
02-02 15:31:08.091  1899  2044 D AudioFlinger: getParameters() io 0, keys vr_audio_mode_on, calling pid 1899
02-02 15:31:08.091  1695 12005 D AHAL: AudioDevice: GetParameters: 2389: enter
02-02 15:31:08.091  1695 12005 D AHAL: FM: fm_get_parameters: 232: enter
02-02 15:31:08.091  1695 12005 D AHAL: FM: fm_get_parameters: 239: exit
02-02 15:31:08.091  1695 12005 D AHAL: AudioDevice: GetParameters: 2502: exit: returns - 
02-02 15:31:08.091  2911  7505 W AS.PlaybackActivityMon: No piid assigned for invalid/internal port id 68
02-02 15:31:08.092  1899  2044 D AudioFlinger: Client defaulted notificationFrames to 2048 for frameCount 4096
02-02 15:31:08.094  1899  2534 D APM_AudioPolicyManager: startOutput() output 13, stream 10, session 47529
02-02 15:31:08.094  6895  6895 I ImeTracker: ro.startaxi.android.client:910959d1: onRequestHide at ORIGIN_CLIENT reason HIDE_SOFT_INPUT_ON_ANIMATION_STATE_CHANGED fromUser false
02-02 15:31:08.095  6895  6895 I ImeTracker: com.dalton.braillekeyboard:4a4277f9: onHidden
02-02 15:31:08.097  2911  3535 I ImeTracker: ro.startaxi.android.client:910959d1: onCancelled at PHASE_SERVER_SHOULD_HIDE
02-02 15:31:08.102  1847  1847 D vendor.qti.vibrator: QTI Vibrator off
02-02 15:31:08.102  1899  7725 D audioserver: logFgsApiBegin: FGS Logger Transaction failed, -129
02-02 15:31:08.102  1847  1847 D vendor.qti.vibrator: QTI Vibrator off
02-02 15:31:08.103  2911  7505 W AS.PlaybackActivityMon: No piid assigned for invalid/internal port id 5945
02-02 15:31:08.103  2911  3573 D RichTapVibratorService: aac richtap doVibratorStop
02-02 15:31:08.103  2911  3573 D RichTapVibratorService: richtap service stop!!
02-02 15:31:08.103  2911  7505 V PowerManager: userActivity when=13692888 event=3 flags=0 displayId=0 by (android) callers=com.android.server.accessibility.AbstractAccessibilityServiceConnection.performAccessibilityActionInternal:2306 com.android.server.accessibility.AbstractAccessibilityServiceConnection.performAccessibilityAction:1100 android.accessibilityservice.IAccessibilityServiceConnection$Stub.onTransact:652 
02-02 15:31:08.103  1899  3879 D AudioFlinger: getParameters() io 13, keys is_direct_pcm_track, calling pid 4356
02-02 15:31:08.103  1695  1695 D AHAL: AudioStream: astream_out_get_parameters: 1100: enter
02-02 15:31:08.103  1695  1695 D AHAL: AudioStream: astream_out_get_parameters: 1122: keys: is_direct_pcm_track
02-02 15:31:08.103  1695  1695 D AHAL: AudioStream: astream_out_get_parameters: 1159: exit: returns - is_direct_pcm_track=false
02-02 15:31:08.104  2911  7491 D RichTapVibratorService: none richtap effect, do nothing!!
02-02 15:31:08.104  2911  7491 D RichTapVibrationHelper: Not do stop!!
02-02 15:31:08.104  2911  7505 W BoostOptController: not supported hint: 118
02-02 15:31:08.105  4356 25049 D AudioTrack: setVolume: mRelativePercentage:1.000000, left:0.600000, right:0.600000
02-02 15:31:08.105  1899  2534 D APM_AudioPolicyManager: startOutput() output 13, stream 10, session 48617
02-02 15:31:08.105  1899  3879 D audioserver: logFgsApiBegin: FGS Logger Transaction failed, -129
02-02 15:31:08.105 21539 21539 W Finsky  : [2] STU: Failed to get storage stats for package 'com.motorola.motosecure' (1601: Error getting stats: android.content.pm.PackageManager.NameNotFoundException)
02-02 15:31:08.106  2911  3502 D RichTapVibratorService: aac richtap doVibratorOn
02-02 15:31:08.106  2911  7483 W AS.PlaybackActivityMon: No piid assigned for invalid/internal port id 6080
02-02 15:31:08.106  2911  3502 D RichTapVibratorService: aac richtap doVibratorSetAmplitude
02-02 15:31:08.107  4356 25447 D AudioTrack: setVolume: mRelativePercentage:1.000000, left:1.000000, right:1.000000
02-02 15:31:08.107  2911  7491 D RichTapVibratorService: aac richtap doVibratorStop
02-02 15:31:08.107  2911  7491 D RichTapVibratorService: richtap service stop!!
02-02 15:31:08.107  2911  4405 V PowerManager: userActivity when=13692891 event=3 flags=0 displayId=0 by (android) callers=com.android.server.accessibility.AbstractAccessibilityServiceConnection.performAccessibilityActionInternal:2306 com.android.server.accessibility.AbstractAccessibilityServiceConnection.performAccessibilityAction:1100 android.accessibilityservice.IAccessibilityServiceConnection$Stub.onTransact:652 
02-02 15:31:08.107  2911  4405 W BoostOptController: not supported hint: 118
02-02 15:31:08.107  1847  1847 D vendor.qti.hardware.vibrator.service: mot_actuator_start, mot_actuator_started=0, timeoutMs=16, LongVibratorTime=151
02-02 15:31:08.107  1847  1847 D vendor.qti.hardware.vibrator.service: mot_actuator_stop, timeout=16
02-02 15:31:08.108  1847  1847 D vendor.qti.vibrator: QTI Vibrator off
02-02 15:31:08.108  2911  7333 D RichTapVibratorService: none richtap effect, do nothing!!
02-02 15:31:08.108  1899  2534 D APM_AudioPolicyManager: startOutput() output 13, stream 10, session 48833
02-02 15:31:08.108  2911  7333 D RichTapVibrationHelper: Not do stop!!
02-02 15:31:08.109  1899  3879 D audioserver: logFgsApiBegin: FGS Logger Transaction failed, -129
02-02 15:31:08.109  1847  1847 D vendor.qti.vibrator: QTI Vibrator off
02-02 15:31:08.112 12232 12254 D Surface : Surface::disconnect
02-02 15:31:08.112 12232 12254 D BufferQueueProducer: [InputMethod#3424(BLAST Consumer)pid:12232](id:2fc800000011,api:1,p:12232,c:12232) disconnect: api 1
02-02 15:31:08.113  1899  2885 D AudioMixer: setParameter(RESAMPLE, SAMPLE_RATE, 22050, channelMask 0x1)
02-02 15:31:08.114  1899  3879 D APM_AudioPolicyManager: getOutputForAttrInt() attributes={ Content type: AUDIO_CONTENT_TYPE_MUSIC Usage: AUDIO_USAGE_ASSISTANCE_ACCESSIBILITY Source: AUDIO_SOURCE_DEFAULT Flags: 0x900 Tags:  } stream=AUDIO_STREAM_ACCESSIBILITY session 48841 selectedDeviceId 0
02-02 15:31:08.114  1899  3879 D AudioFlinger: getParameters() io 0, keys vr_audio_mode_on, calling pid 1899
02-02 15:31:08.115  1695 29057 D AHAL: AudioDevice: GetParameters: 2389: enter
02-02 15:31:08.115  1695 29057 D AHAL: FM: fm_get_parameters: 232: enter
02-02 15:31:08.115  1695 29057 D AHAL: FM: fm_get_parameters: 239: exit
02-02 15:31:08.115  1695 29057 D AHAL: AudioDevice: GetParameters: 2502: exit: returns - 
02-02 15:31:08.115  2911  3502 D RichTapVibratorService: aac richtap doVibratorOn
02-02 15:31:08.115  2911  3502 D RichTapVibratorService: aac richtap doVibratorSetAmplitude
02-02 15:31:08.115  1847  1847 D vendor.qti.hardware.vibrator.service: mot_actuator_start, mot_actuator_started=0, timeoutMs=16, LongVibratorTime=151
02-02 15:31:08.115  1847  1847 D vendor.qti.hardware.vibrator.service: mot_actuator_stop, timeout=16
02-02 15:31:08.115  1899  7725 W AidlConversionCppNdk: legacy2aidl_audio_channel_mask_t_AudioChannelLayout: no AudioChannelLayout found for legacy output audio_channel_mask_t value 0x10
02-02 15:31:08.117  4356  4720 W AidlConversionCppNdk: aidl2legacy_AudioChannelLayout_audio_channel_mask_t: no legacy output audio_channel_mask_t found for AudioChannelLayout{layoutMask: 16}
02-02 15:31:08.118  1899  3879 D AudioFlinger: AUDIO_OUTPUT_FLAG_FAST denied: sharedBuffer=0xb4000079831a55f0 frameCount=0 mFrameCount=192 format=0x1 mFormat=0x5 isLinear=1 channelMask=0x3 sampleRate=44100 mSampleRate=48000 hasFastMixer=1 tid=26164 fastTrackAvailMask=0xd4
02-02 15:31:08.120  1847  1847 D vendor.qti.vibrator: QTI Vibrator off
02-02 15:31:08.123  1847  1847 D vendor.qti.vibrator: QTI Vibrator off
02-02 15:31:08.124  1899  7725 D AudioFlinger: getParameters() io 13, keys is_direct_pcm_track, calling pid 4356
02-02 15:31:08.124  1695 12005 D AHAL: AudioStream: astream_out_get_parameters: 1100: enter
02-02 15:31:08.124  1695 12005 D AHAL: AudioStream: astream_out_get_parameters: 1122: keys: is_direct_pcm_track
02-02 15:31:08.125  1695 12005 D AHAL: AudioStream: astream_out_get_parameters: 1159: exit: returns - is_direct_pcm_track=false
02-02 15:31:08.128  6895  6895 D InsetsController: hide(ime(), fromIme=false)
02-02 15:31:08.128  6895  6895 I ImeTracker: ro.startaxi.android.client:64cd7657: onRequestHide at ORIGIN_CLIENT reason HIDE_SOFT_INPUT_BY_INSETS_API fromUser false
02-02 15:31:08.128  6895  6895 I ImeTracker: ro.startaxi.android.client:64cd7657: onCancelled at PHASE_CLIENT_APPLY_ANIMATION
02-02 15:31:08.130 21119 24489 I artd    : GetBestInfo: odex next to the dex file (/data/app/~~B8WQ8Ci7BJ5qmqJL1b3q9g==/com.google.android.apps.docs.editors.docs-6D59FCUEzWQtTNvvSgWzBA==/oat/arm64/base.odex) is kOatUpToDate with filter 'speed-profile' executable 'false'
02-02 15:31:08.134  4356  4356 W lua     : printStackTrace: setInputMode false
02-02 15:31:08.134  4356  4356 W lua     : printStackTrace: setTouchExplorationModeAux true
02-02 15:31:08.136  2911  4210 W MagnificationConnectionManager: requestConnection duplicated request: connect=false, mConnectionState=DISCONNECTED
02-02 15:31:08.137  4356 25049 D AudioTrack: setVolume: mRelativePercentage:1.000000, left:0.600000, right:0.600000
02-02 15:31:08.138  1899  2534 D APM_AudioPolicyManager: startOutput() output 13, stream 10, session 48841
02-02 15:31:08.138  4356  4356 V A11yInputMethod: restartInput(): editor=android.view.inputmethod.EditorInfo@6298cb3
02-02 15:31:08.138  4356  4356 V A11yInputMethod: CALL: doFinishInput
02-02 15:31:08.138  4356  4356 V A11yInputMethod: CALL: onFinishInput
02-02 15:31:08.138  1899  7725 D audioserver: logFgsApiBegin: FGS Logger Transaction failed, -129
02-02 15:31:08.140  2911  4210 W AS.PlaybackActivityMon: No piid assigned for invalid/internal port id 6108
02-02 15:31:08.140 21119 24489 I artd    : GetBestInfo: vdex next to the dex file (/data/app/~~lo69GMt2iwo1DUyKVAZEww==/com.fueneco.backcameraselfiepro-A2Uo-ZFYo_tJpXyhzlhOxA==/oat/arm64/base.vdex) is kOatUpToDate with filter 'verify' executable 'false'
02-02 15:31:08.141  1899  7725 D audioserver: logFgsApiEnd: FGS Logger Transaction failed, -129
02-02 15:31:08.145 24595 25061 D AccessibilitySourceService: enabled a11y services count 2
02-02 15:31:08.146 24595 25061 D AccessibilitySourceService: a11y source sending 1 issue to sc
02-02 15:31:08.147  2911  3573 D SafetySourceDataValidat: No cert check requested for package com.google.android.permissioncontroller
02-02 15:31:08.149  1899  2534 D APM_AudioPolicyManager: releaseOutput() 13
02-02 15:31:08.150  3983  3983 D TelephonyManager: requestModemActivityInfo: Sending result to app: ModemActivityInfo{ mTimestamp=330820578 mSleepTimeMs=324471756 mIdleTimeMs=546626 mActivityStatsTechSpecificInfo=[{mRat=UNKNOWN,mFrequencyRange=UNKNOWN,mTxTimeMs[]=[69416, 36981, 28905, 12047, 14678],mRxTimeMs=5607167}]}
02-02 15:31:08.153  1899  2885 D AudioMixer: setParameter(RESAMPLE, SAMPLE_RATE, 44100, channelMask 0x3)
02-02 15:31:08.153 21539 21539 W Finsky  : [2] STU: Failed to get storage stats for package 'com.android.apex.cts.shim' (1601: Error getting stats: android.content.pm.PackageManager.NameNotFoundException)
02-02 15:31:08.165 21119 24489 I artd    : GetBestInfo: odex next to the dex file (/data/app/~~UG_SA4R4I_JRaviUp7z2aQ==/pl.com.tt.seeingassistanthome.lite-j-eafSmJ3PpgzUO7e2yxQw==/oat/arm64/base.odex) is kOatUpToDate with filter 'speed-profile' executable 'false'
02-02 15:31:08.174 24209 24220 W .android.chrome: userfaultfd: MOVE ioctl seems unsupported: Connection timed out
02-02 15:31:08.185  2911  2950 W AccessibilityWindowsPopulator: The displayInfo of this displayId (1) called back from the surface fligner is null
02-02 15:31:08.187 21119 24489 I artd    : GetBestInfo: odex next to the dex file (/data/app/~~4eIYI1R5DowiTajS3HtqOw==/ee.mtakso.client-g2unlpIxiP6nRTrHLUETTg==/oat/arm64/base.odex) is kOatUpToDate with filter 'speed-profile' executable 'false'
02-02 15:31:08.194 21119 24489 I artd    : GetBestInfo: dm (/data/app/~~4eIYI1R5DowiTajS3HtqOw==/ee.mtakso.client-g2unlpIxiP6nRTrHLUETTg==/split_voip_ui.dm) is kOatUpToDate with filter 'verify' executable 'false'
02-02 15:31:08.217  1899  2534 D APM_AudioPolicyManager: stopOutput() output 13, stream 10, session 48617
02-02 15:31:08.217  1899  2885 D audioserver: logFgsApiEnd: FGS Logger Transaction failed, -129
02-02 15:31:08.230 21119 24489 I artd    : GetBestInfo: odex next to the dex file (/data/app/~~vf4WW-1gkiWiV4z3IKNRlw==/tuat.kr.sullivan-B6r9Vt66c4J5fQyxF98qpA==/oat/arm64/base.odex) is kOatUpToDate with filter 'speed-profile' executable 'false'
02-02 15:31:08.244  1899  2885 D audioserver: logFgsApiEnd: FGS Logger Transaction failed, -129
02-02 15:31:08.244 21119 24489 I artd    : GetBestInfo: odex next to the dex file (/data/app/~~glBDt9oR_BKWhUam7ImqiA==/com.techmania.allfileconverter-SV0CN1hwsQNp18o0tiE4QQ==/oat/arm64/base.odex) is kOatUpToDate with filter 'speed-profile' executable 'false'
02-02 15:31:08.245  1695 12005 V DlbVolumeListener: effectCommand
02-02 15:31:08.245  1695 12005 V DlbVolumeListener: effectCommand :: Command EFFECT_CMD_DISABLE
02-02 15:31:08.246  1695 12005 V DlbVolumeListener: release(handle=0xb400007d5375fbc0)
02-02 15:31:08.246  1899  2534 W audioserver: Binder 0xb400007923195160 destroyed after setInheritRt before being parceled.
02-02 15:31:08.246  1899  2534 W audioserver: Binder 0xb400007923195160 destroyed after setMinSchedulerPolicy before being parceled.
02-02 15:31:08.246  1899  2534 D APM_AudioPolicyManager: stopOutput() output 13, stream 1, session 409
02-02 15:31:08.254  1899  2885 D audioserver: logFgsApiEnd: FGS Logger Transaction failed, -129
02-02 15:31:08.254  1899  2534 D APM_AudioPolicyManager: stopOutput() output 13, stream 10, session 48841
02-02 15:31:08.258 21119 24489 I artd    : GetBestInfo: odex next to the dex file (/data/app/~~KLIbxfOyIuKq9XqknFjXaA==/com.openai.chatgpt-W3jkyAt5fHi1rMMlCJ7rag==/oat/arm64/base.odex) is kOatUpToDate with filter 'speed-profile' executable 'false'
02-02 15:31:08.258  1695  4118 D DlbDap2Process: process() called [688000] times with input format 0x22 and channel mask 0x3 (ProcessingMode=1), htEnable=0(0, 0, 0)
02-02 15:31:08.266 21119 24489 I artd    : GetBestInfo: odex next to the dex file (/data/app/~~3N5NLAiXFqjYQoXqehdkZA==/com.google.android.apps.docs-IDPdVV1-htfzlXdUhR54uw==/oat/arm64/base.odex) is kOatUpToDate with filter 'speed-profile' executable 'false'
02-02 15:31:08.275 21119 24489 I artd    : GetBestInfo: odex next to the dex file (/data/app/~~oH1cxymPLTFmV3KOhZPaSA==/com.vodafone.vtv.ro-jFLs-snoDsCWyWu9BZjYlA==/oat/arm64/base.odex) is kOatUpToDate with filter 'speed-profile' executable 'false'
02-02 15:31:08.286 21119 24489 I artd    : GetBestInfo: odex next to the dex file (/data/app/~~mq3srIrVFcBVb8R4W8TjcA==/com.alibaba.aliexpresshd-zBSRzY4L7RfP6r4C6RfB-Q==/oat/arm64/base.odex) is kOatUpToDate with filter 'speed-profile' executable 'false'
02-02 15:31:08.287 21119 24489 I artd    : GetBestInfo: dm (/data/app/~~mq3srIrVFcBVb8R4W8TjcA==/com.alibaba.aliexpresshd-zBSRzY4L7RfP6r4C6RfB-Q==/split_aeocr.dm) is kOatUpToDate with filter 'verify' executable 'false'
